Initializing cgroup subsys cpuset
Initializing cgroup subsys cpu
Linux version 2.6.32-431.el6.x86_64 (mockbuild@c6b8.bsys.dev.centos.org) (gcc version 4.4.7 20120313 (Red Hat 4.4.7-4) (GCC) ) #1 SMP Fri Nov 22 03:15:09 UTC 2013
Command line: ro root=UUID=32e06aa9-a0f2-4b1b-9607-19dccee2af47 rd_NO_LUKS rd_NO_LVM LANG=en_US.UTF-8 rd_NO_MD SYSFONT=latarcyrheb-sun16 crashkernel=auto  KEYBOARDTYPE=pc KEYTABLE=us rd_NO_DM rhgb quiet
KERNEL supported cpus:
  Intel GenuineIntel
  AMD AuthenticAMD
  Centaur CentaurHauls
Disabled fast string operations
BIOS-provided physical RAM map:
 BIOS-e820: 0000000000000000 - 000000000009f000 (usable)
 BIOS-e820: 000000000009f000 - 00000000000a0000 (reserved)
 BIOS-e820: 00000000000ca000 - 00000000000cc000 (reserved)
 BIOS-e820: 00000000000dc000 - 0000000000100000 (reserved)
 BIOS-e820: 0000000000100000 - 000000007fee0000 (usable)
 BIOS-e820: 000000007fee0000 - 000000007feff000 (ACPI data)
 BIOS-e820: 000000007feff000 - 000000007ff00000 (ACPI NVS)
 BIOS-e820: 000000007ff00000 - 0000000080000000 (usable)
 BIOS-e820: 00000000f0000000 - 00000000f8000000 (reserved)
 BIOS-e820: 00000000fec00000 - 00000000fec10000 (reserved)
 BIOS-e820: 00000000fee00000 - 00000000fee01000 (reserved)
 BIOS-e820: 00000000fffe0000 - 0000000100000000 (reserved)
DMI present.
SMBIOS version 2.4 @ 0xF6B30
DMI: VMware, Inc. VMware Virtual Platform/440BX Desktop Reference Platform, BIOS 6.00 07/31/2013
Phoenix BIOS detected: BIOS may corrupt low RAM, working around it.
e820 update range: 0000000000000000 - 0000000000010000 (usable) ==> (reserved)
Hypervisor detected: VMware
e820 update range: 0000000000000000 - 0000000000001000 (usable) ==> (reserved)
e820 remove range: 00000000000a0000 - 0000000000100000 (usable)
last_pfn = 0x80000 max_arch_pfn = 0x400000000
MTRR default type: uncachable
MTRR fixed ranges enabled:
  00000-9FFFF write-back
  A0000-BFFFF uncachable
  C0000-CBFFF write-protect
  CC000-EFFFF uncachable
  F0000-FFFFF write-protect
MTRR variable ranges enabled:
  0 base 0000000000 mask FF80000000 write-back
  1 disabled
  2 disabled
  3 disabled
  4 disabled
  5 disabled
  6 disabled
  7 disabled
x86 PAT enabled: cpu 0, old 0x0, new 0x7010600070106
initial memory mapped : 0 - 20000000
Using GB pages for direct mapping
init_memory_mapping: 0000000000000000-0000000080000000
 0000000000 - 0080000000 page 1G
kernel direct mapping tables up to 80000000 @ 10000-11000
RAMDISK: 36f95000 - 37fef34d
ACPI: RSDP 00000000000f6b80 00024 (v02 PTLTD )
ACPI: XSDT 000000007feeda33 0005C (v01 INTEL  440BX    06040000 VMW  01324272)
ACPI: FACP 000000007fefee73 000F4 (v04 INTEL  440BX    06040000 PTL  000F4240)
ACPI: DSDT 000000007feee8eb 10588 (v01 PTLTD  Custom   06040000 MSFT 03000001)
ACPI: FACS 000000007fefffc0 00040
ACPI: BOOT 000000007feee8c3 00028 (v01 PTLTD  $SBFTBL$ 06040000  LTP 00000001)
ACPI: APIC 000000007feee501 003C2 (v01 PTLTD  ? APIC   06040000  LTP 00000000)
ACPI: MCFG 000000007feee4c5 0003C (v01 PTLTD  $PCITBL$ 06040000  LTP 00000001)
ACPI: SRAT 000000007feedb2f 004D0 (v02 VMWARE MEMPLUG  06040000 VMW  00000001)
ACPI: HPET 000000007feedaf7 00038 (v01 VMWARE VMW HPET 06040000 VMW  00000001)
ACPI: WAET 000000007feedacf 00028 (v01 VMWARE VMW WAET 06040000 VMW  00000001)
ACPI: Local APIC address 0xfee00000
system APIC only can use physical flat
Setting APIC routing to physical flat.
SRAT: PXM 0 -> APIC 0 -> Node 0
SRAT: PXM 0 -> APIC 2 -> Node 0
SRAT: PXM 0 -> APIC 4 -> Node 0
SRAT: PXM 0 -> APIC 6 -> Node 0
SRAT: PXM 0 -> APIC 8 -> Node 0
SRAT: PXM 0 -> APIC 10 -> Node 0
SRAT: PXM 0 -> APIC 12 -> Node 0
SRAT: PXM 0 -> APIC 14 -> Node 0
SRAT: PXM 0 -> APIC 16 -> Node 0
SRAT: PXM 0 -> APIC 18 -> Node 0
SRAT: PXM 0 -> APIC 20 -> Node 0
SRAT: PXM 0 -> APIC 22 -> Node 0
SRAT: PXM 0 -> APIC 24 -> Node 0
SRAT: PXM 0 -> APIC 26 -> Node 0
SRAT: PXM 0 -> APIC 28 -> Node 0
SRAT: PXM 0 -> APIC 30 -> Node 0
SRAT: PXM 0 -> APIC 32 -> Node 0
SRAT: PXM 0 -> APIC 34 -> Node 0
SRAT: PXM 0 -> APIC 36 -> Node 0
SRAT: PXM 0 -> APIC 38 -> Node 0
SRAT: PXM 0 -> APIC 40 -> Node 0
SRAT: PXM 0 -> APIC 42 -> Node 0
SRAT: PXM 0 -> APIC 44 -> Node 0
SRAT: PXM 0 -> APIC 46 -> Node 0
SRAT: PXM 0 -> APIC 48 -> Node 0
SRAT: PXM 0 -> APIC 50 -> Node 0
SRAT: PXM 0 -> APIC 52 -> Node 0
SRAT: PXM 0 -> APIC 54 -> Node 0
SRAT: PXM 0 -> APIC 56 -> Node 0
SRAT: PXM 0 -> APIC 58 -> Node 0
SRAT: PXM 0 -> APIC 60 -> Node 0
SRAT: PXM 0 -> APIC 62 -> Node 0
SRAT: PXM 0 -> APIC 64 -> Node 0
SRAT: PXM 0 -> APIC 66 -> Node 0
SRAT: PXM 0 -> APIC 68 -> Node 0
SRAT: PXM 0 -> APIC 70 -> Node 0
SRAT: PXM 0 -> APIC 72 -> Node 0
SRAT: PXM 0 -> APIC 74 -> Node 0
SRAT: PXM 0 -> APIC 76 -> Node 0
SRAT: PXM 0 -> APIC 78 -> Node 0
SRAT: PXM 0 -> APIC 80 -> Node 0
SRAT: PXM 0 -> APIC 82 -> Node 0
SRAT: PXM 0 -> APIC 84 -> Node 0
SRAT: PXM 0 -> APIC 86 -> Node 0
SRAT: PXM 0 -> APIC 88 -> Node 0
SRAT: PXM 0 -> APIC 90 -> Node 0
SRAT: PXM 0 -> APIC 92 -> Node 0
SRAT: PXM 0 -> APIC 94 -> Node 0
SRAT: PXM 0 -> APIC 96 -> Node 0
SRAT: PXM 0 -> APIC 98 -> Node 0
SRAT: PXM 0 -> APIC 100 -> Node 0
SRAT: PXM 0 -> APIC 102 -> Node 0
SRAT: PXM 0 -> APIC 104 -> Node 0
SRAT: PXM 0 -> APIC 106 -> Node 0
SRAT: PXM 0 -> APIC 108 -> Node 0
SRAT: PXM 0 -> APIC 110 -> Node 0
SRAT: PXM 0 -> APIC 112 -> Node 0
SRAT: PXM 0 -> APIC 114 -> Node 0
SRAT: PXM 0 -> APIC 116 -> Node 0
SRAT: PXM 0 -> APIC 118 -> Node 0
SRAT: PXM 0 -> APIC 120 -> Node 0
SRAT: PXM 0 -> APIC 122 -> Node 0
SRAT: PXM 0 -> APIC 124 -> Node 0
SRAT: PXM 0 -> APIC 126 -> Node 0
SRAT: Node 0 PXM 0 0-a0000
SRAT: Node 0 PXM 0 100000-10000000
SRAT: Node 0 PXM 0 10000000-80000000
SRAT: Node 0 PXM 0 80000000-c0000000
SRAT: hot plug zone found 80000000 - c0000000
NUMA: Allocated memnodemap from 10000 - 11840
NUMA: Using 20 for the hash shift.
Bootmem setup node 0 0000000000000000-0000000080000000
  NODE_DATA [0000000000011840 - 000000000004583f]
  bootmap [0000000000046000 -  0000000000055fff] pages 10
(7 early reservations) ==> bootmem [0000000000 - 0080000000]
  #0 [0000000000 - 0000001000]   BIOS data page ==> [0000000000 - 0000001000]
  #1 [0000006000 - 0000008000]       TRAMPOLINE ==> [0000006000 - 0000008000]
  #2 [0001000000 - 000201faa4]    TEXT DATA BSS ==> [0001000000 - 000201faa4]
  #3 [0036f95000 - 0037fef34d]          RAMDISK ==> [0036f95000 - 0037fef34d]
  #4 [000009f000 - 0000100000]    BIOS reserved ==> [000009f000 - 0000100000]
  #5 [0002020000 - 00020201f0]              BRK ==> [0002020000 - 00020201f0]
  #6 [0000010000 - 0000011840]       MEMNODEMAP ==> [0000010000 - 0000011840]
found SMP MP-table at [ffff8800000f6bf0] f6bf0
Reserving 129MB of memory at 48MB for crashkernel (System RAM: 2048MB)
 [ffffea0000000000-ffffea00009fffff] PMD -> [ffff880002600000-ffff880002ffffff] on node 0
 [ffffea0000a00000-ffffea0001bfffff] PMD -> [ffff88000b200000-ffff88000c3fffff] on node 0
Zone PFN ranges:
  DMA      0x00000010 -> 0x00001000
  DMA32    0x00001000 -> 0x00100000
  Normal   0x00100000 -> 0x00100000
Movable zone start PFN for each node
early_node_map[3] active PFN ranges
    0: 0x00000010 -> 0x0000009f
    0: 0x00000100 -> 0x0007fee0
    0: 0x0007ff00 -> 0x00080000
On node 0 totalpages: 524143
  DMA zone: 56 pages used for memmap
  DMA zone: 101 pages reserved
  DMA zone: 3826 pages, LIFO batch:0
  DMA32 zone: 7112 pages used for memmap
  DMA32 zone: 513048 pages, LIFO batch:31
ACPI: PM-Timer IO Port: 0x1008
ACPI: Local APIC address 0xfee00000
system APIC only can use physical flat
Setting APIC routing to physical flat.
ACPI: LAPIC (acpi_id[0x00] lapic_id[0x00] enabled)
ACPI: LAPIC (acpi_id[0x01] lapic_id[0x02] disabled)
ACPI: LAPIC (acpi_id[0x02] lapic_id[0x04] disabled)
ACPI: LAPIC (acpi_id[0x03] lapic_id[0x06] disabled)
ACPI: LAPIC (acpi_id[0x04] lapic_id[0x08] disabled)
ACPI: LAPIC (acpi_id[0x05] lapic_id[0x0a] disabled)
ACPI: LAPIC (acpi_id[0x06] lapic_id[0x0c] disabled)
ACPI: LAPIC (acpi_id[0x07] lapic_id[0x0e] disabled)
ACPI: LAPIC (acpi_id[0x08] lapic_id[0x10] disabled)
ACPI: LAPIC (acpi_id[0x09] lapic_id[0x12] disabled)
ACPI: LAPIC (acpi_id[0x0a] lapic_id[0x14] disabled)
ACPI: LAPIC (acpi_id[0x0b] lapic_id[0x16] disabled)
ACPI: LAPIC (acpi_id[0x0c] lapic_id[0x18] disabled)
ACPI: LAPIC (acpi_id[0x0d] lapic_id[0x1a] disabled)
ACPI: LAPIC (acpi_id[0x0e] lapic_id[0x1c] disabled)
ACPI: LAPIC (acpi_id[0x0f] lapic_id[0x1e] disabled)
ACPI: LAPIC (acpi_id[0x10] lapic_id[0x20] disabled)
ACPI: LAPIC (acpi_id[0x11] lapic_id[0x22] disabled)
ACPI: LAPIC (acpi_id[0x12] lapic_id[0x24] disabled)
ACPI: LAPIC (acpi_id[0x13] lapic_id[0x26] disabled)
ACPI: LAPIC (acpi_id[0x14] lapic_id[0x28] disabled)
ACPI: LAPIC (acpi_id[0x15] lapic_id[0x2a] disabled)
ACPI: LAPIC (acpi_id[0x16] lapic_id[0x2c] disabled)
ACPI: LAPIC (acpi_id[0x17] lapic_id[0x2e] disabled)
ACPI: LAPIC (acpi_id[0x18] lapic_id[0x30] disabled)
ACPI: LAPIC (acpi_id[0x19] lapic_id[0x32] disabled)
ACPI: LAPIC (acpi_id[0x1a] lapic_id[0x34] disabled)
ACPI: LAPIC (acpi_id[0x1b] lapic_id[0x36] disabled)
ACPI: LAPIC (acpi_id[0x1c] lapic_id[0x38] disabled)
ACPI: LAPIC (acpi_id[0x1d] lapic_id[0x3a] disabled)
ACPI: LAPIC (acpi_id[0x1e] lapic_id[0x3c] disabled)
ACPI: LAPIC (acpi_id[0x1f] lapic_id[0x3e] disabled)
ACPI: LAPIC (acpi_id[0x20] lapic_id[0x40] disabled)
ACPI: LAPIC (acpi_id[0x21] lapic_id[0x42] disabled)
ACPI: LAPIC (acpi_id[0x22] lapic_id[0x44] disabled)
ACPI: LAPIC (acpi_id[0x23] lapic_id[0x46] disabled)
ACPI: LAPIC (acpi_id[0x24] lapic_id[0x48] disabled)
ACPI: LAPIC (acpi_id[0x25] lapic_id[0x4a] disabled)
ACPI: LAPIC (acpi_id[0x26] lapic_id[0x4c] disabled)
ACPI: LAPIC (acpi_id[0x27] lapic_id[0x4e] disabled)
ACPI: LAPIC (acpi_id[0x28] lapic_id[0x50] disabled)
ACPI: LAPIC (acpi_id[0x29] lapic_id[0x52] disabled)
ACPI: LAPIC (acpi_id[0x2a] lapic_id[0x54] disabled)
ACPI: LAPIC (acpi_id[0x2b] lapic_id[0x56] disabled)
ACPI: LAPIC (acpi_id[0x2c] lapic_id[0x58] disabled)
ACPI: LAPIC (acpi_id[0x2d] lapic_id[0x5a] disabled)
ACPI: LAPIC (acpi_id[0x2e] lapic_id[0x5c] disabled)
ACPI: LAPIC (acpi_id[0x2f] lapic_id[0x5e] disabled)
ACPI: LAPIC (acpi_id[0x30] lapic_id[0x60] disabled)
ACPI: LAPIC (acpi_id[0x31] lapic_id[0x62] disabled)
ACPI: LAPIC (acpi_id[0x32] lapic_id[0x64] disabled)
ACPI: LAPIC (acpi_id[0x33] lapic_id[0x66] disabled)
ACPI: LAPIC (acpi_id[0x34] lapic_id[0x68] disabled)
ACPI: LAPIC (acpi_id[0x35] lapic_id[0x6a] disabled)
ACPI: LAPIC (acpi_id[0x36] lapic_id[0x6c] disabled)
ACPI: LAPIC (acpi_id[0x37] lapic_id[0x6e] disabled)
ACPI: LAPIC (acpi_id[0x38] lapic_id[0x70] disabled)
ACPI: LAPIC (acpi_id[0x39] lapic_id[0x72] disabled)
ACPI: LAPIC (acpi_id[0x3a] lapic_id[0x74] disabled)
ACPI: LAPIC (acpi_id[0x3b] lapic_id[0x76] disabled)
ACPI: LAPIC (acpi_id[0x3c] lapic_id[0x78] disabled)
ACPI: LAPIC (acpi_id[0x3d] lapic_id[0x7a] disabled)
ACPI: LAPIC (acpi_id[0x3e] lapic_id[0x7c] disabled)
ACPI: LAPIC (acpi_id[0x3f] lapic_id[0x7e] disabled)
ACPI: LAPIC_NMI (acpi_id[0x00] high edge lint[0x1])
ACPI: LAPIC_NMI (acpi_id[0x01] high edge lint[0x1])
ACPI: LAPIC_NMI (acpi_id[0x02] high edge lint[0x1])
ACPI: LAPIC_NMI (acpi_id[0x03] high edge lint[0x1])
ACPI: LAPIC_NMI (acpi_id[0x04] high edge lint[0x1])
ACPI: LAPIC_NMI (acpi_id[0x05] high edge lint[0x1])
ACPI: LAPIC_NMI (acpi_id[0x06] high edge lint[0x1])
ACPI: LAPIC_NMI (acpi_id[0x07] high edge lint[0x1])
ACPI: LAPIC_NMI (acpi_id[0x08] high edge lint[0x1])
ACPI: LAPIC_NMI (acpi_id[0x09] high edge lint[0x1])
ACPI: LAPIC_NMI (acpi_id[0x0a] high edge lint[0x1])
ACPI: LAPIC_NMI (acpi_id[0x0b] high edge lint[0x1])
ACPI: LAPIC_NMI (acpi_id[0x0c] high edge lint[0x1])
ACPI: LAPIC_NMI (acpi_id[0x0d] high edge lint[0x1])
ACPI: LAPIC_NMI (acpi_id[0x0e] high edge lint[0x1])
ACPI: LAPIC_NMI (acpi_id[0x0f] high edge lint[0x1])
ACPI: LAPIC_NMI (acpi_id[0x10] high edge lint[0x1])
ACPI: LAPIC_NMI (acpi_id[0x11] high edge lint[0x1])
ACPI: LAPIC_NMI (acpi_id[0x12] high edge lint[0x1])
ACPI: LAPIC_NMI (acpi_id[0x13] high edge lint[0x1])
ACPI: LAPIC_NMI (acpi_id[0x14] high edge lint[0x1])
ACPI: LAPIC_NMI (acpi_id[0x15] high edge lint[0x1])
ACPI: LAPIC_NMI (acpi_id[0x16] high edge lint[0x1])
ACPI: LAPIC_NMI (acpi_id[0x17] high edge lint[0x1])
ACPI: LAPIC_NMI (acpi_id[0x18] high edge lint[0x1])
ACPI: LAPIC_NMI (acpi_id[0x19] high edge lint[0x1])
ACPI: LAPIC_NMI (acpi_id[0x1a] high edge lint[0x1])
ACPI: LAPIC_NMI (acpi_id[0x1b] high edge lint[0x1])
ACPI: LAPIC_NMI (acpi_id[0x1c] high edge lint[0x1])
ACPI: LAPIC_NMI (acpi_id[0x1d] high edge lint[0x1])
ACPI: LAPIC_NMI (acpi_id[0x1e] high edge lint[0x1])
ACPI: LAPIC_NMI (acpi_id[0x1f] high edge lint[0x1])
ACPI: LAPIC_NMI (acpi_id[0x20] high edge lint[0x1])
ACPI: LAPIC_NMI (acpi_id[0x21] high edge lint[0x1])
ACPI: LAPIC_NMI (acpi_id[0x22] high edge lint[0x1])
ACPI: LAPIC_NMI (acpi_id[0x23] high edge lint[0x1])
ACPI: LAPIC_NMI (acpi_id[0x24] high edge lint[0x1])
ACPI: LAPIC_NMI (acpi_id[0x25] high edge lint[0x1])
ACPI: LAPIC_NMI (acpi_id[0x26] high edge lint[0x1])
ACPI: LAPIC_NMI (acpi_id[0x27] high edge lint[0x1])
ACPI: LAPIC_NMI (acpi_id[0x28] high edge lint[0x1])
ACPI: LAPIC_NMI (acpi_id[0x29] high edge lint[0x1])
ACPI: LAPIC_NMI (acpi_id[0x2a] high edge lint[0x1])
ACPI: LAPIC_NMI (acpi_id[0x2b] high edge lint[0x1])
ACPI: LAPIC_NMI (acpi_id[0x2c] high edge lint[0x1])
ACPI: LAPIC_NMI (acpi_id[0x2d] high edge lint[0x1])
ACPI: LAPIC_NMI (acpi_id[0x2e] high edge lint[0x1])
ACPI: LAPIC_NMI (acpi_id[0x2f] high edge lint[0x1])
ACPI: LAPIC_NMI (acpi_id[0x30] high edge lint[0x1])
ACPI: LAPIC_NMI (acpi_id[0x31] high edge lint[0x1])
ACPI: LAPIC_NMI (acpi_id[0x32] high edge lint[0x1])
ACPI: LAPIC_NMI (acpi_id[0x33] high edge lint[0x1])
ACPI: LAPIC_NMI (acpi_id[0x34] high edge lint[0x1])
ACPI: LAPIC_NMI (acpi_id[0x35] high edge lint[0x1])
ACPI: LAPIC_NMI (acpi_id[0x36] high edge lint[0x1])
ACPI: LAPIC_NMI (acpi_id[0x37] high edge lint[0x1])
ACPI: LAPIC_NMI (acpi_id[0x38] high edge lint[0x1])
ACPI: LAPIC_NMI (acpi_id[0x39] high edge lint[0x1])
ACPI: LAPIC_NMI (acpi_id[0x3a] high edge lint[0x1])
ACPI: LAPIC_NMI (acpi_id[0x3b] high edge lint[0x1])
ACPI: LAPIC_NMI (acpi_id[0x3c] high edge lint[0x1])
ACPI: LAPIC_NMI (acpi_id[0x3d] high edge lint[0x1])
ACPI: LAPIC_NMI (acpi_id[0x3e] high edge lint[0x1])
ACPI: LAPIC_NMI (acpi_id[0x3f] high edge lint[0x1])
ACPI: IOAPIC (id[0x01] address[0xfec00000] gsi_base[0])
IOAPIC[0]: apic_id 1, version 17, address 0xfec00000, GSI 0-23
ACPI: INT_SRC_OVR (bus 0 bus_irq 0 global_irq 2 high edge)
ACPI: IRQ0 used by override.
ACPI: IRQ2 used by override.
ACPI: IRQ9 used by override.
Using ACPI (MADT) for SMP configuration information
ACPI: HPET id: 0x8086af01 base: 0xfed00000
SMP: Allowing 64 CPUs, 63 hotplug CPUs
nr_irqs_gsi: 24
PM: Registered nosave memory: 000000000009f000 - 00000000000a0000
PM: Registered nosave memory: 00000000000a0000 - 00000000000ca000
PM: Registered nosave memory: 00000000000ca000 - 00000000000cc000
PM: Registered nosave memory: 00000000000cc000 - 00000000000dc000
PM: Registered nosave memory: 00000000000dc000 - 0000000000100000
PM: Registered nosave memory: 000000007fee0000 - 000000007feff000
PM: Registered nosave memory: 000000007feff000 - 000000007ff00000
Allocating PCI resources starting at 80000000 (gap: 80000000:70000000)
Booting paravirtualized kernel on bare hardware
Detected CPU family 6 model 61
UNSUPPORTED HARDWARE DEVICE: Intel CPU model
------------[ cut here ]------------
WARNING: at kernel/rh_taint.c:13 mark_hardware_unsupported+0x39/0x40() (Not tainted)
Hardware name: VMware Virtual Platform
Your hardware is unsupported.  Please do not report bugs, panics, oopses, etc., on this hardware.
Modules linked in:
Pid: 0, comm: swapper Not tainted 2.6.32-431.el6.x86_64 #1
Call Trace:
 [<ffffffff81071e27>] ? warn_slowpath_common+0x87/0xc0
 [<ffffffff81071ebf>] ? warn_slowpath_fmt_taint+0x3f/0x50
 [<ffffffff810a4109>] ? mark_hardware_unsupported+0x39/0x40
 [<ffffffff81c2ca7c>] ? setup_arch+0xb67/0xb8a
 [<ffffffff81527303>] ? printk+0x41/0x46
 [<ffffffff81c26c47>] ? start_kernel+0xdc/0x430
 [<ffffffff81c2633a>] ? x86_64_start_reservations+0x125/0x129
 [<ffffffff81c26453>] ? x86_64_start_kernel+0x115/0x124
---[ end trace a7919e7f17c0a725 ]---
NR_CPUS:4096 nr_cpumask_bits:64 nr_cpu_ids:64 nr_node_ids:1
PERCPU: Embedded 31 pages/cpu @ffff88000c400000 s94872 r8192 d23912 u131072
pcpu-alloc: s94872 r8192 d23912 u131072 alloc=1*2097152
pcpu-alloc: [0] 00 01 02 03 04 05 06 07 08 09 10 11 12 13 14 15 
pcpu-alloc: [0] 16 17 18 19 20 21 22 23 24 25 26 27 28 29 30 31 
pcpu-alloc: [0] 32 33 34 35 36 37 38 39 40 41 42 43 44 45 46 47 
pcpu-alloc: [0] 48 49 50 51 52 53 54 55 56 57 58 59 60 61 62 63 
Built 1 zonelists in Node order, mobility grouping on.  Total pages: 516874
Policy zone: DMA32
Kernel command line: ro root=UUID=32e06aa9-a0f2-4b1b-9607-19dccee2af47 rd_NO_LUKS rd_NO_LVM LANG=en_US.UTF-8 rd_NO_MD SYSFONT=latarcyrheb-sun16 crashkernel=129M@0M  KEYBOARDTYPE=pc KEYTABLE=us rd_NO_DM rhgb quiet
PID hash table entries: 4096 (order: 3, 32768 bytes)
xsave/xrstor: enabled xstate_bv 0x7, cntxt size 0x340
Checking aperture...
No AGP bridge found
Memory: 1894084k/2097152k available (5325k kernel code, 580k absent, 202488k reserved, 7013k data, 1276k init)
Hierarchical RCU implementation.
NR_IRQS:33024 nr_irqs:920
Extended CMOS year: 2000
Console: colour VGA+ 80x25
console [tty0] enabled
allocated 8388608 bytes of page_cgroup
please try 'cgroup_disable=memory' option if you don't want memory cgroups
hpet clockevent registered
TSC freq read from hypervisor : 2194.922 MHz
Detected 2194.922 MHz processor.
Calibrating delay loop (skipped) preset value.. 4389.84 BogoMIPS (lpj=2194922)
pid_max: default: 65536 minimum: 512
Security Framework initialized
SELinux:  Initializing.
SELinux:  Starting in permissive mode
Dentry cache hash table entries: 262144 (order: 9, 2097152 bytes)
Inode-cache hash table entries: 131072 (order: 8, 1048576 bytes)
Mount-cache hash table entries: 256
Initializing cgroup subsys ns
Initializing cgroup subsys cpuacct
Initializing cgroup subsys memory
Initializing cgroup subsys devices
Initializing cgroup subsys freezer
Initializing cgroup subsys net_cls
Initializing cgroup subsys blkio
Initializing cgroup subsys perf_event
Initializing cgroup subsys net_prio
Disabled fast string operations
CPU: Physical Processor ID: 0
mce: CPU supports 0 MCE banks
alternatives: switching to unfair spinlock
SMP alternatives: switching to UP code
ACPI: Core revision 20090903
ftrace: converting mcount calls to 0f 1f 44 00 00
ftrace: allocating 21769 entries in 86 pages
x2apic not enabled, IRQ remapping init failed
APIC routing finalized to physical flat.
..TIMER: vector=0x30 apic1=0 pin1=2 apic2=-1 pin2=-1
CPU0: Intel(R) Core(TM) i5-5200U CPU @ 2.20GHz stepping 04
Performance Events: generic architected perfmon v1, core PMU driver.
CPUID marked event: 'cpu cycles' unavailable
CPUID marked event: 'instructions' unavailable
CPUID marked event: 'bus cycles' unavailable
CPUID marked event: 'cache references' unavailable
CPUID marked event: 'cache misses' unavailable
CPUID marked event: 'branch instructions' unavailable
CPUID marked event: 'branch misses' unavailable
... version:                1
... bit width:              48
... generic registers:      4
... value mask:             0000ffffffffffff
... max period:             000000007fffffff
... fixed-purpose events:   0
... event mask:             000000000000000f
NMI watchdog disabled (cpu0): hardware events not enabled
Brought up 1 CPUs
Total of 1 processors activated (4389.84 BogoMIPS).
x86 PAT enabled: cpu 0, old 0x0, new 0x7010600070106
sizeof(vma)=200 bytes
sizeof(page)=56 bytes
sizeof(inode)=592 bytes
sizeof(dentry)=192 bytes
sizeof(ext3inode)=800 bytes
sizeof(buffer_head)=104 bytes
sizeof(skbuff)=232 bytes
sizeof(task_struct)=2648 bytes
devtmpfs: initialized
PM: Registering ACPI NVS region at 7feff000 (4096 bytes)
regulator: core version 0.5
NET: Registered protocol family 16
ACPI: bus type pci registered
PCI: MCFG configuration 0: base f0000000 segment 0 buses 0 - 127
PCI: MCFG area at f0000000 reserved in E820
PCI: Using MMCONFIG at f0000000 - f7ffffff
PCI: Using configuration type 1 for base access
bio: create slab <bio-0> at 0
ACPI: EC: Look up EC in DSDT
ACPI: BIOS _OSI(Linux) query ignored
ACPI: Interpreter enabled
ACPI: (supports S0 S1 S4 S5)
ACPI: Using IOAPIC for interrupt routing
ACPI: No dock devices found.
PCI: Using host bridge windows from ACPI; if necessary, use "pci=nocrs" and report a bug
ACPI: PCI Root Bridge [PCI0] (domain 0000 [bus 00-7f])
pci_root PNP0A03:00: host bridge window [mem 0x000a0000-0x000bffff]
pci_root PNP0A03:00: host bridge window [mem 0x000cc000-0x000cffff]
pci_root PNP0A03:00: host bridge window [mem 0x000d0000-0x000d3fff]
pci_root PNP0A03:00: host bridge window [mem 0x000d4000-0x000d7fff]
pci_root PNP0A03:00: host bridge window [mem 0x000d8000-0x000dbfff]
pci_root PNP0A03:00: host bridge window [mem 0xc0000000-0xfebfffff]
pci_root PNP0A03:00: host bridge window [io  0x0000-0x0cf7]
pci_root PNP0A03:00: host bridge window [io  0x0d00-0xfeff]
PCI host bridge to bus 0000:00
pci_bus 0000:00: root bus resource [mem 0x000a0000-0x000bffff]
pci_bus 0000:00: root bus resource [mem 0x000cc000-0x000cffff]
pci_bus 0000:00: root bus resource [mem 0x000d0000-0x000d3fff]
pci_bus 0000:00: root bus resource [mem 0x000d4000-0x000d7fff]
pci_bus 0000:00: root bus resource [mem 0x000d8000-0x000dbfff]
pci_bus 0000:00: root bus resource [mem 0xc0000000-0xfebfffff]
pci_bus 0000:00: root bus resource [io  0x0000-0x0cf7]
pci_bus 0000:00: root bus resource [io  0x0d00-0xfeff]
pci 0000:00:07.1: reg 20: [io  0x1060-0x106f]
pci 0000:00:07.3: quirk: [io  0x1000-0x103f] claimed by PIIX4 ACPI
pci 0000:00:07.3: quirk: [io  0x1040-0x104f] claimed by PIIX4 SMB
pci 0000:00:07.7: reg 10: [io  0x1080-0x10bf]
pci 0000:00:07.7: reg 14: [mem 0xfebfe000-0xfebfffff 64bit]
pci 0000:00:0f.0: reg 10: [io  0x1070-0x107f]
pci 0000:00:0f.0: reg 14: [mem 0xe8000000-0xefffffff pref]
pci 0000:00:0f.0: reg 18: [mem 0xfe000000-0xfe7fffff]
pci 0000:00:0f.0: reg 30: [mem 0x00000000-0x00007fff pref]
pci 0000:00:10.0: reg 10: [io  0x1400-0x14ff]
pci 0000:00:10.0: reg 14: [mem 0xfeba0000-0xfebbffff 64bit]
pci 0000:00:10.0: reg 1c: [mem 0xfebc0000-0xfebdffff 64bit]
pci 0000:00:10.0: reg 30: [mem 0x00000000-0x00003fff pref]
pci 0000:00:15.0: PME# supported from D0 D3hot D3cold
pci 0000:00:15.0: PME# disabled
pci 0000:00:15.1: PME# supported from D0 D3hot D3cold
pci 0000:00:15.1: PME# disabled
pci 0000:00:15.2: PME# supported from D0 D3hot D3cold
pci 0000:00:15.2: PME# disabled
pci 0000:00:15.3: PME# supported from D0 D3hot D3cold
pci 0000:00:15.3: PME# disabled
pci 0000:00:15.4: PME# supported from D0 D3hot D3cold
pci 0000:00:15.4: PME# disabled
pci 0000:00:15.5: PME# supported from D0 D3hot D3cold
pci 0000:00:15.5: PME# disabled
pci 0000:00:15.6: PME# supported from D0 D3hot D3cold
pci 0000:00:15.6: PME# disabled
pci 0000:00:15.7: PME# supported from D0 D3hot D3cold
pci 0000:00:15.7: PME# disabled
pci 0000:00:16.0: PME# supported from D0 D3hot D3cold
pci 0000:00:16.0: PME# disabled
pci 0000:00:16.1: PME# supported from D0 D3hot D3cold
pci 0000:00:16.1: PME# disabled
pci 0000:00:16.2: PME# supported from D0 D3hot D3cold
pci 0000:00:16.2: PME# disabled
pci 0000:00:16.3: PME# supported from D0 D3hot D3cold
pci 0000:00:16.3: PME# disabled
pci 0000:00:16.4: PME# supported from D0 D3hot D3cold
pci 0000:00:16.4: PME# disabled
pci 0000:00:16.5: PME# supported from D0 D3hot D3cold
pci 0000:00:16.5: PME# disabled
pci 0000:00:16.6: PME# supported from D0 D3hot D3cold
pci 0000:00:16.6: PME# disabled
pci 0000:00:16.7: PME# supported from D0 D3hot D3cold
pci 0000:00:16.7: PME# disabled
pci 0000:00:17.0: PME# supported from D0 D3hot D3cold
pci 0000:00:17.0: PME# disabled
pci 0000:00:17.1: PME# supported from D0 D3hot D3cold
pci 0000:00:17.1: PME# disabled
pci 0000:00:17.2: PME# supported from D0 D3hot D3cold
pci 0000:00:17.2: PME# disabled
pci 0000:00:17.3: PME# supported from D0 D3hot D3cold
pci 0000:00:17.3: PME# disabled
pci 0000:00:17.4: PME# supported from D0 D3hot D3cold
pci 0000:00:17.4: PME# disabled
pci 0000:00:17.5: PME# supported from D0 D3hot D3cold
pci 0000:00:17.5: PME# disabled
pci 0000:00:17.6: PME# supported from D0 D3hot D3cold
pci 0000:00:17.6: PME# disabled
pci 0000:00:17.7: PME# supported from D0 D3hot D3cold
pci 0000:00:17.7: PME# disabled
pci 0000:00:18.0: PME# supported from D0 D3hot D3cold
pci 0000:00:18.0: PME# disabled
pci 0000:00:18.1: PME# supported from D0 D3hot D3cold
pci 0000:00:18.1: PME# disabled
pci 0000:00:18.2: PME# supported from D0 D3hot D3cold
pci 0000:00:18.2: PME# disabled
pci 0000:00:18.3: PME# supported from D0 D3hot D3cold
pci 0000:00:18.3: PME# disabled
pci 0000:00:18.4: PME# supported from D0 D3hot D3cold
pci 0000:00:18.4: PME# disabled
pci 0000:00:18.5: PME# supported from D0 D3hot D3cold
pci 0000:00:18.5: PME# disabled
pci 0000:00:18.6: PME# supported from D0 D3hot D3cold
pci 0000:00:18.6: PME# disabled
pci 0000:00:18.7: PME# supported from D0 D3hot D3cold
pci 0000:00:18.7: PME# disabled
pci 0000:00:01.0: PCI bridge to [bus 01-01]
pci 0000:00:01.0:   bridge window [io  0xf000-0x0000] (disabled)
pci 0000:00:01.0:   bridge window [mem 0xfff00000-0x000fffff] (disabled)
pci 0000:00:01.0:   bridge window [mem 0xfff00000-0x000fffff pref] (disabled)
pci 0000:02:00.0: reg 20: [io  0x2080-0x209f]
pci 0000:02:01.0: reg 10: [mem 0xfd5c0000-0xfd5dffff 64bit]
pci 0000:02:01.0: reg 18: [mem 0xfdff0000-0xfdffffff 64bit]
pci 0000:02:01.0: reg 20: [io  0x2000-0x203f]
pci 0000:02:01.0: reg 30: [mem 0x00000000-0x0000ffff pref]
pci 0000:02:02.0: reg 10: [io  0x2040-0x207f]
pci 0000:02:03.0: reg 10: [mem 0xfd5ef000-0xfd5effff]
pci 0000:00:11.0: PCI bridge to [bus 02-02] (subtractive decode)
pci 0000:00:11.0:   bridge window [io  0x2000-0x3fff]
pci 0000:00:11.0:   bridge window [mem 0xfd500000-0xfdffffff]
pci 0000:00:11.0:   bridge window [mem 0xe7b00000-0xe7ffffff 64bit pref]
pci 0000:00:11.0:   bridge window [mem 0x000a0000-0x000bffff] (subtractive decode)
pci 0000:00:11.0:   bridge window [mem 0x000cc000-0x000cffff] (subtractive decode)
pci 0000:00:11.0:   bridge window [mem 0x000d0000-0x000d3fff] (subtractive decode)
pci 0000:00:11.0:   bridge window [mem 0x000d4000-0x000d7fff] (subtractive decode)
pci 0000:00:11.0:   bridge window [mem 0x000d8000-0x000dbfff] (subtractive decode)
pci 0000:00:11.0:   bridge window [mem 0xc0000000-0xfebfffff] (subtractive decode)
pci 0000:00:11.0:   bridge window [io  0x0000-0x0cf7] (subtractive decode)
pci 0000:00:11.0:   bridge window [io  0x0d00-0xfeff] (subtractive decode)
pci 0000:00:15.0: PCI bridge to [bus 03-03]
pci 0000:00:15.0:   bridge window [io  0x4000-0x4fff]
pci 0000:00:15.0:   bridge window [mem 0xfd400000-0xfd4fffff]
pci 0000:00:15.0:   bridge window [mem 0xe7a00000-0xe7afffff 64bit pref]
pci 0000:00:15.1: PCI bridge to [bus 04-04]
pci 0000:00:15.1:   bridge window [io  0x8000-0x8fff]
pci 0000:00:15.1:   bridge window [mem 0xfd000000-0xfd0fffff]
pci 0000:00:15.1:   bridge window [mem 0xe7600000-0xe76fffff 64bit pref]
pci 0000:00:15.2: PCI bridge to [bus 05-05]
pci 0000:00:15.2:   bridge window [io  0xc000-0xcfff]
pci 0000:00:15.2:   bridge window [mem 0xfcc00000-0xfccfffff]
pci 0000:00:15.2:   bridge window [mem 0xe7200000-0xe72fffff 64bit pref]
pci 0000:00:15.3: PCI bridge to [bus 06-06]
pci 0000:00:15.3:   bridge window [io  0xf000-0x0000] (disabled)
pci 0000:00:15.3:   bridge window [mem 0xfc800000-0xfc8fffff]
pci 0000:00:15.3:   bridge window [mem 0xe6e00000-0xe6efffff 64bit pref]
pci 0000:00:15.4: PCI bridge to [bus 07-07]
pci 0000:00:15.4:   bridge window [io  0xf000-0x0000] (disabled)
pci 0000:00:15.4:   bridge window [mem 0xfc400000-0xfc4fffff]
pci 0000:00:15.4:   bridge window [mem 0xe6a00000-0xe6afffff 64bit pref]
pci 0000:00:15.5: PCI bridge to [bus 08-08]
pci 0000:00:15.5:   bridge window [io  0xf000-0x0000] (disabled)
pci 0000:00:15.5:   bridge window [mem 0xfc000000-0xfc0fffff]
pci 0000:00:15.5:   bridge window [mem 0xe6600000-0xe66fffff 64bit pref]
pci 0000:00:15.6: PCI bridge to [bus 09-09]
pci 0000:00:15.6:   bridge window [io  0xf000-0x0000] (disabled)
pci 0000:00:15.6:   bridge window [mem 0xfbc00000-0xfbcfffff]
pci 0000:00:15.6:   bridge window [mem 0xe6200000-0xe62fffff 64bit pref]
pci 0000:00:15.7: PCI bridge to [bus 0a-0a]
pci 0000:00:15.7:   bridge window [io  0xf000-0x0000] (disabled)
pci 0000:00:15.7:   bridge window [mem 0xfb800000-0xfb8fffff]
pci 0000:00:15.7:   bridge window [mem 0xe5e00000-0xe5efffff 64bit pref]
pci 0000:00:16.0: PCI bridge to [bus 0b-0b]
pci 0000:00:16.0:   bridge window [io  0x5000-0x5fff]
pci 0000:00:16.0:   bridge window [mem 0xfd300000-0xfd3fffff]
pci 0000:00:16.0:   bridge window [mem 0xe7900000-0xe79fffff 64bit pref]
pci 0000:00:16.1: PCI bridge to [bus 0c-0c]
pci 0000:00:16.1:   bridge window [io  0x9000-0x9fff]
pci 0000:00:16.1:   bridge window [mem 0xfcf00000-0xfcffffff]
pci 0000:00:16.1:   bridge window [mem 0xe7500000-0xe75fffff 64bit pref]
pci 0000:00:16.2: PCI bridge to [bus 0d-0d]
pci 0000:00:16.2:   bridge window [io  0xd000-0xdfff]
pci 0000:00:16.2:   bridge window [mem 0xfcb00000-0xfcbfffff]
pci 0000:00:16.2:   bridge window [mem 0xe7100000-0xe71fffff 64bit pref]
pci 0000:00:16.3: PCI bridge to [bus 0e-0e]
pci 0000:00:16.3:   bridge window [io  0xf000-0x0000] (disabled)
pci 0000:00:16.3:   bridge window [mem 0xfc700000-0xfc7fffff]
pci 0000:00:16.3:   bridge window [mem 0xe6d00000-0xe6dfffff 64bit pref]
pci 0000:00:16.4: PCI bridge to [bus 0f-0f]
pci 0000:00:16.4:   bridge window [io  0xf000-0x0000] (disabled)
pci 0000:00:16.4:   bridge window [mem 0xfc300000-0xfc3fffff]
pci 0000:00:16.4:   bridge window [mem 0xe6900000-0xe69fffff 64bit pref]
pci 0000:00:16.5: PCI bridge to [bus 10-10]
pci 0000:00:16.5:   bridge window [io  0xf000-0x0000] (disabled)
pci 0000:00:16.5:   bridge window [mem 0xfbf00000-0xfbffffff]
pci 0000:00:16.5:   bridge window [mem 0xe6500000-0xe65fffff 64bit pref]
pci 0000:00:16.6: PCI bridge to [bus 11-11]
pci 0000:00:16.6:   bridge window [io  0xf000-0x0000] (disabled)
pci 0000:00:16.6:   bridge window [mem 0xfbb00000-0xfbbfffff]
pci 0000:00:16.6:   bridge window [mem 0xe6100000-0xe61fffff 64bit pref]
pci 0000:00:16.7: PCI bridge to [bus 12-12]
pci 0000:00:16.7:   bridge window [io  0xf000-0x0000] (disabled)
pci 0000:00:16.7:   bridge window [mem 0xfb700000-0xfb7fffff]
pci 0000:00:16.7:   bridge window [mem 0xe5d00000-0xe5dfffff 64bit pref]
pci 0000:00:17.0: PCI bridge to [bus 13-13]
pci 0000:00:17.0:   bridge window [io  0x6000-0x6fff]
pci 0000:00:17.0:   bridge window [mem 0xfd200000-0xfd2fffff]
pci 0000:00:17.0:   bridge window [mem 0xe7800000-0xe78fffff 64bit pref]
pci 0000:00:17.1: PCI bridge to [bus 14-14]
pci 0000:00:17.1:   bridge window [io  0xa000-0xafff]
pci 0000:00:17.1:   bridge window [mem 0xfce00000-0xfcefffff]
pci 0000:00:17.1:   bridge window [mem 0xe7400000-0xe74fffff 64bit pref]
pci 0000:00:17.2: PCI bridge to [bus 15-15]
pci 0000:00:17.2:   bridge window [io  0xe000-0xefff]
pci 0000:00:17.2:   bridge window [mem 0xfca00000-0xfcafffff]
pci 0000:00:17.2:   bridge window [mem 0xe7000000-0xe70fffff 64bit pref]
pci 0000:00:17.3: PCI bridge to [bus 16-16]
pci 0000:00:17.3:   bridge window [io  0xf000-0x0000] (disabled)
pci 0000:00:17.3:   bridge window [mem 0xfc600000-0xfc6fffff]
pci 0000:00:17.3:   bridge window [mem 0xe6c00000-0xe6cfffff 64bit pref]
pci 0000:00:17.4: PCI bridge to [bus 17-17]
pci 0000:00:17.4:   bridge window [io  0xf000-0x0000] (disabled)
pci 0000:00:17.4:   bridge window [mem 0xfc200000-0xfc2fffff]
pci 0000:00:17.4:   bridge window [mem 0xe6800000-0xe68fffff 64bit pref]
pci 0000:00:17.5: PCI bridge to [bus 18-18]
pci 0000:00:17.5:   bridge window [io  0xf000-0x0000] (disabled)
pci 0000:00:17.5:   bridge window [mem 0xfbe00000-0xfbefffff]
pci 0000:00:17.5:   bridge window [mem 0xe6400000-0xe64fffff 64bit pref]
pci 0000:00:17.6: PCI bridge to [bus 19-19]
pci 0000:00:17.6:   bridge window [io  0xf000-0x0000] (disabled)
pci 0000:00:17.6:   bridge window [mem 0xfba00000-0xfbafffff]
pci 0000:00:17.6:   bridge window [mem 0xe6000000-0xe60fffff 64bit pref]
pci 0000:00:17.7: PCI bridge to [bus 1a-1a]
pci 0000:00:17.7:   bridge window [io  0xf000-0x0000] (disabled)
pci 0000:00:17.7:   bridge window [mem 0xfb600000-0xfb6fffff]
pci 0000:00:17.7:   bridge window [mem 0xe5c00000-0xe5cfffff 64bit pref]
pci 0000:00:18.0: PCI bridge to [bus 1b-1b]
pci 0000:00:18.0:   bridge window [io  0x7000-0x7fff]
pci 0000:00:18.0:   bridge window [mem 0xfd100000-0xfd1fffff]
pci 0000:00:18.0:   bridge window [mem 0xe7700000-0xe77fffff 64bit pref]
pci 0000:00:18.1: PCI bridge to [bus 1c-1c]
pci 0000:00:18.1:   bridge window [io  0xb000-0xbfff]
pci 0000:00:18.1:   bridge window [mem 0xfcd00000-0xfcdfffff]
pci 0000:00:18.1:   bridge window [mem 0xe7300000-0xe73fffff 64bit pref]
pci 0000:00:18.2: PCI bridge to [bus 1d-1d]
pci 0000:00:18.2:   bridge window [io  0xf000-0x0000] (disabled)
pci 0000:00:18.2:   bridge window [mem 0xfc900000-0xfc9fffff]
pci 0000:00:18.2:   bridge window [mem 0xe6f00000-0xe6ffffff 64bit pref]
pci 0000:00:18.3: PCI bridge to [bus 1e-1e]
pci 0000:00:18.3:   bridge window [io  0xf000-0x0000] (disabled)
pci 0000:00:18.3:   bridge window [mem 0xfc500000-0xfc5fffff]
pci 0000:00:18.3:   bridge window [mem 0xe6b00000-0xe6bfffff 64bit pref]
pci 0000:00:18.4: PCI bridge to [bus 1f-1f]
pci 0000:00:18.4:   bridge window [io  0xf000-0x0000] (disabled)
pci 0000:00:18.4:   bridge window [mem 0xfc100000-0xfc1fffff]
pci 0000:00:18.4:   bridge window [mem 0xe6700000-0xe67fffff 64bit pref]
pci 0000:00:18.5: PCI bridge to [bus 20-20]
pci 0000:00:18.5:   bridge window [io  0xf000-0x0000] (disabled)
pci 0000:00:18.5:   bridge window [mem 0xfbd00000-0xfbdfffff]
pci 0000:00:18.5:   bridge window [mem 0xe6300000-0xe63fffff 64bit pref]
pci 0000:00:18.6: PCI bridge to [bus 21-21]
pci 0000:00:18.6:   bridge window [io  0xf000-0x0000] (disabled)
pci 0000:00:18.6:   bridge window [mem 0xfb900000-0xfb9fffff]
pci 0000:00:18.6:   bridge window [mem 0xe5f00000-0xe5ffffff 64bit pref]
pci 0000:00:18.7: PCI bridge to [bus 22-22]
pci 0000:00:18.7:   bridge window [io  0xf000-0x0000] (disabled)
pci 0000:00:18.7:   bridge window [mem 0xfb500000-0xfb5fffff]
pci 0000:00:18.7:   bridge window [mem 0xe5b00000-0xe5bfffff 64bit pref]
ACPI: PCI Interrupt Routing Table [\_SB_.PCI0._PRT]
 pci0000:00: Requesting ACPI _OSC control (0x1d)
 pci0000:00: ACPI _OSC control (0x15) granted
ACPI: PCI Interrupt Link [LNKA] (IRQs 3 4 5 6 7 *9 10 11 14 15)
ACPI: PCI Interrupt Link [LNKB] (IRQs 3 4 5 6 7 9 10 *11 14 15)
ACPI: PCI Interrupt Link [LNKC] (IRQs 3 4 5 6 7 9 *10 11 14 15)
ACPI: PCI Interrupt Link [LNKD] (IRQs 3 4 *5 6 7 9 10 11 14 15)
vgaarb: device added: PCI:0000:00:0f.0,decodes=io+mem,owns=io+mem,locks=none
vgaarb: loaded
vgaarb: bridge control possible 0000:00:0f.0
SCSI subsystem initialized
libata version 3.00 loaded.
usbcore: registered new interface driver usbfs
usbcore: registered new interface driver hub
usbcore: registered new device driver usb
PCI: Using ACPI for IRQ routing
PCI: old code would have set cacheline size to 32 bytes, but clflush_size = 64
PCI: pci_cache_line_size set to 64 bytes
lo: Dropping TSO features since no CSUM feature.
NetLabel: Initializing
NetLabel:  domain hash size = 128
NetLabel:  protocols = UNLABELED CIPSOv4
NetLabel:  unlabeled traffic allowed by default
HPET: 16 timers in total, 0 timers will be used for per-cpu timer
hpet0: at MMIO 0xfed00000, IRQs 2, 8, 0, 0, 0, 0, 0, 0, 0, 0, 0, 0, 0, 0, 0, 0
hpet0: 16 comparators, 64-bit 14.318180 MHz counter
Switching to clocksource hpet
pnp: PnP ACPI init
ACPI: bus type pnp registered
pnp 00:00: [io  0x0cf8-0x0cff]
pnp 00:00: Plug and Play ACPI device, IDs PNP0a03 PNP0a08 (active)
pnp 00:01: [io  0x0010-0x001f]
pnp 00:01: [io  0x0024-0x0025]
pnp 00:01: [io  0x0028-0x0029]
pnp 00:01: [io  0x002c-0x002d]
pnp 00:01: [io  0x002e-0x002f]
pnp 00:01: [io  0x0030-0x0031]
pnp 00:01: [io  0x0034-0x0035]
pnp 00:01: [io  0x0038-0x0039]
pnp 00:01: [io  0x003c-0x003d]
pnp 00:01: [io  0x0050-0x0053]
pnp 00:01: [io  0x0072-0x0077]
pnp 00:01: [io  0x0080]
pnp 00:01: [io  0x0090-0x009f]
pnp 00:01: [io  0x00a4-0x00a5]
pnp 00:01: [io  0x00a8-0x00a9]
pnp 00:01: [io  0x00ac-0x00ad]
pnp 00:01: [io  0x00b0-0x00b5]
pnp 00:01: [io  0x00b8-0x00b9]
pnp 00:01: [io  0x00bc-0x00bd]
pnp 00:01: [io  0x1000-0x103f]
pnp 00:01: [io  0x1040-0x104f]
pnp 00:01: [io  0x0cf0-0x0cf1]
pnp 00:01: Plug and Play ACPI device, IDs PNP0c02 (active)
pnp 00:02: [io  0x0000-0x000f]
pnp 00:02: [io  0x0081-0x008f]
pnp 00:02: [io  0x00c0-0x00df]
pnp 00:02: [dma 4]
pnp 00:02: Plug and Play ACPI device, IDs PNP0200 (active)
pnp 00:03: [io  0x0020-0x0021]
pnp 00:03: [io  0x00a0-0x00a1]
pnp 00:03: [io  0x04d0-0x04d1]
pnp 00:03: [irq 2 disabled]
pnp 00:03: Plug and Play ACPI device, IDs PNP0001 (active)
pnp 00:04: [io  0x0070-0x0071]
pnp 00:04: [irq 8]
pnp 00:04: Plug and Play ACPI device, IDs PNP0b00 (active)
pnp 00:05: [io  0x0061]
pnp 00:05: Plug and Play ACPI device, IDs PNP0800 (active)
pnp 00:06: [io  0x0060]
pnp 00:06: [io  0x0064]
pnp 00:06: [irq 1]
pnp 00:06: Plug and Play ACPI device, IDs PNP0303 (active)
pnp 00:07: [irq 12]
pnp 00:07: Plug and Play ACPI device, IDs PNP0f13 (active)
pnp 00:08: [mem 0xfed00000-0xfed003ff]
pnp 00:08: Plug and Play ACPI device, IDs PNP0103 PNP0c01 (active)
pnp 00:09: [io  0x0378-0x037b]
pnp 00:09: [irq 7]
pnp 00:09: Plug and Play ACPI device, IDs PNP0400 (active)
pnp 00:0a: [io  0x03f8-0x03ff]
pnp 00:0a: [irq 4]
pnp 00:0a: Plug and Play ACPI device, IDs PNP0501 (active)
pnp 00:0b: [io  0x02f8-0x02ff]
pnp 00:0b: [irq 3]
pnp 00:0b: Plug and Play ACPI device, IDs PNP0501 (active)
pnp 00:0c: [io  0x03f0-0x03f5]
pnp 00:0c: [io  0x03f7]
pnp 00:0c: [irq 6]
pnp 00:0c: [dma 2]
pnp 00:0c: Plug and Play ACPI device, IDs PNP0700 (active)
pnp 00:0d: [mem 0xf0000000-0xf7ffffff]
pnp 00:0d: [io  0xfce0-0xfcff]
pnp 00:0d: [mem 0xfe800000-0xfe9fffff]
pnp 00:0d: Plug and Play ACPI device, IDs PNP0c02 (active)
pnp 00:0e: Plug and Play ACPI device, IDs PNP0c80 (active)
pnp: PnP ACPI: found 15 devices
ACPI: ACPI bus type pnp unregistered
system 00:01: [io  0x1000-0x103f] has been reserved
system 00:01: [io  0x1040-0x104f] has been reserved
system 00:01: [io  0x0cf0-0x0cf1] has been reserved
system 00:08: [mem 0xfed00000-0xfed003ff] has been reserved
system 00:0d: [io  0xfce0-0xfcff] has been reserved
system 00:0d: [mem 0xf0000000-0xf7ffffff] has been reserved
system 00:0d: [mem 0xfe800000-0xfe9fffff] has been reserved
PCI: max bus depth: 1 pci_try_num: 2
pci 0000:00:0f.0: BAR 6: assigned [mem 0xc0000000-0xc0007fff pref]
pci 0000:00:10.0: BAR 6: assigned [mem 0xc0008000-0xc000bfff pref]
pci 0000:00:18.7: BAR 13: can't assign io (size 0x1000)
pci 0000:00:18.6: BAR 13: can't assign io (size 0x1000)
pci 0000:00:18.5: BAR 13: can't assign io (size 0x1000)
pci 0000:00:18.4: BAR 13: can't assign io (size 0x1000)
pci 0000:00:18.3: BAR 13: can't assign io (size 0x1000)
pci 0000:00:18.2: BAR 13: can't assign io (size 0x1000)
pci 0000:00:17.7: BAR 13: can't assign io (size 0x1000)
pci 0000:00:17.6: BAR 13: can't assign io (size 0x1000)
pci 0000:00:17.5: BAR 13: can't assign io (size 0x1000)
pci 0000:00:17.4: BAR 13: can't assign io (size 0x1000)
pci 0000:00:17.3: BAR 13: can't assign io (size 0x1000)
pci 0000:00:16.7: BAR 13: can't assign io (size 0x1000)
pci 0000:00:16.6: BAR 13: can't assign io (size 0x1000)
pci 0000:00:16.5: BAR 13: can't assign io (size 0x1000)
pci 0000:00:16.4: BAR 13: can't assign io (size 0x1000)
pci 0000:00:16.3: BAR 13: can't assign io (size 0x1000)
pci 0000:00:15.7: BAR 13: can't assign io (size 0x1000)
pci 0000:00:15.6: BAR 13: can't assign io (size 0x1000)
pci 0000:00:15.5: BAR 13: can't assign io (size 0x1000)
pci 0000:00:15.4: BAR 13: can't assign io (size 0x1000)
pci 0000:00:15.3: BAR 13: can't assign io (size 0x1000)
pci 0000:00:01.0: PCI bridge to [bus 01-01]
pci 0000:00:01.0: PCI bridge to [bus 01-01]
pci 0000:00:01.0:   bridge window [io  disabled]
pci 0000:00:01.0:   bridge window [mem disabled]
pci 0000:00:01.0:   bridge window [mem pref disabled]
pci 0000:02:01.0: BAR 6: assigned [mem 0xe7b00000-0xe7b0ffff pref]
pci 0000:00:11.0: PCI bridge to [bus 02-02]
pci 0000:00:11.0: PCI bridge to [bus 02-02]
pci 0000:00:11.0:   bridge window [io  0x2000-0x3fff]
pci 0000:00:11.0:   bridge window [mem 0xfd500000-0xfdffffff]
pci 0000:00:11.0:   bridge window [mem 0xe7b00000-0xe7ffffff 64bit pref]
pci 0000:00:15.0: PCI bridge to [bus 03-03]
pci 0000:00:15.0: PCI bridge to [bus 03-03]
pci 0000:00:15.0:   bridge window [io  0x4000-0x4fff]
pci 0000:00:15.0:   bridge window [mem 0xfd400000-0xfd4fffff]
pci 0000:00:15.0:   bridge window [mem 0xe7a00000-0xe7afffff 64bit pref]
pci 0000:00:15.1: PCI bridge to [bus 04-04]
pci 0000:00:15.1: PCI bridge to [bus 04-04]
pci 0000:00:15.1:   bridge window [io  0x8000-0x8fff]
pci 0000:00:15.1:   bridge window [mem 0xfd000000-0xfd0fffff]
pci 0000:00:15.1:   bridge window [mem 0xe7600000-0xe76fffff 64bit pref]
pci 0000:00:15.2: PCI bridge to [bus 05-05]
pci 0000:00:15.2: PCI bridge to [bus 05-05]
pci 0000:00:15.2:   bridge window [io  0xc000-0xcfff]
pci 0000:00:15.2:   bridge window [mem 0xfcc00000-0xfccfffff]
pci 0000:00:15.2:   bridge window [mem 0xe7200000-0xe72fffff 64bit pref]
pci 0000:00:15.3: PCI bridge to [bus 06-06]
pci 0000:00:15.3: PCI bridge to [bus 06-06]
pci 0000:00:15.3:   bridge window [io  disabled]
pci 0000:00:15.3:   bridge window [mem 0xfc800000-0xfc8fffff]
pci 0000:00:15.3:   bridge window [mem 0xe6e00000-0xe6efffff 64bit pref]
pci 0000:00:15.4: PCI bridge to [bus 07-07]
pci 0000:00:15.4: PCI bridge to [bus 07-07]
pci 0000:00:15.4:   bridge window [io  disabled]
pci 0000:00:15.4:   bridge window [mem 0xfc400000-0xfc4fffff]
pci 0000:00:15.4:   bridge window [mem 0xe6a00000-0xe6afffff 64bit pref]
pci 0000:00:15.5: PCI bridge to [bus 08-08]
pci 0000:00:15.5: PCI bridge to [bus 08-08]
pci 0000:00:15.5:   bridge window [io  disabled]
pci 0000:00:15.5:   bridge window [mem 0xfc000000-0xfc0fffff]
pci 0000:00:15.5:   bridge window [mem 0xe6600000-0xe66fffff 64bit pref]
pci 0000:00:15.6: PCI bridge to [bus 09-09]
pci 0000:00:15.6: PCI bridge to [bus 09-09]
pci 0000:00:15.6:   bridge window [io  disabled]
pci 0000:00:15.6:   bridge window [mem 0xfbc00000-0xfbcfffff]
pci 0000:00:15.6:   bridge window [mem 0xe6200000-0xe62fffff 64bit pref]
pci 0000:00:15.7: PCI bridge to [bus 0a-0a]
pci 0000:00:15.7: PCI bridge to [bus 0a-0a]
pci 0000:00:15.7:   bridge window [io  disabled]
pci 0000:00:15.7:   bridge window [mem 0xfb800000-0xfb8fffff]
pci 0000:00:15.7:   bridge window [mem 0xe5e00000-0xe5efffff 64bit pref]
pci 0000:00:16.0: PCI bridge to [bus 0b-0b]
pci 0000:00:16.0: PCI bridge to [bus 0b-0b]
pci 0000:00:16.0:   bridge window [io  0x5000-0x5fff]
pci 0000:00:16.0:   bridge window [mem 0xfd300000-0xfd3fffff]
pci 0000:00:16.0:   bridge window [mem 0xe7900000-0xe79fffff 64bit pref]
pci 0000:00:16.1: PCI bridge to [bus 0c-0c]
pci 0000:00:16.1: PCI bridge to [bus 0c-0c]
pci 0000:00:16.1:   bridge window [io  0x9000-0x9fff]
pci 0000:00:16.1:   bridge window [mem 0xfcf00000-0xfcffffff]
pci 0000:00:16.1:   bridge window [mem 0xe7500000-0xe75fffff 64bit pref]
pci 0000:00:16.2: PCI bridge to [bus 0d-0d]
pci 0000:00:16.2: PCI bridge to [bus 0d-0d]
pci 0000:00:16.2:   bridge window [io  0xd000-0xdfff]
pci 0000:00:16.2:   bridge window [mem 0xfcb00000-0xfcbfffff]
pci 0000:00:16.2:   bridge window [mem 0xe7100000-0xe71fffff 64bit pref]
pci 0000:00:16.3: PCI bridge to [bus 0e-0e]
pci 0000:00:16.3: PCI bridge to [bus 0e-0e]
pci 0000:00:16.3:   bridge window [io  disabled]
pci 0000:00:16.3:   bridge window [mem 0xfc700000-0xfc7fffff]
pci 0000:00:16.3:   bridge window [mem 0xe6d00000-0xe6dfffff 64bit pref]
pci 0000:00:16.4: PCI bridge to [bus 0f-0f]
pci 0000:00:16.4: PCI bridge to [bus 0f-0f]
pci 0000:00:16.4:   bridge window [io  disabled]
pci 0000:00:16.4:   bridge window [mem 0xfc300000-0xfc3fffff]
pci 0000:00:16.4:   bridge window [mem 0xe6900000-0xe69fffff 64bit pref]
pci 0000:00:16.5: PCI bridge to [bus 10-10]
pci 0000:00:16.5: PCI bridge to [bus 10-10]
pci 0000:00:16.5:   bridge window [io  disabled]
pci 0000:00:16.5:   bridge window [mem 0xfbf00000-0xfbffffff]
pci 0000:00:16.5:   bridge window [mem 0xe6500000-0xe65fffff 64bit pref]
pci 0000:00:16.6: PCI bridge to [bus 11-11]
pci 0000:00:16.6: PCI bridge to [bus 11-11]
pci 0000:00:16.6:   bridge window [io  disabled]
pci 0000:00:16.6:   bridge window [mem 0xfbb00000-0xfbbfffff]
pci 0000:00:16.6:   bridge window [mem 0xe6100000-0xe61fffff 64bit pref]
pci 0000:00:16.7: PCI bridge to [bus 12-12]
pci 0000:00:16.7: PCI bridge to [bus 12-12]
pci 0000:00:16.7:   bridge window [io  disabled]
pci 0000:00:16.7:   bridge window [mem 0xfb700000-0xfb7fffff]
pci 0000:00:16.7:   bridge window [mem 0xe5d00000-0xe5dfffff 64bit pref]
pci 0000:00:17.0: PCI bridge to [bus 13-13]
pci 0000:00:17.0: PCI bridge to [bus 13-13]
pci 0000:00:17.0:   bridge window [io  0x6000-0x6fff]
pci 0000:00:17.0:   bridge window [mem 0xfd200000-0xfd2fffff]
pci 0000:00:17.0:   bridge window [mem 0xe7800000-0xe78fffff 64bit pref]
pci 0000:00:17.1: PCI bridge to [bus 14-14]
pci 0000:00:17.1: PCI bridge to [bus 14-14]
pci 0000:00:17.1:   bridge window [io  0xa000-0xafff]
pci 0000:00:17.1:   bridge window [mem 0xfce00000-0xfcefffff]
pci 0000:00:17.1:   bridge window [mem 0xe7400000-0xe74fffff 64bit pref]
pci 0000:00:17.2: PCI bridge to [bus 15-15]
pci 0000:00:17.2: PCI bridge to [bus 15-15]
pci 0000:00:17.2:   bridge window [io  0xe000-0xefff]
pci 0000:00:17.2:   bridge window [mem 0xfca00000-0xfcafffff]
pci 0000:00:17.2:   bridge window [mem 0xe7000000-0xe70fffff 64bit pref]
pci 0000:00:17.3: PCI bridge to [bus 16-16]
pci 0000:00:17.3: PCI bridge to [bus 16-16]
pci 0000:00:17.3:   bridge window [io  disabled]
pci 0000:00:17.3:   bridge window [mem 0xfc600000-0xfc6fffff]
pci 0000:00:17.3:   bridge window [mem 0xe6c00000-0xe6cfffff 64bit pref]
pci 0000:00:17.4: PCI bridge to [bus 17-17]
pci 0000:00:17.4: PCI bridge to [bus 17-17]
pci 0000:00:17.4:   bridge window [io  disabled]
pci 0000:00:17.4:   bridge window [mem 0xfc200000-0xfc2fffff]
pci 0000:00:17.4:   bridge window [mem 0xe6800000-0xe68fffff 64bit pref]
pci 0000:00:17.5: PCI bridge to [bus 18-18]
pci 0000:00:17.5: PCI bridge to [bus 18-18]
pci 0000:00:17.5:   bridge window [io  disabled]
pci 0000:00:17.5:   bridge window [mem 0xfbe00000-0xfbefffff]
pci 0000:00:17.5:   bridge window [mem 0xe6400000-0xe64fffff 64bit pref]
pci 0000:00:17.6: PCI bridge to [bus 19-19]
pci 0000:00:17.6: PCI bridge to [bus 19-19]
pci 0000:00:17.6:   bridge window [io  disabled]
pci 0000:00:17.6:   bridge window [mem 0xfba00000-0xfbafffff]
pci 0000:00:17.6:   bridge window [mem 0xe6000000-0xe60fffff 64bit pref]
pci 0000:00:17.7: PCI bridge to [bus 1a-1a]
pci 0000:00:17.7: PCI bridge to [bus 1a-1a]
pci 0000:00:17.7:   bridge window [io  disabled]
pci 0000:00:17.7:   bridge window [mem 0xfb600000-0xfb6fffff]
pci 0000:00:17.7:   bridge window [mem 0xe5c00000-0xe5cfffff 64bit pref]
pci 0000:00:18.0: PCI bridge to [bus 1b-1b]
pci 0000:00:18.0: PCI bridge to [bus 1b-1b]
pci 0000:00:18.0:   bridge window [io  0x7000-0x7fff]
pci 0000:00:18.0:   bridge window [mem 0xfd100000-0xfd1fffff]
pci 0000:00:18.0:   bridge window [mem 0xe7700000-0xe77fffff 64bit pref]
pci 0000:00:18.1: PCI bridge to [bus 1c-1c]
pci 0000:00:18.1: PCI bridge to [bus 1c-1c]
pci 0000:00:18.1:   bridge window [io  0xb000-0xbfff]
pci 0000:00:18.1:   bridge window [mem 0xfcd00000-0xfcdfffff]
pci 0000:00:18.1:   bridge window [mem 0xe7300000-0xe73fffff 64bit pref]
pci 0000:00:18.2: PCI bridge to [bus 1d-1d]
pci 0000:00:18.2: PCI bridge to [bus 1d-1d]
pci 0000:00:18.2:   bridge window [io  disabled]
pci 0000:00:18.2:   bridge window [mem 0xfc900000-0xfc9fffff]
pci 0000:00:18.2:   bridge window [mem 0xe6f00000-0xe6ffffff 64bit pref]
pci 0000:00:18.3: PCI bridge to [bus 1e-1e]
pci 0000:00:18.3: PCI bridge to [bus 1e-1e]
pci 0000:00:18.3:   bridge window [io  disabled]
pci 0000:00:18.3:   bridge window [mem 0xfc500000-0xfc5fffff]
pci 0000:00:18.3:   bridge window [mem 0xe6b00000-0xe6bfffff 64bit pref]
pci 0000:00:18.4: PCI bridge to [bus 1f-1f]
pci 0000:00:18.4: PCI bridge to [bus 1f-1f]
pci 0000:00:18.4:   bridge window [io  disabled]
pci 0000:00:18.4:   bridge window [mem 0xfc100000-0xfc1fffff]
pci 0000:00:18.4:   bridge window [mem 0xe6700000-0xe67fffff 64bit pref]
pci 0000:00:18.5: PCI bridge to [bus 20-20]
pci 0000:00:18.5: PCI bridge to [bus 20-20]
pci 0000:00:18.5:   bridge window [io  disabled]
pci 0000:00:18.5:   bridge window [mem 0xfbd00000-0xfbdfffff]
pci 0000:00:18.5:   bridge window [mem 0xe6300000-0xe63fffff 64bit pref]
pci 0000:00:18.6: PCI bridge to [bus 21-21]
pci 0000:00:18.6: PCI bridge to [bus 21-21]
pci 0000:00:18.6:   bridge window [io  disabled]
pci 0000:00:18.6:   bridge window [mem 0xfb900000-0xfb9fffff]
pci 0000:00:18.6:   bridge window [mem 0xe5f00000-0xe5ffffff 64bit pref]
pci 0000:00:18.7: PCI bridge to [bus 22-22]
pci 0000:00:18.7: PCI bridge to [bus 22-22]
pci 0000:00:18.7:   bridge window [io  disabled]
pci 0000:00:18.7:   bridge window [mem 0xfb500000-0xfb5fffff]
pci 0000:00:18.7:   bridge window [mem 0xe5b00000-0xe5bfffff 64bit pref]
pci 0000:00:01.0: setting latency timer to 64
pci 0000:00:15.0: setting latency timer to 64
pci 0000:00:15.1: setting latency timer to 64
pci 0000:00:15.2: setting latency timer to 64
pci 0000:00:15.3: setting latency timer to 64
pci 0000:00:15.4: setting latency timer to 64
pci 0000:00:15.5: setting latency timer to 64
pci 0000:00:15.6: setting latency timer to 64
pci 0000:00:15.7: setting latency timer to 64
pci 0000:00:16.0: setting latency timer to 64
pci 0000:00:16.1: setting latency timer to 64
pci 0000:00:16.2: setting latency timer to 64
pci 0000:00:16.3: setting latency timer to 64
pci 0000:00:16.4: setting latency timer to 64
pci 0000:00:16.5: setting latency timer to 64
pci 0000:00:16.6: setting latency timer to 64
pci 0000:00:16.7: setting latency timer to 64
pci 0000:00:17.0: setting latency timer to 64
pci 0000:00:17.1: setting latency timer to 64
pci 0000:00:17.2: setting latency timer to 64
pci 0000:00:17.3: setting latency timer to 64
pci 0000:00:17.4: setting latency timer to 64
pci 0000:00:17.5: setting latency timer to 64
pci 0000:00:17.6: setting latency timer to 64
pci 0000:00:17.7: setting latency timer to 64
pci 0000:00:18.0: setting latency timer to 64
pci 0000:00:18.1: setting latency timer to 64
pci 0000:00:18.2: setting latency timer to 64
pci 0000:00:18.3: setting latency timer to 64
pci 0000:00:18.4: setting latency timer to 64
pci 0000:00:18.5: setting latency timer to 64
pci 0000:00:18.6: setting latency timer to 64
pci 0000:00:18.7: setting latency timer to 64
pci_bus 0000:00: resource 4 [mem 0x000a0000-0x000bffff]
pci_bus 0000:00: resource 5 [mem 0x000cc000-0x000cffff]
pci_bus 0000:00: resource 6 [mem 0x000d0000-0x000d3fff]
pci_bus 0000:00: resource 7 [mem 0x000d4000-0x000d7fff]
pci_bus 0000:00: resource 8 [mem 0x000d8000-0x000dbfff]
pci_bus 0000:00: resource 9 [mem 0xc0000000-0xfebfffff]
pci_bus 0000:00: resource 10 [io  0x0000-0x0cf7]
pci_bus 0000:00: resource 11 [io  0x0d00-0xfeff]
pci_bus 0000:02: resource 0 [io  0x2000-0x3fff]
pci_bus 0000:02: resource 1 [mem 0xfd500000-0xfdffffff]
pci_bus 0000:02: resource 2 [mem 0xe7b00000-0xe7ffffff 64bit pref]
pci_bus 0000:02: resource 4 [mem 0x000a0000-0x000bffff]
pci_bus 0000:02: resource 5 [mem 0x000cc000-0x000cffff]
pci_bus 0000:02: resource 6 [mem 0x000d0000-0x000d3fff]
pci_bus 0000:02: resource 7 [mem 0x000d4000-0x000d7fff]
pci_bus 0000:02: resource 8 [mem 0x000d8000-0x000dbfff]
pci_bus 0000:02: resource 9 [mem 0xc0000000-0xfebfffff]
pci_bus 0000:02: resource 10 [io  0x0000-0x0cf7]
pci_bus 0000:02: resource 11 [io  0x0d00-0xfeff]
pci_bus 0000:03: resource 0 [io  0x4000-0x4fff]
pci_bus 0000:03: resource 1 [mem 0xfd400000-0xfd4fffff]
pci_bus 0000:03: resource 2 [mem 0xe7a00000-0xe7afffff 64bit pref]
pci_bus 0000:04: resource 0 [io  0x8000-0x8fff]
pci_bus 0000:04: resource 1 [mem 0xfd000000-0xfd0fffff]
pci_bus 0000:04: resource 2 [mem 0xe7600000-0xe76fffff 64bit pref]
pci_bus 0000:05: resource 0 [io  0xc000-0xcfff]
pci_bus 0000:05: resource 1 [mem 0xfcc00000-0xfccfffff]
pci_bus 0000:05: resource 2 [mem 0xe7200000-0xe72fffff 64bit pref]
pci_bus 0000:06: resource 1 [mem 0xfc800000-0xfc8fffff]
pci_bus 0000:06: resource 2 [mem 0xe6e00000-0xe6efffff 64bit pref]
pci_bus 0000:07: resource 1 [mem 0xfc400000-0xfc4fffff]
pci_bus 0000:07: resource 2 [mem 0xe6a00000-0xe6afffff 64bit pref]
pci_bus 0000:08: resource 1 [mem 0xfc000000-0xfc0fffff]
pci_bus 0000:08: resource 2 [mem 0xe6600000-0xe66fffff 64bit pref]
pci_bus 0000:09: resource 1 [mem 0xfbc00000-0xfbcfffff]
pci_bus 0000:09: resource 2 [mem 0xe6200000-0xe62fffff 64bit pref]
pci_bus 0000:0a: resource 1 [mem 0xfb800000-0xfb8fffff]
pci_bus 0000:0a: resource 2 [mem 0xe5e00000-0xe5efffff 64bit pref]
pci_bus 0000:0b: resource 0 [io  0x5000-0x5fff]
pci_bus 0000:0b: resource 1 [mem 0xfd300000-0xfd3fffff]
pci_bus 0000:0b: resource 2 [mem 0xe7900000-0xe79fffff 64bit pref]
pci_bus 0000:0c: resource 0 [io  0x9000-0x9fff]
pci_bus 0000:0c: resource 1 [mem 0xfcf00000-0xfcffffff]
pci_bus 0000:0c: resource 2 [mem 0xe7500000-0xe75fffff 64bit pref]
pci_bus 0000:0d: resource 0 [io  0xd000-0xdfff]
pci_bus 0000:0d: resource 1 [mem 0xfcb00000-0xfcbfffff]
pci_bus 0000:0d: resource 2 [mem 0xe7100000-0xe71fffff 64bit pref]
pci_bus 0000:0e: resource 1 [mem 0xfc700000-0xfc7fffff]
pci_bus 0000:0e: resource 2 [mem 0xe6d00000-0xe6dfffff 64bit pref]
pci_bus 0000:0f: resource 1 [mem 0xfc300000-0xfc3fffff]
pci_bus 0000:0f: resource 2 [mem 0xe6900000-0xe69fffff 64bit pref]
pci_bus 0000:10: resource 1 [mem 0xfbf00000-0xfbffffff]
pci_bus 0000:10: resource 2 [mem 0xe6500000-0xe65fffff 64bit pref]
pci_bus 0000:11: resource 1 [mem 0xfbb00000-0xfbbfffff]
pci_bus 0000:11: resource 2 [mem 0xe6100000-0xe61fffff 64bit pref]
pci_bus 0000:12: resource 1 [mem 0xfb700000-0xfb7fffff]
pci_bus 0000:12: resource 2 [mem 0xe5d00000-0xe5dfffff 64bit pref]
pci_bus 0000:13: resource 0 [io  0x6000-0x6fff]
pci_bus 0000:13: resource 1 [mem 0xfd200000-0xfd2fffff]
pci_bus 0000:13: resource 2 [mem 0xe7800000-0xe78fffff 64bit pref]
pci_bus 0000:14: resource 0 [io  0xa000-0xafff]
pci_bus 0000:14: resource 1 [mem 0xfce00000-0xfcefffff]
pci_bus 0000:14: resource 2 [mem 0xe7400000-0xe74fffff 64bit pref]
pci_bus 0000:15: resource 0 [io  0xe000-0xefff]
pci_bus 0000:15: resource 1 [mem 0xfca00000-0xfcafffff]
pci_bus 0000:15: resource 2 [mem 0xe7000000-0xe70fffff 64bit pref]
pci_bus 0000:16: resource 1 [mem 0xfc600000-0xfc6fffff]
pci_bus 0000:16: resource 2 [mem 0xe6c00000-0xe6cfffff 64bit pref]
pci_bus 0000:17: resource 1 [mem 0xfc200000-0xfc2fffff]
pci_bus 0000:17: resource 2 [mem 0xe6800000-0xe68fffff 64bit pref]
pci_bus 0000:18: resource 1 [mem 0xfbe00000-0xfbefffff]
pci_bus 0000:18: resource 2 [mem 0xe6400000-0xe64fffff 64bit pref]
pci_bus 0000:19: resource 1 [mem 0xfba00000-0xfbafffff]
pci_bus 0000:19: resource 2 [mem 0xe6000000-0xe60fffff 64bit pref]
pci_bus 0000:1a: resource 1 [mem 0xfb600000-0xfb6fffff]
pci_bus 0000:1a: resource 2 [mem 0xe5c00000-0xe5cfffff 64bit pref]
pci_bus 0000:1b: resource 0 [io  0x7000-0x7fff]
pci_bus 0000:1b: resource 1 [mem 0xfd100000-0xfd1fffff]
pci_bus 0000:1b: resource 2 [mem 0xe7700000-0xe77fffff 64bit pref]
pci_bus 0000:1c: resource 0 [io  0xb000-0xbfff]
pci_bus 0000:1c: resource 1 [mem 0xfcd00000-0xfcdfffff]
pci_bus 0000:1c: resource 2 [mem 0xe7300000-0xe73fffff 64bit pref]
pci_bus 0000:1d: resource 1 [mem 0xfc900000-0xfc9fffff]
pci_bus 0000:1d: resource 2 [mem 0xe6f00000-0xe6ffffff 64bit pref]
pci_bus 0000:1e: resource 1 [mem 0xfc500000-0xfc5fffff]
pci_bus 0000:1e: resource 2 [mem 0xe6b00000-0xe6bfffff 64bit pref]
pci_bus 0000:1f: resource 1 [mem 0xfc100000-0xfc1fffff]
pci_bus 0000:1f: resource 2 [mem 0xe6700000-0xe67fffff 64bit pref]
pci_bus 0000:20: resource 1 [mem 0xfbd00000-0xfbdfffff]
pci_bus 0000:20: resource 2 [mem 0xe6300000-0xe63fffff 64bit pref]
pci_bus 0000:21: resource 1 [mem 0xfb900000-0xfb9fffff]
pci_bus 0000:21: resource 2 [mem 0xe5f00000-0xe5ffffff 64bit pref]
pci_bus 0000:22: resource 1 [mem 0xfb500000-0xfb5fffff]
pci_bus 0000:22: resource 2 [mem 0xe5b00000-0xe5bfffff 64bit pref]
NET: Registered protocol family 2
IP route cache hash table entries: 65536 (order: 7, 524288 bytes)
TCP established hash table entries: 262144 (order: 10, 4194304 bytes)
TCP bind hash table entries: 65536 (order: 8, 1048576 bytes)
TCP: Hash tables configured (established 262144 bind 65536)
TCP reno registered
NET: Registered protocol family 1
pci 0000:00:00.0: Limiting direct PCI/PCI transfers
pci 0000:00:0f.0: Boot video device
  alloc irq_desc for 18 on node -1
  alloc kstat_irqs on node -1
pci 0000:02:00.0: PCI INT A -> GSI 18 (level, low) -> IRQ 18
pci 0000:02:00.0: PCI INT A disabled
  alloc irq_desc for 17 on node -1
  alloc kstat_irqs on node -1
pci 0000:02:03.0: PCI INT A -> GSI 17 (level, low) -> IRQ 17
pci 0000:02:03.0: PCI INT A disabled
Trying to unpack rootfs image as initramfs...
Freeing initrd memory: 16744k freed
Simple Boot Flag at 0x36 set to 0x80
audit: initializing netlink socket (disabled)
type=2000 audit(1483170690.618:1): initialized
HugeTLB registered 2 MB page size, pre-allocated 0 pages
VFS: Disk quotas dquot_6.5.2
Dquot-cache hash table entries: 512 (order 0, 4096 bytes)
msgmni has been set to 3732
SELinux:  Registering netfilter hooks
alg: No test for stdrng (krng)
ksign: Installing public key data
Loading keyring
- Added public key 8A44323FB303E068
- User ID: CentOS (Kernel Module GPG key)
Block layer SCSI generic (bsg) driver version 0.4 loaded (major 251)
io scheduler noop registered
io scheduler anticipatory registered
io scheduler deadline registered
io scheduler cfq registered (default)
pcieport 0000:00:15.0: setting latency timer to 64
  alloc irq_desc for 24 on node -1
  alloc kstat_irqs on node -1
pcieport 0000:00:15.0: irq 24 for MSI/MSI-X
pcieport 0000:00:15.1: setting latency timer to 64
  alloc irq_desc for 25 on node -1
  alloc kstat_irqs on node -1
pcieport 0000:00:15.1: irq 25 for MSI/MSI-X
pcieport 0000:00:15.2: setting latency timer to 64
  alloc irq_desc for 26 on node -1
  alloc kstat_irqs on node -1
pcieport 0000:00:15.2: irq 26 for MSI/MSI-X
pcieport 0000:00:15.3: setting latency timer to 64
  alloc irq_desc for 27 on node -1
  alloc kstat_irqs on node -1
pcieport 0000:00:15.3: irq 27 for MSI/MSI-X
pcieport 0000:00:15.4: setting latency timer to 64
  alloc irq_desc for 28 on node -1
  alloc kstat_irqs on node -1
pcieport 0000:00:15.4: irq 28 for MSI/MSI-X
pcieport 0000:00:15.5: setting latency timer to 64
  alloc irq_desc for 29 on node -1
  alloc kstat_irqs on node -1
pcieport 0000:00:15.5: irq 29 for MSI/MSI-X
pcieport 0000:00:15.6: setting latency timer to 64
  alloc irq_desc for 30 on node -1
  alloc kstat_irqs on node -1
pcieport 0000:00:15.6: irq 30 for MSI/MSI-X
pcieport 0000:00:15.7: setting latency timer to 64
  alloc irq_desc for 31 on node -1
  alloc kstat_irqs on node -1
pcieport 0000:00:15.7: irq 31 for MSI/MSI-X
pcieport 0000:00:16.0: setting latency timer to 64
  alloc irq_desc for 32 on node -1
  alloc kstat_irqs on node -1
pcieport 0000:00:16.0: irq 32 for MSI/MSI-X
pcieport 0000:00:16.1: setting latency timer to 64
  alloc irq_desc for 33 on node -1
  alloc kstat_irqs on node -1
pcieport 0000:00:16.1: irq 33 for MSI/MSI-X
pcieport 0000:00:16.2: setting latency timer to 64
  alloc irq_desc for 34 on node -1
  alloc kstat_irqs on node -1
pcieport 0000:00:16.2: irq 34 for MSI/MSI-X
pcieport 0000:00:16.3: setting latency timer to 64
  alloc irq_desc for 35 on node -1
  alloc kstat_irqs on node -1
pcieport 0000:00:16.3: irq 35 for MSI/MSI-X
pcieport 0000:00:16.4: setting latency timer to 64
  alloc irq_desc for 36 on node -1
  alloc kstat_irqs on node -1
pcieport 0000:00:16.4: irq 36 for MSI/MSI-X
pcieport 0000:00:16.5: setting latency timer to 64
  alloc irq_desc for 37 on node -1
  alloc kstat_irqs on node -1
pcieport 0000:00:16.5: irq 37 for MSI/MSI-X
pcieport 0000:00:16.6: setting latency timer to 64
  alloc irq_desc for 38 on node -1
  alloc kstat_irqs on node -1
pcieport 0000:00:16.6: irq 38 for MSI/MSI-X
pcieport 0000:00:16.7: setting latency timer to 64
  alloc irq_desc for 39 on node -1
  alloc kstat_irqs on node -1
pcieport 0000:00:16.7: irq 39 for MSI/MSI-X
pcieport 0000:00:17.0: setting latency timer to 64
  alloc irq_desc for 40 on node -1
  alloc kstat_irqs on node -1
pcieport 0000:00:17.0: irq 40 for MSI/MSI-X
pcieport 0000:00:17.1: setting latency timer to 64
  alloc irq_desc for 41 on node -1
  alloc kstat_irqs on node -1
pcieport 0000:00:17.1: irq 41 for MSI/MSI-X
pcieport 0000:00:17.2: setting latency timer to 64
  alloc irq_desc for 42 on node -1
  alloc kstat_irqs on node -1
pcieport 0000:00:17.2: irq 42 for MSI/MSI-X
pcieport 0000:00:17.3: setting latency timer to 64
  alloc irq_desc for 43 on node -1
  alloc kstat_irqs on node -1
pcieport 0000:00:17.3: irq 43 for MSI/MSI-X
pcieport 0000:00:17.4: setting latency timer to 64
  alloc irq_desc for 44 on node -1
  alloc kstat_irqs on node -1
pcieport 0000:00:17.4: irq 44 for MSI/MSI-X
pcieport 0000:00:17.5: setting latency timer to 64
  alloc irq_desc for 45 on node -1
  alloc kstat_irqs on node -1
pcieport 0000:00:17.5: irq 45 for MSI/MSI-X
pcieport 0000:00:17.6: setting latency timer to 64
  alloc irq_desc for 46 on node -1
  alloc kstat_irqs on node -1
pcieport 0000:00:17.6: irq 46 for MSI/MSI-X
pcieport 0000:00:17.7: setting latency timer to 64
  alloc irq_desc for 47 on node -1
  alloc kstat_irqs on node -1
pcieport 0000:00:17.7: irq 47 for MSI/MSI-X
pcieport 0000:00:18.0: setting latency timer to 64
  alloc irq_desc for 48 on node -1
  alloc kstat_irqs on node -1
pcieport 0000:00:18.0: irq 48 for MSI/MSI-X
pcieport 0000:00:18.1: setting latency timer to 64
  alloc irq_desc for 49 on node -1
  alloc kstat_irqs on node -1
pcieport 0000:00:18.1: irq 49 for MSI/MSI-X
pcieport 0000:00:18.2: setting latency timer to 64
  alloc irq_desc for 50 on node -1
  alloc kstat_irqs on node -1
pcieport 0000:00:18.2: irq 50 for MSI/MSI-X
pcieport 0000:00:18.3: setting latency timer to 64
  alloc irq_desc for 51 on node -1
  alloc kstat_irqs on node -1
pcieport 0000:00:18.3: irq 51 for MSI/MSI-X
pcieport 0000:00:18.4: setting latency timer to 64
  alloc irq_desc for 52 on node -1
  alloc kstat_irqs on node -1
pcieport 0000:00:18.4: irq 52 for MSI/MSI-X
pcieport 0000:00:18.5: setting latency timer to 64
  alloc irq_desc for 53 on node -1
  alloc kstat_irqs on node -1
pcieport 0000:00:18.5: irq 53 for MSI/MSI-X
pcieport 0000:00:18.6: setting latency timer to 64
  alloc irq_desc for 54 on node -1
  alloc kstat_irqs on node -1
pcieport 0000:00:18.6: irq 54 for MSI/MSI-X
pcieport 0000:00:18.7: setting latency timer to 64
  alloc irq_desc for 55 on node -1
  alloc kstat_irqs on node -1
pcieport 0000:00:18.7: irq 55 for MSI/MSI-X
pci_hotplug: PCI Hot Plug PCI Core version: 0.5
pciehp 0000:00:15.0:pcie04: HPC vendor_id 15ad device_id 7a0 ss_vid 0 ss_did 0
pciehp 0000:00:15.0:pcie04: service driver pciehp loaded
pciehp 0000:00:15.1:pcie04: HPC vendor_id 15ad device_id 7a0 ss_vid 0 ss_did 0
pciehp 0000:00:15.1:pcie04: service driver pciehp loaded
pciehp 0000:00:15.2:pcie04: HPC vendor_id 15ad device_id 7a0 ss_vid 0 ss_did 0
pciehp 0000:00:15.2:pcie04: service driver pciehp loaded
pciehp 0000:00:15.3:pcie04: HPC vendor_id 15ad device_id 7a0 ss_vid 0 ss_did 0
pciehp 0000:00:15.3:pcie04: service driver pciehp loaded
pciehp 0000:00:15.4:pcie04: HPC vendor_id 15ad device_id 7a0 ss_vid 0 ss_did 0
pciehp 0000:00:15.4:pcie04: service driver pciehp loaded
pciehp 0000:00:15.5:pcie04: HPC vendor_id 15ad device_id 7a0 ss_vid 0 ss_did 0
pciehp 0000:00:15.5:pcie04: service driver pciehp loaded
pciehp 0000:00:15.6:pcie04: HPC vendor_id 15ad device_id 7a0 ss_vid 0 ss_did 0
pciehp 0000:00:15.6:pcie04: service driver pciehp loaded
pciehp 0000:00:15.7:pcie04: HPC vendor_id 15ad device_id 7a0 ss_vid 0 ss_did 0
pciehp 0000:00:15.7:pcie04: service driver pciehp loaded
pciehp 0000:00:16.0:pcie04: HPC vendor_id 15ad device_id 7a0 ss_vid 0 ss_did 0
pciehp 0000:00:16.0:pcie04: service driver pciehp loaded
pciehp 0000:00:16.1:pcie04: HPC vendor_id 15ad device_id 7a0 ss_vid 0 ss_did 0
pciehp 0000:00:16.1:pcie04: service driver pciehp loaded
pciehp 0000:00:16.2:pcie04: HPC vendor_id 15ad device_id 7a0 ss_vid 0 ss_did 0
pciehp 0000:00:16.2:pcie04: service driver pciehp loaded
pciehp 0000:00:16.3:pcie04: HPC vendor_id 15ad device_id 7a0 ss_vid 0 ss_did 0
pciehp 0000:00:16.3:pcie04: service driver pciehp loaded
pciehp 0000:00:16.4:pcie04: HPC vendor_id 15ad device_id 7a0 ss_vid 0 ss_did 0
pciehp 0000:00:16.4:pcie04: service driver pciehp loaded
pciehp 0000:00:16.5:pcie04: HPC vendor_id 15ad device_id 7a0 ss_vid 0 ss_did 0
pciehp 0000:00:16.5:pcie04: service driver pciehp loaded
pciehp 0000:00:16.6:pcie04: HPC vendor_id 15ad device_id 7a0 ss_vid 0 ss_did 0
pciehp 0000:00:16.6:pcie04: service driver pciehp loaded
pciehp 0000:00:16.7:pcie04: HPC vendor_id 15ad device_id 7a0 ss_vid 0 ss_did 0
pciehp 0000:00:16.7:pcie04: service driver pciehp loaded
pciehp 0000:00:17.0:pcie04: HPC vendor_id 15ad device_id 7a0 ss_vid 0 ss_did 0
pciehp 0000:00:17.0:pcie04: service driver pciehp loaded
pciehp 0000:00:17.1:pcie04: HPC vendor_id 15ad device_id 7a0 ss_vid 0 ss_did 0
pciehp 0000:00:17.1:pcie04: service driver pciehp loaded
pciehp 0000:00:17.2:pcie04: HPC vendor_id 15ad device_id 7a0 ss_vid 0 ss_did 0
pciehp 0000:00:17.2:pcie04: service driver pciehp loaded
pciehp 0000:00:17.3:pcie04: HPC vendor_id 15ad device_id 7a0 ss_vid 0 ss_did 0
pciehp 0000:00:17.3:pcie04: service driver pciehp loaded
pciehp 0000:00:17.4:pcie04: HPC vendor_id 15ad device_id 7a0 ss_vid 0 ss_did 0
pciehp 0000:00:17.4:pcie04: service driver pciehp loaded
pciehp 0000:00:17.5:pcie04: HPC vendor_id 15ad device_id 7a0 ss_vid 0 ss_did 0
pciehp 0000:00:17.5:pcie04: service driver pciehp loaded
pciehp 0000:00:17.6:pcie04: HPC vendor_id 15ad device_id 7a0 ss_vid 0 ss_did 0
pciehp 0000:00:17.6:pcie04: service driver pciehp loaded
pciehp 0000:00:17.7:pcie04: HPC vendor_id 15ad device_id 7a0 ss_vid 0 ss_did 0
pciehp 0000:00:17.7:pcie04: service driver pciehp loaded
pciehp 0000:00:18.0:pcie04: HPC vendor_id 15ad device_id 7a0 ss_vid 0 ss_did 0
pciehp 0000:00:18.0:pcie04: service driver pciehp loaded
pciehp 0000:00:18.1:pcie04: HPC vendor_id 15ad device_id 7a0 ss_vid 0 ss_did 0
pciehp 0000:00:18.1:pcie04: service driver pciehp loaded
pciehp 0000:00:18.2:pcie04: HPC vendor_id 15ad device_id 7a0 ss_vid 0 ss_did 0
pciehp 0000:00:18.2:pcie04: service driver pciehp loaded
pciehp 0000:00:18.3:pcie04: HPC vendor_id 15ad device_id 7a0 ss_vid 0 ss_did 0
pciehp 0000:00:18.3:pcie04: service driver pciehp loaded
pciehp 0000:00:18.4:pcie04: HPC vendor_id 15ad device_id 7a0 ss_vid 0 ss_did 0
pciehp 0000:00:18.4:pcie04: service driver pciehp loaded
pciehp 0000:00:18.5:pcie04: HPC vendor_id 15ad device_id 7a0 ss_vid 0 ss_did 0
pciehp 0000:00:18.5:pcie04: service driver pciehp loaded
pciehp 0000:00:18.6:pcie04: HPC vendor_id 15ad device_id 7a0 ss_vid 0 ss_did 0
pciehp 0000:00:18.6:pcie04: service driver pciehp loaded
pciehp 0000:00:18.7:pcie04: HPC vendor_id 15ad device_id 7a0 ss_vid 0 ss_did 0
pciehp 0000:00:18.7:pcie04: service driver pciehp loaded
pciehp: PCI Express Hot Plug Controller Driver version: 0.4
acpiphp: ACPI Hot Plug PCI Controller Driver version: 0.5
acpiphp: Slot [32] registered
acpiphp: Slot [33] registered
acpiphp: Slot [34] registered
acpiphp: Slot [35] registered
acpiphp: Slot [36] registered
acpiphp: Slot [37] registered
acpiphp: Slot [38] registered
acpiphp: Slot [39] registered
acpiphp: Slot [40] registered
acpiphp: Slot [41] registered
acpiphp: Slot [42] registered
acpiphp: Slot [43] registered
acpiphp: Slot [44] registered
acpiphp: Slot [45] registered
acpiphp: Slot [46] registered
acpiphp: Slot [47] registered
acpiphp: Slot [48] registered
acpiphp: Slot [49] registered
acpiphp: Slot [50] registered
acpiphp: Slot [51] registered
acpiphp: Slot [52] registered
acpiphp: Slot [53] registered
acpiphp: Slot [54] registered
acpiphp: Slot [55] registered
acpiphp: Slot [56] registered
acpiphp: Slot [57] registered
acpiphp: Slot [58] registered
acpiphp: Slot [59] registered
acpiphp: Slot [60] registered
acpiphp: Slot [61] registered
acpiphp: Slot [62] registered
acpiphp: Slot [63] registered
acpiphp_glue: Slot 160 already registered by another hotplug driver
acpiphp_glue: Slot 192 already registered by another hotplug driver
acpiphp_glue: Slot 224 already registered by another hotplug driver
acpiphp_glue: Slot 256 already registered by another hotplug driver
acpiphp_glue: Slot 161 already registered by another hotplug driver
acpiphp_glue: Slot 162 already registered by another hotplug driver
acpiphp_glue: Slot 163 already registered by another hotplug driver
acpiphp_glue: Slot 164 already registered by another hotplug driver
acpiphp_glue: Slot 165 already registered by another hotplug driver
acpiphp_glue: Slot 166 already registered by another hotplug driver
acpiphp_glue: Slot 167 already registered by another hotplug driver
acpiphp_glue: Slot 193 already registered by another hotplug driver
acpiphp_glue: Slot 194 already registered by another hotplug driver
acpiphp_glue: Slot 195 already registered by another hotplug driver
acpiphp_glue: Slot 196 already registered by another hotplug driver
acpiphp_glue: Slot 197 already registered by another hotplug driver
acpiphp_glue: Slot 198 already registered by another hotplug driver
acpiphp_glue: Slot 199 already registered by another hotplug driver
acpiphp_glue: Slot 225 already registered by another hotplug driver
acpiphp_glue: Slot 226 already registered by another hotplug driver
acpiphp_glue: Slot 227 already registered by another hotplug driver
acpiphp_glue: Slot 228 already registered by another hotplug driver
acpiphp_glue: Slot 229 already registered by another hotplug driver
acpiphp_glue: Slot 230 already registered by another hotplug driver
acpiphp_glue: Slot 231 already registered by another hotplug driver
acpiphp_glue: Slot 257 already registered by another hotplug driver
acpiphp_glue: Slot 258 already registered by another hotplug driver
acpiphp_glue: Slot 259 already registered by another hotplug driver
acpiphp_glue: Slot 260 already registered by another hotplug driver
acpiphp_glue: Slot 261 already registered by another hotplug driver
acpiphp_glue: Slot 262 already registered by another hotplug driver
acpiphp_glue: Slot 263 already registered by another hotplug driver
ipmi message handler version 39.2
IPMI System Interface driver.
ipmi_si: Adding default-specified kcs state machine
ipmi_si: Trying default-specified kcs state machine at i/o address 0xca2, slave address 0x0, irq 0
ipmi_si: Interface detection failed
ipmi_si: Adding default-specified smic state machine
ipmi_si: Trying default-specified smic state machine at i/o address 0xca9, slave address 0x0, irq 0
ipmi_si: Interface detection failed
ipmi_si: Adding default-specified bt state machine
ipmi_si: Trying default-specified bt state machine at i/o address 0xe4, slave address 0x0, irq 0
ipmi_si: Interface detection failed
ipmi_si: Unable to find any System Interface(s)
ACPI: AC Adapter [ACAD] (on-line)
input: Power Button as /devices/LNXSYSTM:00/LNXPWRBN:00/input/input0
ACPI: Power Button [PWRF]
ACPI: acpi_idle registered with cpuidle
ACPI Exception: AE_NOT_FOUND, No or invalid critical threshold (20090903/thermal-386)
Hotplug Mem Device 
GHES: HEST is not enabled!
Non-volatile memory driver v1.3
Linux agpgart interface v0.103
agpgart-intel 0000:00:00.0: Intel 440BX Chipset
agpgart-intel 0000:00:00.0: AGP aperture is 256M @ 0x0
crash memory driver: version 1.1
Serial: 8250/16550 driver, 4 ports, IRQ sharing enabled
serial8250: ttyS0 at I/O 0x3f8 (irq = 4) is a 16550A
Refined TSC clocksource calibration: 2194.922 MHz.
Switching to clocksource tsc
serial8250: ttyS1 at I/O 0x2f8 (irq = 3) is a 16550A
00:0a: ttyS0 at I/O 0x3f8 (irq = 4) is a 16550A
00:0b: ttyS1 at I/O 0x2f8 (irq = 3) is a 16550A
brd: module loaded
loop: module loaded
input: Macintosh mouse button emulation as /devices/virtual/input/input1
Fixed MDIO Bus: probed
ehci_hcd: USB 2.0 'Enhanced' Host Controller (EHCI) Driver
ehci_hcd 0000:02:03.0: PCI INT A -> GSI 17 (level, low) -> IRQ 17
ehci_hcd 0000:02:03.0: EHCI Host Controller
ehci_hcd 0000:02:03.0: new USB bus registered, assigned bus number 1
ehci_hcd 0000:02:03.0: cache line size of 64 is not supported
ehci_hcd 0000:02:03.0: irq 17, io mem 0xfd5ef000
ehci_hcd 0000:02:03.0: USB 2.0 started, EHCI 1.00
usb usb1: New USB device found, idVendor=1d6b, idProduct=0002
usb usb1: New USB device strings: Mfr=3, Product=2, SerialNumber=1
usb usb1: Product: EHCI Host Controller
usb usb1: Manufacturer: Linux 2.6.32-431.el6.x86_64 ehci_hcd
usb usb1: SerialNumber: 0000:02:03.0
usb usb1: configuration #1 chosen from 1 choice
hub 1-0:1.0: USB hub found
hub 1-0:1.0: 6 ports detected
ohci_hcd: USB 1.1 'Open' Host Controller (OHCI) Driver
uhci_hcd: USB Universal Host Controller Interface driver
uhci_hcd 0000:02:00.0: PCI INT A -> GSI 18 (level, low) -> IRQ 18
uhci_hcd 0000:02:00.0: UHCI Host Controller
uhci_hcd 0000:02:00.0: new USB bus registered, assigned bus number 2
uhci_hcd 0000:02:00.0: irq 18, io base 0x00002080
usb usb2: New USB device found, idVendor=1d6b, idProduct=0001
usb usb2: New USB device strings: Mfr=3, Product=2, SerialNumber=1
usb usb2: Product: UHCI Host Controller
usb usb2: Manufacturer: Linux 2.6.32-431.el6.x86_64 uhci_hcd
usb usb2: SerialNumber: 0000:02:00.0
usb usb2: configuration #1 chosen from 1 choice
hub 2-0:1.0: USB hub found
hub 2-0:1.0: 2 ports detected
PNP: PS/2 Controller [PNP0303:KBC,PNP0f13:MOUS] at 0x60,0x64 irq 1,12
serio: i8042 KBD port at 0x60,0x64 irq 1
serio: i8042 AUX port at 0x60,0x64 irq 12
mice: PS/2 mouse device common for all mice
rtc_cmos 00:04: rtc core: registered rtc_cmos as rtc0
rtc0: alarms up to one month, y3k, 114 bytes nvram, hpet irqs
cpuidle: using governor ladder
cpuidle: using governor menu
EFI Variables Facility v0.08 2004-May-17
usbcore: registered new interface driver hiddev
usbcore: registered new interface driver usbhid
usbhid: v2.6:USB HID core driver
GRE over IPv4 demultiplexor driver
TCP cubic registered
Initializing XFRM netlink socket
NET: Registered protocol family 17
input: AT Translated Set 2 keyboard as /devices/platform/i8042/serio0/input/input2
registered taskstats version 1
input: ImPS/2 Generic Wheel Mouse as /devices/platform/i8042/serio1/input/input3
rtc_cmos 00:04: setting system clock to 2016-12-31 07:51:32 UTC (1483170692)
Initalizing network drop monitor service
Freeing unused kernel memory: 1276k freed
Write protecting the kernel read-only data: 10240k
Freeing unused kernel memory: 800k freed
Freeing unused kernel memory: 1588k freed
dracut: dracut-004-335.el6
dracut: rd_NO_LUKS: removing cryptoluks activation
dracut: rd_NO_LVM: removing LVM activation
device-mapper: uevent: version 1.0.3
device-mapper: ioctl: 4.24.6-ioctl (2013-01-15) initialised: dm-devel@redhat.com
udev: starting version 147
usb 2-1: new full speed USB device number 2 using uhci_hcd
usb 2-1: New USB device found, idVendor=0e0f, idProduct=0003
usb 2-1: New USB device strings: Mfr=1, Product=2, SerialNumber=0
usb 2-1: Product: VMware Virtual USB Mouse
usb 2-1: Manufacturer: VMware
usb 2-1: configuration #1 chosen from 1 choice
input: VMware VMware Virtual USB Mouse as /devices/pci0000:00/0000:00:11.0/0000:02:00.0/usb2/2-1/2-1:1.0/input/input4
generic-usb 0003:0E0F:0003.0001: input,hidraw0: USB HID v1.10 Mouse [VMware VMware Virtual USB Mouse] on usb-0000:02:00.0-1/input0
dracut: Starting plymouth daemon
usb 2-2: new full speed USB device number 3 using uhci_hcd
usb 2-2: New USB device found, idVendor=0e0f, idProduct=0002
usb 2-2: New USB device strings: Mfr=0, Product=1, SerialNumber=0
usb 2-2: Product: VMware Virtual USB Hub
usb 2-2: configuration #1 chosen from 1 choice
hub 2-2:1.0: USB hub found
hub 2-2:1.0: 7 ports detected
usb 2-2.1: new full speed USB device number 4 using uhci_hcd
dracut: rd_NO_DM: removing DM RAID activation
dracut: rd_NO_MD: removing MD RAID activation
usb 2-2.1: New USB device found, idVendor=0e0f, idProduct=0008
usb 2-2.1: New USB device strings: Mfr=1, Product=2, SerialNumber=3
usb 2-2.1: Product: Virtual Bluetooth Adapter
usb 2-2.1: Manufacturer: VMware
usb 2-2.1: SerialNumber: 000650268328
usb 2-2.1: configuration #1 chosen from 1 choice
Fusion MPT base driver 3.04.20
Copyright (c) 1999-2008 LSI Corporation
Fusion MPT SPI Host driver 3.04.20
mptspi 0000:00:10.0: PCI INT A -> GSI 17 (level, low) -> IRQ 17
mptbase: ioc0: Initiating bringup
ioc0: LSI53C1030 B0: Capabilities={Initiator}
scsi0 : ioc0: LSI53C1030 B0, FwRev=01032920h, Ports=1, MaxQ=128, IRQ=17
scsi 0:0:0:0: Direct-Access     VMware,  VMware Virtual S 1.0  PQ: 0 ANSI: 2
scsi target0:0:0: Beginning Domain Validation
scsi target0:0:0: Domain Validation skipping write tests
scsi target0:0:0: Ending Domain Validation
scsi target0:0:0: FAST-40 WIDE SCSI 80.0 MB/s ST (25 ns, offset 127)
scsi 0:0:1:0: Direct-Access     VMware,  VMware Virtual S 1.0  PQ: 0 ANSI: 2
scsi target0:0:1: Beginning Domain Validation
scsi target0:0:1: Domain Validation skipping write tests
scsi target0:0:1: Ending Domain Validation
scsi target0:0:1: FAST-40 WIDE SCSI 80.0 MB/s ST (25 ns, offset 127)
ata_piix 0000:00:07.1: version 2.13
scsi1 : ata_piix
scsi2 : ata_piix
ata1: PATA max UDMA/33 cmd 0x1f0 ctl 0x3f6 bmdma 0x1060 irq 14
ata2: PATA max UDMA/33 cmd 0x170 ctl 0x376 bmdma 0x1068 irq 15
ata2.00: ATAPI: VMware Virtual IDE CDROM Drive, 00000001, max UDMA/33
ata2.00: configured for UDMA/33
scsi 2:0:0:0: CD-ROM            NECVMWar VMware IDE CDR10 1.00 PQ: 0 ANSI: 5
sd 0:0:0:0: [sda] 41943040 512-byte logical blocks: (21.4 GB/20.0 GiB)
sd 0:0:0:0: [sda] Write Protect is off
sd 0:0:0:0: [sda] Mode Sense: 61 00 00 00
sd 0:0:0:0: [sda] Cache data unavailable
sd 0:0:0:0: [sda] Assuming drive cache: write through
sd 0:0:0:0: [sda] Cache data unavailable
sd 0:0:0:0: [sda] Assuming drive cache: write through
 sda:
sd 0:0:1:0: [sdb] 2097152 512-byte logical blocks: (1.07 GB/1.00 GiB)
sd 0:0:1:0: [sdb] Write Protect is off
sd 0:0:1:0: [sdb] Mode Sense: 61 00 00 00
sd 0:0:1:0: [sdb] Cache data unavailable
sd 0:0:1:0: [sdb] Assuming drive cache: write through
sd 0:0:1:0: [sdb] Cache data unavailable
sd 0:0:1:0: [sdb] Assuming drive cache: write through
 sdb: sda1 sda2 sda3
sd 0:0:0:0: [sda] Cache data unavailable
sd 0:0:0:0: [sda] Assuming drive cache: write through
sd 0:0:0:0: [sda] Attached SCSI disk
 sdb1 sdb2
sd 0:0:1:0: [sdb] Cache data unavailable
sd 0:0:1:0: [sdb] Assuming drive cache: write through
sd 0:0:1:0: [sdb] Attached SCSI disk
sr0: scsi3-mmc drive: 1x/1x writer dvd-ram cd/rw xa/form2 cdda tray
Uniform CD-ROM driver Revision: 3.20
sr 2:0:0:0: Attached scsi CD-ROM sr0
EXT4-fs (sda3): INFO: recovery required on readonly filesystem
EXT4-fs (sda3): write access will be enabled during recovery
EXT4-fs (sda3): recovery complete
EXT4-fs (sda3): mounted filesystem with ordered data mode. Opts: 
dracut: Mounted root filesystem /dev/sda3
SELinux:  Disabled at runtime.
SELinux:  Unregistering netfilter hooks
type=1404 audit(1483170697.770:2): selinux=0 auid=4294967295 ses=4294967295
dracut: 
dracut: Switching root
udev: starting version 147
shpchp: Standard Hot Plug PCI Controller Driver version: 0.4
sd 0:0:0:0: Attached scsi generic sg0 type 0
sd 0:0:1:0: Attached scsi generic sg1 type 0
sr 2:0:0:0: Attached scsi generic sg2 type 5
piix4_smbus 0000:00:07.3: Host SMBus controller not enabled!
e1000: Intel(R) PRO/1000 Network Driver - version 7.3.21-k8-NAPI
e1000: Copyright (c) 1999-2006 Intel Corporation.
  alloc irq_desc for 19 on node -1
  alloc kstat_irqs on node -1
e1000 0000:02:01.0: PCI INT A -> GSI 19 (level, low) -> IRQ 19
e1000 0000:02:01.0: setting latency timer to 64
e1000 0000:02:01.0: eth0: (PCI:66MHz:32-bit) 00:0c:29:83:42:de
e1000 0000:02:01.0: eth0: Intel(R) PRO/1000 Network Connection
parport_pc 00:09: reported by Plug and Play ACPI
parport0: PC-style at 0x378, irq 7 [PCSPP,TRISTATE]
  alloc irq_desc for 16 on node -1
  alloc kstat_irqs on node -1
ENS1371 0000:02:02.0: PCI INT A -> GSI 16 (level, low) -> IRQ 16
Bluetooth: Core ver 2.15
NET: Registered protocol family 31
Bluetooth: HCI device and connection manager initialized
Bluetooth: HCI socket layer initialized
Bluetooth: Generic Bluetooth USB driver ver 0.6
usbcore: registered new interface driver btusb
microcode: CPU0 sig=0x306d4, pf=0x1, revision=0x1f
platform microcode: firmware: requesting intel-ucode/06-3d-04
Microcode Update Driver: v2.00 <tigran@aivazian.fsnet.co.uk>, Peter Oruba
ppdev: user-space parallel port driver
EXT4-fs (sda1): mounted filesystem with ordered data mode. Opts: 
Adding 2047992k swap on /dev/sda2.  Priority:-1 extents:1 across:2047992k 
