Dec 27 14:13:02 YGH_Linux rsyslogd: [origin software="rsyslogd" swVersion="5.8.10" x-pid="947" x-info="http://www.rsyslog.com"] rsyslogd was HUPed
Dec 27 14:23:45 YGH_Linux dhclient[889]: DHCPREQUEST on eth0 to 192.168.98.254 port 67 (xid=0x7230efa2)
Dec 27 14:23:45 YGH_Linux dhclient[889]: DHCPACK from 192.168.98.254 (xid=0x7230efa2)
Dec 27 14:23:47 YGH_Linux dhclient[889]: bound to 192.168.98.131 -- renewal in 733 seconds.
Dec 27 14:36:00 YGH_Linux dhclient[889]: DHCPREQUEST on eth0 to 192.168.98.254 port 67 (xid=0x7230efa2)
Dec 27 14:36:00 YGH_Linux dhclient[889]: DHCPACK from 192.168.98.254 (xid=0x7230efa2)
Dec 27 14:36:02 YGH_Linux dhclient[889]: bound to 192.168.98.131 -- renewal in 743 seconds.
Dec 27 14:43:25 YGH_Linux kernel: e1000: eth0 NIC Link is Down
Dec 27 14:43:29 YGH_Linux kernel: e1000: eth0 NIC Link is Up 1000 Mbps Full Duplex, Flow Control: None
Dec 27 14:48:25 YGH_Linux dhclient[889]: DHCPREQUEST on eth0 to 192.168.98.254 port 67 (xid=0x7230efa2)
Dec 27 14:48:25 YGH_Linux dhclient[889]: DHCPACK from 192.168.98.254 (xid=0x7230efa2)
Dec 27 14:48:27 YGH_Linux dhclient[889]: bound to 192.168.98.131 -- renewal in 819 seconds.
Dec 27 15:02:06 YGH_Linux dhclient[889]: DHCPREQUEST on eth0 to 192.168.98.254 port 67 (xid=0x7230efa2)
Dec 27 15:02:06 YGH_Linux dhclient[889]: DHCPACK from 192.168.98.254 (xid=0x7230efa2)
Dec 27 15:02:08 YGH_Linux dhclient[889]: bound to 192.168.98.131 -- renewal in 850 seconds.
Dec 27 15:16:18 YGH_Linux dhclient[889]: DHCPREQUEST on eth0 to 192.168.98.254 port 67 (xid=0x7230efa2)
Dec 27 15:16:18 YGH_Linux dhclient[889]: DHCPACK from 192.168.98.254 (xid=0x7230efa2)
Dec 27 15:16:20 YGH_Linux dhclient[889]: bound to 192.168.98.131 -- renewal in 785 seconds.
Dec 27 15:29:25 YGH_Linux dhclient[889]: DHCPREQUEST on eth0 to 192.168.98.254 port 67 (xid=0x7230efa2)
Dec 27 15:29:25 YGH_Linux dhclient[889]: DHCPACK from 192.168.98.254 (xid=0x7230efa2)
Dec 27 15:29:27 YGH_Linux dhclient[889]: bound to 192.168.98.131 -- renewal in 889 seconds.
Dec 27 15:44:16 YGH_Linux dhclient[889]: DHCPREQUEST on eth0 to 192.168.98.254 port 67 (xid=0x7230efa2)
Dec 27 15:44:16 YGH_Linux dhclient[889]: DHCPACK from 192.168.98.254 (xid=0x7230efa2)
Dec 27 15:44:18 YGH_Linux dhclient[889]: bound to 192.168.98.131 -- renewal in 860 seconds.
Dec 27 15:58:35 YGH_Linux kernel: e1000: eth0 NIC Link is Down
Dec 27 15:58:38 YGH_Linux dhclient[889]: DHCPREQUEST on eth0 to 192.168.98.254 port 67 (xid=0x7230efa2)
Dec 27 15:58:39 YGH_Linux kernel: e1000: eth0 NIC Link is Up 1000 Mbps Full Duplex, Flow Control: None
Dec 27 15:58:40 YGH_Linux dhclient[889]: DHCPACK from 192.168.98.254 (xid=0x7230efa2)
Dec 27 15:58:42 YGH_Linux dhclient[889]: bound to 192.168.98.131 -- renewal in 818 seconds.
Dec 27 17:33:02 YGH_Linux dhclient[889]: DHCPDISCOVER on eth0 to 255.255.255.255 port 67 interval 8 (xid=0x7a3cf621)
Dec 27 17:33:03 YGH_Linux dhclient[889]: DHCPOFFER from 192.168.98.254
Dec 27 17:33:03 YGH_Linux dhclient[889]: DHCPREQUEST on eth0 to 255.255.255.255 port 67 (xid=0x7a3cf621)
Dec 27 17:33:03 YGH_Linux dhclient[889]: DHCPACK from 192.168.98.254 (xid=0x7a3cf621)
Dec 27 17:33:05 YGH_Linux NET[2807]: /sbin/dhclient-script : updated /etc/resolv.conf
Dec 27 17:33:05 YGH_Linux dhclient[889]: bound to 192.168.98.131 -- renewal in 686 seconds.
Dec 27 17:36:26 YGH_Linux init: tty (/dev/tty1) main process (1001) killed by TERM signal
Dec 27 17:36:26 YGH_Linux init: tty (/dev/tty2) main process (1003) killed by TERM signal
Dec 27 17:36:26 YGH_Linux init: tty (/dev/tty3) main process (1005) killed by TERM signal
Dec 27 17:36:26 YGH_Linux init: tty (/dev/tty4) main process (1007) killed by TERM signal
Dec 27 17:36:26 YGH_Linux init: tty (/dev/tty5) main process (1009) killed by TERM signal
Dec 27 17:36:26 YGH_Linux init: tty (/dev/tty6) main process (1011) killed by TERM signal
Dec 27 17:36:27 YGH_Linux kernel: Kernel logging (proc) stopped.
Dec 27 17:36:27 YGH_Linux rsyslogd: [origin software="rsyslogd" swVersion="5.8.10" x-pid="947" x-info="http://www.rsyslog.com"] exiting on signal 15.
Dec 28 08:02:31 YGH_Linux kernel: imklog 5.8.10, log source = /proc/kmsg started.
Dec 28 08:02:31 YGH_Linux rsyslogd: [origin software="rsyslogd" swVersion="5.8.10" x-pid="947" x-info="http://www.rsyslog.com"] start
Dec 28 08:02:31 YGH_Linux kernel: Initializing cgroup subsys cpuset
Dec 28 08:02:31 YGH_Linux kernel: Initializing cgroup subsys cpu
Dec 28 08:02:31 YGH_Linux kernel: Linux version 2.6.32-431.el6.x86_64 (mockbuild@c6b8.bsys.dev.centos.org) (gcc version 4.4.7 20120313 (Red Hat 4.4.7-4) (GCC) ) #1 SMP Fri Nov 22 03:15:09 UTC 2013
Dec 28 08:02:31 YGH_Linux kernel: Command line: ro root=UUID=32e06aa9-a0f2-4b1b-9607-19dccee2af47 rd_NO_LUKS rd_NO_LVM LANG=en_US.UTF-8 rd_NO_MD SYSFONT=latarcyrheb-sun16 crashkernel=auto  KEYBOARDTYPE=pc KEYTABLE=us rd_NO_DM rhgb quiet
Dec 28 08:02:31 YGH_Linux kernel: KERNEL supported cpus:
Dec 28 08:02:31 YGH_Linux kernel:  Intel GenuineIntel
Dec 28 08:02:31 YGH_Linux kernel:  AMD AuthenticAMD
Dec 28 08:02:31 YGH_Linux kernel:  Centaur CentaurHauls
Dec 28 08:02:31 YGH_Linux kernel: Disabled fast string operations
Dec 28 08:02:31 YGH_Linux kernel: BIOS-provided physical RAM map:
Dec 28 08:02:31 YGH_Linux kernel: BIOS-e820: 0000000000000000 - 000000000009f000 (usable)
Dec 28 08:02:31 YGH_Linux kernel: BIOS-e820: 000000000009f000 - 00000000000a0000 (reserved)
Dec 28 08:02:31 YGH_Linux kernel: BIOS-e820: 00000000000ca000 - 00000000000cc000 (reserved)
Dec 28 08:02:31 YGH_Linux kernel: BIOS-e820: 00000000000dc000 - 0000000000100000 (reserved)
Dec 28 08:02:31 YGH_Linux kernel: BIOS-e820: 0000000000100000 - 000000007fee0000 (usable)
Dec 28 08:02:31 YGH_Linux kernel: BIOS-e820: 000000007fee0000 - 000000007feff000 (ACPI data)
Dec 28 08:02:31 YGH_Linux kernel: BIOS-e820: 000000007feff000 - 000000007ff00000 (ACPI NVS)
Dec 28 08:02:31 YGH_Linux kernel: BIOS-e820: 000000007ff00000 - 0000000080000000 (usable)
Dec 28 08:02:31 YGH_Linux kernel: BIOS-e820: 00000000f0000000 - 00000000f8000000 (reserved)
Dec 28 08:02:31 YGH_Linux kernel: BIOS-e820: 00000000fec00000 - 00000000fec10000 (reserved)
Dec 28 08:02:31 YGH_Linux kernel: BIOS-e820: 00000000fee00000 - 00000000fee01000 (reserved)
Dec 28 08:02:31 YGH_Linux kernel: BIOS-e820: 00000000fffe0000 - 0000000100000000 (reserved)
Dec 28 08:02:31 YGH_Linux kernel: DMI present.
Dec 28 08:02:31 YGH_Linux kernel: SMBIOS version 2.4 @ 0xF6B30
Dec 28 08:02:31 YGH_Linux kernel: Phoenix BIOS detected: BIOS may corrupt low RAM, working around it.
Dec 28 08:02:31 YGH_Linux kernel: Hypervisor detected: VMware
Dec 28 08:02:31 YGH_Linux kernel: last_pfn = 0x80000 max_arch_pfn = 0x400000000
Dec 28 08:02:31 YGH_Linux kernel: x86 PAT enabled: cpu 0, old 0x0, new 0x7010600070106
Dec 28 08:02:31 YGH_Linux kernel: Using GB pages for direct mapping
Dec 28 08:02:31 YGH_Linux kernel: init_memory_mapping: 0000000000000000-0000000080000000
Dec 28 08:02:31 YGH_Linux kernel: RAMDISK: 36f95000 - 37fef34d
Dec 28 08:02:31 YGH_Linux kernel: ACPI: RSDP 00000000000f6b80 00024 (v02 PTLTD )
Dec 28 08:02:31 YGH_Linux kernel: ACPI: XSDT 000000007feeda33 0005C (v01 INTEL  440BX    06040000 VMW  01324272)
Dec 28 08:02:31 YGH_Linux kernel: ACPI: FACP 000000007fefee73 000F4 (v04 INTEL  440BX    06040000 PTL  000F4240)
Dec 28 08:02:31 YGH_Linux kernel: ACPI: DSDT 000000007feee8eb 10588 (v01 PTLTD  Custom   06040000 MSFT 03000001)
Dec 28 08:02:31 YGH_Linux kernel: ACPI: FACS 000000007fefffc0 00040
Dec 28 08:02:31 YGH_Linux kernel: ACPI: BOOT 000000007feee8c3 00028 (v01 PTLTD  $SBFTBL$ 06040000  LTP 00000001)
Dec 28 08:02:31 YGH_Linux kernel: ACPI: APIC 000000007feee501 003C2 (v01 PTLTD  ? APIC   06040000  LTP 00000000)
Dec 28 08:02:31 YGH_Linux kernel: ACPI: MCFG 000000007feee4c5 0003C (v01 PTLTD  $PCITBL$ 06040000  LTP 00000001)
Dec 28 08:02:31 YGH_Linux kernel: ACPI: SRAT 000000007feedb2f 004D0 (v02 VMWARE MEMPLUG  06040000 VMW  00000001)
Dec 28 08:02:31 YGH_Linux kernel: ACPI: HPET 000000007feedaf7 00038 (v01 VMWARE VMW HPET 06040000 VMW  00000001)
Dec 28 08:02:31 YGH_Linux kernel: ACPI: WAET 000000007feedacf 00028 (v01 VMWARE VMW WAET 06040000 VMW  00000001)
Dec 28 08:02:31 YGH_Linux kernel: Setting APIC routing to physical flat.
Dec 28 08:02:31 YGH_Linux kernel: SRAT: PXM 0 -> APIC 0 -> Node 0
Dec 28 08:02:31 YGH_Linux kernel: SRAT: PXM 0 -> APIC 2 -> Node 0
Dec 28 08:02:31 YGH_Linux kernel: SRAT: PXM 0 -> APIC 4 -> Node 0
Dec 28 08:02:31 YGH_Linux kernel: SRAT: PXM 0 -> APIC 6 -> Node 0
Dec 28 08:02:31 YGH_Linux kernel: SRAT: PXM 0 -> APIC 8 -> Node 0
Dec 28 08:02:31 YGH_Linux kernel: SRAT: PXM 0 -> APIC 10 -> Node 0
Dec 28 08:02:31 YGH_Linux kernel: SRAT: PXM 0 -> APIC 12 -> Node 0
Dec 28 08:02:31 YGH_Linux kernel: SRAT: PXM 0 -> APIC 14 -> Node 0
Dec 28 08:02:31 YGH_Linux kernel: SRAT: PXM 0 -> APIC 16 -> Node 0
Dec 28 08:02:31 YGH_Linux kernel: SRAT: PXM 0 -> APIC 18 -> Node 0
Dec 28 08:02:31 YGH_Linux kernel: SRAT: PXM 0 -> APIC 20 -> Node 0
Dec 28 08:02:31 YGH_Linux kernel: SRAT: PXM 0 -> APIC 22 -> Node 0
Dec 28 08:02:31 YGH_Linux kernel: SRAT: PXM 0 -> APIC 24 -> Node 0
Dec 28 08:02:31 YGH_Linux kernel: SRAT: PXM 0 -> APIC 26 -> Node 0
Dec 28 08:02:31 YGH_Linux kernel: SRAT: PXM 0 -> APIC 28 -> Node 0
Dec 28 08:02:31 YGH_Linux kernel: SRAT: PXM 0 -> APIC 30 -> Node 0
Dec 28 08:02:31 YGH_Linux kernel: SRAT: PXM 0 -> APIC 32 -> Node 0
Dec 28 08:02:31 YGH_Linux kernel: SRAT: PXM 0 -> APIC 34 -> Node 0
Dec 28 08:02:31 YGH_Linux kernel: SRAT: PXM 0 -> APIC 36 -> Node 0
Dec 28 08:02:31 YGH_Linux kernel: SRAT: PXM 0 -> APIC 38 -> Node 0
Dec 28 08:02:31 YGH_Linux kernel: SRAT: PXM 0 -> APIC 40 -> Node 0
Dec 28 08:02:31 YGH_Linux kernel: SRAT: PXM 0 -> APIC 42 -> Node 0
Dec 28 08:02:31 YGH_Linux kernel: SRAT: PXM 0 -> APIC 44 -> Node 0
Dec 28 08:02:31 YGH_Linux kernel: SRAT: PXM 0 -> APIC 46 -> Node 0
Dec 28 08:02:31 YGH_Linux kernel: SRAT: PXM 0 -> APIC 48 -> Node 0
Dec 28 08:02:31 YGH_Linux kernel: SRAT: PXM 0 -> APIC 50 -> Node 0
Dec 28 08:02:31 YGH_Linux kernel: SRAT: PXM 0 -> APIC 52 -> Node 0
Dec 28 08:02:31 YGH_Linux kernel: SRAT: PXM 0 -> APIC 54 -> Node 0
Dec 28 08:02:31 YGH_Linux kernel: SRAT: PXM 0 -> APIC 56 -> Node 0
Dec 28 08:02:31 YGH_Linux kernel: SRAT: PXM 0 -> APIC 58 -> Node 0
Dec 28 08:02:31 YGH_Linux kernel: SRAT: PXM 0 -> APIC 60 -> Node 0
Dec 28 08:02:31 YGH_Linux kernel: SRAT: PXM 0 -> APIC 62 -> Node 0
Dec 28 08:02:31 YGH_Linux kernel: SRAT: PXM 0 -> APIC 64 -> Node 0
Dec 28 08:02:31 YGH_Linux kernel: SRAT: PXM 0 -> APIC 66 -> Node 0
Dec 28 08:02:31 YGH_Linux kernel: SRAT: PXM 0 -> APIC 68 -> Node 0
Dec 28 08:02:31 YGH_Linux kernel: SRAT: PXM 0 -> APIC 70 -> Node 0
Dec 28 08:02:31 YGH_Linux kernel: SRAT: PXM 0 -> APIC 72 -> Node 0
Dec 28 08:02:31 YGH_Linux kernel: SRAT: PXM 0 -> APIC 74 -> Node 0
Dec 28 08:02:31 YGH_Linux kernel: SRAT: PXM 0 -> APIC 76 -> Node 0
Dec 28 08:02:31 YGH_Linux kernel: SRAT: PXM 0 -> APIC 78 -> Node 0
Dec 28 08:02:31 YGH_Linux kernel: SRAT: PXM 0 -> APIC 80 -> Node 0
Dec 28 08:02:31 YGH_Linux kernel: SRAT: PXM 0 -> APIC 82 -> Node 0
Dec 28 08:02:31 YGH_Linux kernel: SRAT: PXM 0 -> APIC 84 -> Node 0
Dec 28 08:02:31 YGH_Linux kernel: SRAT: PXM 0 -> APIC 86 -> Node 0
Dec 28 08:02:31 YGH_Linux kernel: SRAT: PXM 0 -> APIC 88 -> Node 0
Dec 28 08:02:31 YGH_Linux kernel: SRAT: PXM 0 -> APIC 90 -> Node 0
Dec 28 08:02:31 YGH_Linux kernel: SRAT: PXM 0 -> APIC 92 -> Node 0
Dec 28 08:02:31 YGH_Linux kernel: SRAT: PXM 0 -> APIC 94 -> Node 0
Dec 28 08:02:31 YGH_Linux kernel: SRAT: PXM 0 -> APIC 96 -> Node 0
Dec 28 08:02:31 YGH_Linux kernel: SRAT: PXM 0 -> APIC 98 -> Node 0
Dec 28 08:02:31 YGH_Linux kernel: SRAT: PXM 0 -> APIC 100 -> Node 0
Dec 28 08:02:31 YGH_Linux kernel: SRAT: PXM 0 -> APIC 102 -> Node 0
Dec 28 08:02:31 YGH_Linux kernel: SRAT: PXM 0 -> APIC 104 -> Node 0
Dec 28 08:02:31 YGH_Linux kernel: SRAT: PXM 0 -> APIC 106 -> Node 0
Dec 28 08:02:31 YGH_Linux kernel: SRAT: PXM 0 -> APIC 108 -> Node 0
Dec 28 08:02:31 YGH_Linux kernel: SRAT: PXM 0 -> APIC 110 -> Node 0
Dec 28 08:02:31 YGH_Linux kernel: SRAT: PXM 0 -> APIC 112 -> Node 0
Dec 28 08:02:31 YGH_Linux kernel: SRAT: PXM 0 -> APIC 114 -> Node 0
Dec 28 08:02:31 YGH_Linux kernel: SRAT: PXM 0 -> APIC 116 -> Node 0
Dec 28 08:02:31 YGH_Linux kernel: SRAT: PXM 0 -> APIC 118 -> Node 0
Dec 28 08:02:31 YGH_Linux kernel: SRAT: PXM 0 -> APIC 120 -> Node 0
Dec 28 08:02:31 YGH_Linux kernel: SRAT: PXM 0 -> APIC 122 -> Node 0
Dec 28 08:02:31 YGH_Linux kernel: SRAT: PXM 0 -> APIC 124 -> Node 0
Dec 28 08:02:31 YGH_Linux kernel: SRAT: PXM 0 -> APIC 126 -> Node 0
Dec 28 08:02:31 YGH_Linux kernel: SRAT: Node 0 PXM 0 0-a0000
Dec 28 08:02:31 YGH_Linux kernel: SRAT: Node 0 PXM 0 100000-10000000
Dec 28 08:02:31 YGH_Linux kernel: SRAT: Node 0 PXM 0 10000000-80000000
Dec 28 08:02:31 YGH_Linux kernel: SRAT: Node 0 PXM 0 80000000-c0000000
Dec 28 08:02:31 YGH_Linux kernel: SRAT: hot plug zone found 80000000 - c0000000
Dec 28 08:02:31 YGH_Linux kernel: Bootmem setup node 0 0000000000000000-0000000080000000
Dec 28 08:02:31 YGH_Linux kernel:  NODE_DATA [0000000000011840 - 000000000004583f]
Dec 28 08:02:31 YGH_Linux kernel:  bootmap [0000000000046000 -  0000000000055fff] pages 10
Dec 28 08:02:31 YGH_Linux kernel: (7 early reservations) ==> bootmem [0000000000 - 0080000000]
Dec 28 08:02:31 YGH_Linux kernel:  #0 [0000000000 - 0000001000]   BIOS data page ==> [0000000000 - 0000001000]
Dec 28 08:02:31 YGH_Linux kernel:  #1 [0000006000 - 0000008000]       TRAMPOLINE ==> [0000006000 - 0000008000]
Dec 28 08:02:31 YGH_Linux kernel:  #2 [0001000000 - 000201faa4]    TEXT DATA BSS ==> [0001000000 - 000201faa4]
Dec 28 08:02:31 YGH_Linux kernel:  #3 [0036f95000 - 0037fef34d]          RAMDISK ==> [0036f95000 - 0037fef34d]
Dec 28 08:02:31 YGH_Linux kernel:  #4 [000009f000 - 0000100000]    BIOS reserved ==> [000009f000 - 0000100000]
Dec 28 08:02:31 YGH_Linux kernel:  #5 [0002020000 - 00020201f0]              BRK ==> [0002020000 - 00020201f0]
Dec 28 08:02:31 YGH_Linux kernel:  #6 [0000010000 - 0000011840]       MEMNODEMAP ==> [0000010000 - 0000011840]
Dec 28 08:02:31 YGH_Linux kernel: found SMP MP-table at [ffff8800000f6bf0] f6bf0
Dec 28 08:02:31 YGH_Linux kernel: Reserving 129MB of memory at 48MB for crashkernel (System RAM: 2048MB)
Dec 28 08:02:31 YGH_Linux kernel: Zone PFN ranges:
Dec 28 08:02:31 YGH_Linux kernel:  DMA      0x00000010 -> 0x00001000
Dec 28 08:02:31 YGH_Linux kernel:  DMA32    0x00001000 -> 0x00100000
Dec 28 08:02:31 YGH_Linux kernel:  Normal   0x00100000 -> 0x00100000
Dec 28 08:02:31 YGH_Linux kernel: Movable zone start PFN for each node
Dec 28 08:02:31 YGH_Linux kernel: early_node_map[3] active PFN ranges
Dec 28 08:02:31 YGH_Linux kernel:    0: 0x00000010 -> 0x0000009f
Dec 28 08:02:31 YGH_Linux kernel:    0: 0x00000100 -> 0x0007fee0
Dec 28 08:02:31 YGH_Linux kernel:    0: 0x0007ff00 -> 0x00080000
Dec 28 08:02:31 YGH_Linux kernel: ACPI: PM-Timer IO Port: 0x1008
Dec 28 08:02:31 YGH_Linux kernel: Setting APIC routing to physical flat.
Dec 28 08:02:31 YGH_Linux kernel: ACPI: LAPIC (acpi_id[0x00] lapic_id[0x00] enabled)
Dec 28 08:02:31 YGH_Linux kernel: ACPI: LAPIC (acpi_id[0x01] lapic_id[0x02] disabled)
Dec 28 08:02:31 YGH_Linux kernel: ACPI: LAPIC (acpi_id[0x02] lapic_id[0x04] disabled)
Dec 28 08:02:31 YGH_Linux kernel: ACPI: LAPIC (acpi_id[0x03] lapic_id[0x06] disabled)
Dec 28 08:02:31 YGH_Linux kernel: ACPI: LAPIC (acpi_id[0x04] lapic_id[0x08] disabled)
Dec 28 08:02:31 YGH_Linux kernel: ACPI: LAPIC (acpi_id[0x05] lapic_id[0x0a] disabled)
Dec 28 08:02:31 YGH_Linux kernel: ACPI: LAPIC (acpi_id[0x06] lapic_id[0x0c] disabled)
Dec 28 08:02:31 YGH_Linux kernel: ACPI: LAPIC (acpi_id[0x07] lapic_id[0x0e] disabled)
Dec 28 08:02:31 YGH_Linux kernel: ACPI: LAPIC (acpi_id[0x08] lapic_id[0x10] disabled)
Dec 28 08:02:31 YGH_Linux kernel: ACPI: LAPIC (acpi_id[0x09] lapic_id[0x12] disabled)
Dec 28 08:02:31 YGH_Linux kernel: ACPI: LAPIC (acpi_id[0x0a] lapic_id[0x14] disabled)
Dec 28 08:02:31 YGH_Linux kernel: ACPI: LAPIC (acpi_id[0x0b] lapic_id[0x16] disabled)
Dec 28 08:02:31 YGH_Linux kernel: ACPI: LAPIC (acpi_id[0x0c] lapic_id[0x18] disabled)
Dec 28 08:02:31 YGH_Linux kernel: ACPI: LAPIC (acpi_id[0x0d] lapic_id[0x1a] disabled)
Dec 28 08:02:31 YGH_Linux kernel: ACPI: LAPIC (acpi_id[0x0e] lapic_id[0x1c] disabled)
Dec 28 08:02:31 YGH_Linux kernel: ACPI: LAPIC (acpi_id[0x0f] lapic_id[0x1e] disabled)
Dec 28 08:02:31 YGH_Linux kernel: ACPI: LAPIC (acpi_id[0x10] lapic_id[0x20] disabled)
Dec 28 08:02:31 YGH_Linux kernel: ACPI: LAPIC (acpi_id[0x11] lapic_id[0x22] disabled)
Dec 28 08:02:31 YGH_Linux kernel: ACPI: LAPIC (acpi_id[0x12] lapic_id[0x24] disabled)
Dec 28 08:02:31 YGH_Linux kernel: ACPI: LAPIC (acpi_id[0x13] lapic_id[0x26] disabled)
Dec 28 08:02:31 YGH_Linux kernel: ACPI: LAPIC (acpi_id[0x14] lapic_id[0x28] disabled)
Dec 28 08:02:31 YGH_Linux kernel: ACPI: LAPIC (acpi_id[0x15] lapic_id[0x2a] disabled)
Dec 28 08:02:31 YGH_Linux kernel: ACPI: LAPIC (acpi_id[0x16] lapic_id[0x2c] disabled)
Dec 28 08:02:31 YGH_Linux kernel: ACPI: LAPIC (acpi_id[0x17] lapic_id[0x2e] disabled)
Dec 28 08:02:31 YGH_Linux kernel: ACPI: LAPIC (acpi_id[0x18] lapic_id[0x30] disabled)
Dec 28 08:02:31 YGH_Linux kernel: ACPI: LAPIC (acpi_id[0x19] lapic_id[0x32] disabled)
Dec 28 08:02:31 YGH_Linux kernel: ACPI: LAPIC (acpi_id[0x1a] lapic_id[0x34] disabled)
Dec 28 08:02:31 YGH_Linux kernel: ACPI: LAPIC (acpi_id[0x1b] lapic_id[0x36] disabled)
Dec 28 08:02:31 YGH_Linux kernel: ACPI: LAPIC (acpi_id[0x1c] lapic_id[0x38] disabled)
Dec 28 08:02:31 YGH_Linux kernel: ACPI: LAPIC (acpi_id[0x1d] lapic_id[0x3a] disabled)
Dec 28 08:02:31 YGH_Linux kernel: ACPI: LAPIC (acpi_id[0x1e] lapic_id[0x3c] disabled)
Dec 28 08:02:31 YGH_Linux kernel: ACPI: LAPIC (acpi_id[0x1f] lapic_id[0x3e] disabled)
Dec 28 08:02:31 YGH_Linux kernel: ACPI: LAPIC (acpi_id[0x20] lapic_id[0x40] disabled)
Dec 28 08:02:31 YGH_Linux kernel: ACPI: LAPIC (acpi_id[0x21] lapic_id[0x42] disabled)
Dec 28 08:02:31 YGH_Linux kernel: ACPI: LAPIC (acpi_id[0x22] lapic_id[0x44] disabled)
Dec 28 08:02:31 YGH_Linux kernel: ACPI: LAPIC (acpi_id[0x23] lapic_id[0x46] disabled)
Dec 28 08:02:31 YGH_Linux kernel: ACPI: LAPIC (acpi_id[0x24] lapic_id[0x48] disabled)
Dec 28 08:02:31 YGH_Linux kernel: ACPI: LAPIC (acpi_id[0x25] lapic_id[0x4a] disabled)
Dec 28 08:02:31 YGH_Linux kernel: ACPI: LAPIC (acpi_id[0x26] lapic_id[0x4c] disabled)
Dec 28 08:02:31 YGH_Linux kernel: ACPI: LAPIC (acpi_id[0x27] lapic_id[0x4e] disabled)
Dec 28 08:02:31 YGH_Linux kernel: ACPI: LAPIC (acpi_id[0x28] lapic_id[0x50] disabled)
Dec 28 08:02:31 YGH_Linux kernel: ACPI: LAPIC (acpi_id[0x29] lapic_id[0x52] disabled)
Dec 28 08:02:31 YGH_Linux kernel: ACPI: LAPIC (acpi_id[0x2a] lapic_id[0x54] disabled)
Dec 28 08:02:31 YGH_Linux kernel: ACPI: LAPIC (acpi_id[0x2b] lapic_id[0x56] disabled)
Dec 28 08:02:31 YGH_Linux kernel: ACPI: LAPIC (acpi_id[0x2c] lapic_id[0x58] disabled)
Dec 28 08:02:31 YGH_Linux kernel: ACPI: LAPIC (acpi_id[0x2d] lapic_id[0x5a] disabled)
Dec 28 08:02:31 YGH_Linux kernel: ACPI: LAPIC (acpi_id[0x2e] lapic_id[0x5c] disabled)
Dec 28 08:02:31 YGH_Linux kernel: ACPI: LAPIC (acpi_id[0x2f] lapic_id[0x5e] disabled)
Dec 28 08:02:31 YGH_Linux kernel: ACPI: LAPIC (acpi_id[0x30] lapic_id[0x60] disabled)
Dec 28 08:02:31 YGH_Linux kernel: ACPI: LAPIC (acpi_id[0x31] lapic_id[0x62] disabled)
Dec 28 08:02:31 YGH_Linux kernel: ACPI: LAPIC (acpi_id[0x32] lapic_id[0x64] disabled)
Dec 28 08:02:31 YGH_Linux kernel: ACPI: LAPIC (acpi_id[0x33] lapic_id[0x66] disabled)
Dec 28 08:02:31 YGH_Linux kernel: ACPI: LAPIC (acpi_id[0x34] lapic_id[0x68] disabled)
Dec 28 08:02:31 YGH_Linux kernel: ACPI: LAPIC (acpi_id[0x35] lapic_id[0x6a] disabled)
Dec 28 08:02:31 YGH_Linux kernel: ACPI: LAPIC (acpi_id[0x36] lapic_id[0x6c] disabled)
Dec 28 08:02:31 YGH_Linux kernel: ACPI: LAPIC (acpi_id[0x37] lapic_id[0x6e] disabled)
Dec 28 08:02:31 YGH_Linux kernel: ACPI: LAPIC (acpi_id[0x38] lapic_id[0x70] disabled)
Dec 28 08:02:31 YGH_Linux kernel: ACPI: LAPIC (acpi_id[0x39] lapic_id[0x72] disabled)
Dec 28 08:02:31 YGH_Linux kernel: ACPI: LAPIC (acpi_id[0x3a] lapic_id[0x74] disabled)
Dec 28 08:02:31 YGH_Linux kernel: ACPI: LAPIC (acpi_id[0x3b] lapic_id[0x76] disabled)
Dec 28 08:02:31 YGH_Linux kernel: ACPI: LAPIC (acpi_id[0x3c] lapic_id[0x78] disabled)
Dec 28 08:02:31 YGH_Linux kernel: ACPI: LAPIC (acpi_id[0x3d] lapic_id[0x7a] disabled)
Dec 28 08:02:31 YGH_Linux kernel: ACPI: LAPIC (acpi_id[0x3e] lapic_id[0x7c] disabled)
Dec 28 08:02:31 YGH_Linux kernel: ACPI: LAPIC (acpi_id[0x3f] lapic_id[0x7e] disabled)
Dec 28 08:02:31 YGH_Linux kernel: ACPI: LAPIC_NMI (acpi_id[0x00] high edge lint[0x1])
Dec 28 08:02:31 YGH_Linux kernel: ACPI: LAPIC_NMI (acpi_id[0x01] high edge lint[0x1])
Dec 28 08:02:31 YGH_Linux kernel: ACPI: LAPIC_NMI (acpi_id[0x02] high edge lint[0x1])
Dec 28 08:02:31 YGH_Linux kernel: ACPI: LAPIC_NMI (acpi_id[0x03] high edge lint[0x1])
Dec 28 08:02:31 YGH_Linux kernel: ACPI: LAPIC_NMI (acpi_id[0x04] high edge lint[0x1])
Dec 28 08:02:31 YGH_Linux kernel: ACPI: LAPIC_NMI (acpi_id[0x05] high edge lint[0x1])
Dec 28 08:02:31 YGH_Linux kernel: ACPI: LAPIC_NMI (acpi_id[0x06] high edge lint[0x1])
Dec 28 08:02:31 YGH_Linux kernel: ACPI: LAPIC_NMI (acpi_id[0x07] high edge lint[0x1])
Dec 28 08:02:31 YGH_Linux kernel: ACPI: LAPIC_NMI (acpi_id[0x08] high edge lint[0x1])
Dec 28 08:02:31 YGH_Linux kernel: ACPI: LAPIC_NMI (acpi_id[0x09] high edge lint[0x1])
Dec 28 08:02:31 YGH_Linux kernel: ACPI: LAPIC_NMI (acpi_id[0x0a] high edge lint[0x1])
Dec 28 08:02:31 YGH_Linux kernel: ACPI: LAPIC_NMI (acpi_id[0x0b] high edge lint[0x1])
Dec 28 08:02:31 YGH_Linux kernel: ACPI: LAPIC_NMI (acpi_id[0x0c] high edge lint[0x1])
Dec 28 08:02:31 YGH_Linux kernel: ACPI: LAPIC_NMI (acpi_id[0x0d] high edge lint[0x1])
Dec 28 08:02:31 YGH_Linux kernel: ACPI: LAPIC_NMI (acpi_id[0x0e] high edge lint[0x1])
Dec 28 08:02:31 YGH_Linux kernel: ACPI: LAPIC_NMI (acpi_id[0x0f] high edge lint[0x1])
Dec 28 08:02:31 YGH_Linux kernel: ACPI: LAPIC_NMI (acpi_id[0x10] high edge lint[0x1])
Dec 28 08:02:31 YGH_Linux kernel: ACPI: LAPIC_NMI (acpi_id[0x11] high edge lint[0x1])
Dec 28 08:02:31 YGH_Linux kernel: ACPI: LAPIC_NMI (acpi_id[0x12] high edge lint[0x1])
Dec 28 08:02:31 YGH_Linux kernel: ACPI: LAPIC_NMI (acpi_id[0x13] high edge lint[0x1])
Dec 28 08:02:31 YGH_Linux kernel: ACPI: LAPIC_NMI (acpi_id[0x14] high edge lint[0x1])
Dec 28 08:02:31 YGH_Linux kernel: ACPI: LAPIC_NMI (acpi_id[0x15] high edge lint[0x1])
Dec 28 08:02:31 YGH_Linux kernel: ACPI: LAPIC_NMI (acpi_id[0x16] high edge lint[0x1])
Dec 28 08:02:31 YGH_Linux kernel: ACPI: LAPIC_NMI (acpi_id[0x17] high edge lint[0x1])
Dec 28 08:02:31 YGH_Linux kernel: ACPI: LAPIC_NMI (acpi_id[0x18] high edge lint[0x1])
Dec 28 08:02:31 YGH_Linux kernel: ACPI: LAPIC_NMI (acpi_id[0x19] high edge lint[0x1])
Dec 28 08:02:31 YGH_Linux kernel: ACPI: LAPIC_NMI (acpi_id[0x1a] high edge lint[0x1])
Dec 28 08:02:31 YGH_Linux kernel: ACPI: LAPIC_NMI (acpi_id[0x1b] high edge lint[0x1])
Dec 28 08:02:31 YGH_Linux kernel: ACPI: LAPIC_NMI (acpi_id[0x1c] high edge lint[0x1])
Dec 28 08:02:31 YGH_Linux kernel: ACPI: LAPIC_NMI (acpi_id[0x1d] high edge lint[0x1])
Dec 28 08:02:31 YGH_Linux kernel: ACPI: LAPIC_NMI (acpi_id[0x1e] high edge lint[0x1])
Dec 28 08:02:31 YGH_Linux kernel: ACPI: LAPIC_NMI (acpi_id[0x1f] high edge lint[0x1])
Dec 28 08:02:31 YGH_Linux kernel: ACPI: LAPIC_NMI (acpi_id[0x20] high edge lint[0x1])
Dec 28 08:02:31 YGH_Linux kernel: ACPI: LAPIC_NMI (acpi_id[0x21] high edge lint[0x1])
Dec 28 08:02:31 YGH_Linux kernel: ACPI: LAPIC_NMI (acpi_id[0x22] high edge lint[0x1])
Dec 28 08:02:31 YGH_Linux kernel: ACPI: LAPIC_NMI (acpi_id[0x23] high edge lint[0x1])
Dec 28 08:02:31 YGH_Linux kernel: ACPI: LAPIC_NMI (acpi_id[0x24] high edge lint[0x1])
Dec 28 08:02:31 YGH_Linux kernel: ACPI: LAPIC_NMI (acpi_id[0x25] high edge lint[0x1])
Dec 28 08:02:31 YGH_Linux kernel: ACPI: LAPIC_NMI (acpi_id[0x26] high edge lint[0x1])
Dec 28 08:02:31 YGH_Linux kernel: ACPI: LAPIC_NMI (acpi_id[0x27] high edge lint[0x1])
Dec 28 08:02:31 YGH_Linux kernel: ACPI: LAPIC_NMI (acpi_id[0x28] high edge lint[0x1])
Dec 28 08:02:31 YGH_Linux kernel: ACPI: LAPIC_NMI (acpi_id[0x29] high edge lint[0x1])
Dec 28 08:02:31 YGH_Linux kernel: ACPI: LAPIC_NMI (acpi_id[0x2a] high edge lint[0x1])
Dec 28 08:02:31 YGH_Linux kernel: ACPI: LAPIC_NMI (acpi_id[0x2b] high edge lint[0x1])
Dec 28 08:02:31 YGH_Linux kernel: ACPI: LAPIC_NMI (acpi_id[0x2c] high edge lint[0x1])
Dec 28 08:02:31 YGH_Linux kernel: ACPI: LAPIC_NMI (acpi_id[0x2d] high edge lint[0x1])
Dec 28 08:02:31 YGH_Linux kernel: ACPI: LAPIC_NMI (acpi_id[0x2e] high edge lint[0x1])
Dec 28 08:02:31 YGH_Linux kernel: ACPI: LAPIC_NMI (acpi_id[0x2f] high edge lint[0x1])
Dec 28 08:02:31 YGH_Linux kernel: ACPI: LAPIC_NMI (acpi_id[0x30] high edge lint[0x1])
Dec 28 08:02:31 YGH_Linux kernel: ACPI: LAPIC_NMI (acpi_id[0x31] high edge lint[0x1])
Dec 28 08:02:31 YGH_Linux kernel: ACPI: LAPIC_NMI (acpi_id[0x32] high edge lint[0x1])
Dec 28 08:02:31 YGH_Linux kernel: ACPI: LAPIC_NMI (acpi_id[0x33] high edge lint[0x1])
Dec 28 08:02:31 YGH_Linux kernel: ACPI: LAPIC_NMI (acpi_id[0x34] high edge lint[0x1])
Dec 28 08:02:31 YGH_Linux kernel: ACPI: LAPIC_NMI (acpi_id[0x35] high edge lint[0x1])
Dec 28 08:02:31 YGH_Linux kernel: ACPI: LAPIC_NMI (acpi_id[0x36] high edge lint[0x1])
Dec 28 08:02:31 YGH_Linux kernel: ACPI: LAPIC_NMI (acpi_id[0x37] high edge lint[0x1])
Dec 28 08:02:31 YGH_Linux kernel: ACPI: LAPIC_NMI (acpi_id[0x38] high edge lint[0x1])
Dec 28 08:02:31 YGH_Linux kernel: ACPI: LAPIC_NMI (acpi_id[0x39] high edge lint[0x1])
Dec 28 08:02:31 YGH_Linux kernel: ACPI: LAPIC_NMI (acpi_id[0x3a] high edge lint[0x1])
Dec 28 08:02:31 YGH_Linux kernel: ACPI: LAPIC_NMI (acpi_id[0x3b] high edge lint[0x1])
Dec 28 08:02:31 YGH_Linux kernel: ACPI: LAPIC_NMI (acpi_id[0x3c] high edge lint[0x1])
Dec 28 08:02:31 YGH_Linux kernel: ACPI: LAPIC_NMI (acpi_id[0x3d] high edge lint[0x1])
Dec 28 08:02:31 YGH_Linux kernel: ACPI: LAPIC_NMI (acpi_id[0x3e] high edge lint[0x1])
Dec 28 08:02:31 YGH_Linux kernel: ACPI: LAPIC_NMI (acpi_id[0x3f] high edge lint[0x1])
Dec 28 08:02:31 YGH_Linux kernel: ACPI: IOAPIC (id[0x01] address[0xfec00000] gsi_base[0])
Dec 28 08:02:31 YGH_Linux kernel: IOAPIC[0]: apic_id 1, version 17, address 0xfec00000, GSI 0-23
Dec 28 08:02:31 YGH_Linux kernel: ACPI: INT_SRC_OVR (bus 0 bus_irq 0 global_irq 2 high edge)
Dec 28 08:02:31 YGH_Linux kernel: Using ACPI (MADT) for SMP configuration information
Dec 28 08:02:31 YGH_Linux kernel: ACPI: HPET id: 0x8086af01 base: 0xfed00000
Dec 28 08:02:31 YGH_Linux kernel: SMP: Allowing 64 CPUs, 63 hotplug CPUs
Dec 28 08:02:31 YGH_Linux kernel: PM: Registered nosave memory: 000000000009f000 - 00000000000a0000
Dec 28 08:02:31 YGH_Linux kernel: PM: Registered nosave memory: 00000000000a0000 - 00000000000ca000
Dec 28 08:02:31 YGH_Linux kernel: PM: Registered nosave memory: 00000000000ca000 - 00000000000cc000
Dec 28 08:02:31 YGH_Linux kernel: PM: Registered nosave memory: 00000000000cc000 - 00000000000dc000
Dec 28 08:02:31 YGH_Linux kernel: PM: Registered nosave memory: 00000000000dc000 - 0000000000100000
Dec 28 08:02:31 YGH_Linux kernel: PM: Registered nosave memory: 000000007fee0000 - 000000007feff000
Dec 28 08:02:31 YGH_Linux kernel: PM: Registered nosave memory: 000000007feff000 - 000000007ff00000
Dec 28 08:02:31 YGH_Linux kernel: Allocating PCI resources starting at 80000000 (gap: 80000000:70000000)
Dec 28 08:02:31 YGH_Linux kernel: Booting paravirtualized kernel on bare hardware
Dec 28 08:02:31 YGH_Linux kernel: Detected CPU family 6 model 61
Dec 28 08:02:31 YGH_Linux kernel: UNSUPPORTED HARDWARE DEVICE: Intel CPU model
Dec 28 08:02:31 YGH_Linux kernel: ------------[ cut here ]------------
Dec 28 08:02:31 YGH_Linux kernel: WARNING: at kernel/rh_taint.c:13 mark_hardware_unsupported+0x39/0x40() (Not tainted)
Dec 28 08:02:31 YGH_Linux kernel: Hardware name: VMware Virtual Platform
Dec 28 08:02:31 YGH_Linux kernel: Your hardware is unsupported.  Please do not report bugs, panics, oopses, etc., on this hardware.
Dec 28 08:02:31 YGH_Linux kernel: Modules linked in:
Dec 28 08:02:31 YGH_Linux kernel: Pid: 0, comm: swapper Not tainted 2.6.32-431.el6.x86_64 #1
Dec 28 08:02:31 YGH_Linux kernel: Call Trace:
Dec 28 08:02:31 YGH_Linux kernel: [<ffffffff81071e27>] ? warn_slowpath_common+0x87/0xc0
Dec 28 08:02:31 YGH_Linux kernel: [<ffffffff81071ebf>] ? warn_slowpath_fmt_taint+0x3f/0x50
Dec 28 08:02:31 YGH_Linux kernel: [<ffffffff810a4109>] ? mark_hardware_unsupported+0x39/0x40
Dec 28 08:02:31 YGH_Linux kernel: [<ffffffff81c2ca7c>] ? setup_arch+0xb67/0xb8a
Dec 28 08:02:31 YGH_Linux kernel: [<ffffffff81527303>] ? printk+0x41/0x46
Dec 28 08:02:31 YGH_Linux kernel: [<ffffffff81c26c47>] ? start_kernel+0xdc/0x430
Dec 28 08:02:31 YGH_Linux kernel: [<ffffffff81c2633a>] ? x86_64_start_reservations+0x125/0x129
Dec 28 08:02:31 YGH_Linux kernel: [<ffffffff81c26453>] ? x86_64_start_kernel+0x115/0x124
Dec 28 08:02:31 YGH_Linux kernel: ---[ end trace a7919e7f17c0a725 ]---
Dec 28 08:02:31 YGH_Linux kernel: NR_CPUS:4096 nr_cpumask_bits:64 nr_cpu_ids:64 nr_node_ids:1
Dec 28 08:02:31 YGH_Linux kernel: PERCPU: Embedded 31 pages/cpu @ffff88000c400000 s94872 r8192 d23912 u131072
Dec 28 08:02:31 YGH_Linux kernel: pcpu-alloc: s94872 r8192 d23912 u131072 alloc=1*2097152
Dec 28 08:02:31 YGH_Linux kernel: pcpu-alloc: [0] 00 01 02 03 04 05 06 07 08 09 10 11 12 13 14 15 
Dec 28 08:02:31 YGH_Linux kernel: pcpu-alloc: [0] 16 17 18 19 20 21 22 23 24 25 26 27 28 29 30 31 
Dec 28 08:02:31 YGH_Linux kernel: pcpu-alloc: [0] 32 33 34 35 36 37 38 39 40 41 42 43 44 45 46 47 
Dec 28 08:02:31 YGH_Linux kernel: pcpu-alloc: [0] 48 49 50 51 52 53 54 55 56 57 58 59 60 61 62 63 
Dec 28 08:02:31 YGH_Linux kernel: Built 1 zonelists in Node order, mobility grouping on.  Total pages: 516874
Dec 28 08:02:31 YGH_Linux kernel: Policy zone: DMA32
Dec 28 08:02:31 YGH_Linux kernel: Kernel command line: ro root=UUID=32e06aa9-a0f2-4b1b-9607-19dccee2af47 rd_NO_LUKS rd_NO_LVM LANG=en_US.UTF-8 rd_NO_MD SYSFONT=latarcyrheb-sun16 crashkernel=129M@0M  KEYBOARDTYPE=pc KEYTABLE=us rd_NO_DM rhgb quiet
Dec 28 08:02:31 YGH_Linux kernel: PID hash table entries: 4096 (order: 3, 32768 bytes)
Dec 28 08:02:31 YGH_Linux kernel: xsave/xrstor: enabled xstate_bv 0x7, cntxt size 0x340
Dec 28 08:02:31 YGH_Linux kernel: Checking aperture...
Dec 28 08:02:31 YGH_Linux kernel: No AGP bridge found
Dec 28 08:02:31 YGH_Linux kernel: Memory: 1894084k/2097152k available (5325k kernel code, 580k absent, 202488k reserved, 7013k data, 1276k init)
Dec 28 08:02:31 YGH_Linux kernel: Hierarchical RCU implementation.
Dec 28 08:02:31 YGH_Linux kernel: NR_IRQS:33024 nr_irqs:920
Dec 28 08:02:31 YGH_Linux kernel: Extended CMOS year: 2000
Dec 28 08:02:31 YGH_Linux kernel: Console: colour VGA+ 80x25
Dec 28 08:02:31 YGH_Linux kernel: console [tty0] enabled
Dec 28 08:02:31 YGH_Linux kernel: allocated 8388608 bytes of page_cgroup
Dec 28 08:02:31 YGH_Linux kernel: please try 'cgroup_disable=memory' option if you don't want memory cgroups
Dec 28 08:02:31 YGH_Linux kernel: TSC freq read from hypervisor : 2194.922 MHz
Dec 28 08:02:31 YGH_Linux kernel: Detected 2194.922 MHz processor.
Dec 28 08:02:31 YGH_Linux kernel: Calibrating delay loop (skipped) preset value.. 4389.84 BogoMIPS (lpj=2194922)
Dec 28 08:02:31 YGH_Linux kernel: pid_max: default: 65536 minimum: 512
Dec 28 08:02:31 YGH_Linux kernel: Security Framework initialized
Dec 28 08:02:31 YGH_Linux kernel: SELinux:  Initializing.
Dec 28 08:02:31 YGH_Linux kernel: Dentry cache hash table entries: 262144 (order: 9, 2097152 bytes)
Dec 28 08:02:31 YGH_Linux kernel: Inode-cache hash table entries: 131072 (order: 8, 1048576 bytes)
Dec 28 08:02:31 YGH_Linux kernel: Mount-cache hash table entries: 256
Dec 28 08:02:31 YGH_Linux kernel: Initializing cgroup subsys ns
Dec 28 08:02:31 YGH_Linux kernel: Initializing cgroup subsys cpuacct
Dec 28 08:02:31 YGH_Linux kernel: Initializing cgroup subsys memory
Dec 28 08:02:31 YGH_Linux kernel: Initializing cgroup subsys devices
Dec 28 08:02:31 YGH_Linux kernel: Initializing cgroup subsys freezer
Dec 28 08:02:31 YGH_Linux kernel: Initializing cgroup subsys net_cls
Dec 28 08:02:31 YGH_Linux kernel: Initializing cgroup subsys blkio
Dec 28 08:02:31 YGH_Linux kernel: Initializing cgroup subsys perf_event
Dec 28 08:02:31 YGH_Linux kernel: Initializing cgroup subsys net_prio
Dec 28 08:02:31 YGH_Linux kernel: Disabled fast string operations
Dec 28 08:02:31 YGH_Linux kernel: CPU: Physical Processor ID: 0
Dec 28 08:02:31 YGH_Linux kernel: mce: CPU supports 0 MCE banks
Dec 28 08:02:31 YGH_Linux kernel: alternatives: switching to unfair spinlock
Dec 28 08:02:31 YGH_Linux kernel: SMP alternatives: switching to UP code
Dec 28 08:02:31 YGH_Linux kernel: ACPI: Core revision 20090903
Dec 28 08:02:31 YGH_Linux kernel: ftrace: converting mcount calls to 0f 1f 44 00 00
Dec 28 08:02:31 YGH_Linux kernel: ftrace: allocating 21769 entries in 86 pages
Dec 28 08:02:31 YGH_Linux kernel: x2apic not enabled, IRQ remapping init failed
Dec 28 08:02:31 YGH_Linux kernel: APIC routing finalized to physical flat.
Dec 28 08:02:31 YGH_Linux kernel: ..TIMER: vector=0x30 apic1=0 pin1=2 apic2=-1 pin2=-1
Dec 28 08:02:31 YGH_Linux kernel: CPU0: Intel(R) Core(TM) i5-5200U CPU @ 2.20GHz stepping 04
Dec 28 08:02:31 YGH_Linux kernel: Performance Events: generic architected perfmon v1, core PMU driver.
Dec 28 08:02:31 YGH_Linux kernel: CPUID marked event: 'cpu cycles' unavailable
Dec 28 08:02:31 YGH_Linux kernel: CPUID marked event: 'instructions' unavailable
Dec 28 08:02:31 YGH_Linux kernel: CPUID marked event: 'bus cycles' unavailable
Dec 28 08:02:31 YGH_Linux kernel: CPUID marked event: 'cache references' unavailable
Dec 28 08:02:31 YGH_Linux kernel: CPUID marked event: 'cache misses' unavailable
Dec 28 08:02:31 YGH_Linux kernel: CPUID marked event: 'branch instructions' unavailable
Dec 28 08:02:31 YGH_Linux kernel: CPUID marked event: 'branch misses' unavailable
Dec 28 08:02:31 YGH_Linux kernel: ... version:                1
Dec 28 08:02:31 YGH_Linux kernel: ... bit width:              48
Dec 28 08:02:31 YGH_Linux kernel: ... generic registers:      4
Dec 28 08:02:31 YGH_Linux kernel: ... value mask:             0000ffffffffffff
Dec 28 08:02:31 YGH_Linux kernel: ... max period:             000000007fffffff
Dec 28 08:02:31 YGH_Linux kernel: ... fixed-purpose events:   0
Dec 28 08:02:31 YGH_Linux kernel: ... event mask:             000000000000000f
Dec 28 08:02:31 YGH_Linux kernel: NMI watchdog disabled (cpu0): hardware events not enabled
Dec 28 08:02:31 YGH_Linux kernel: Brought up 1 CPUs
Dec 28 08:02:31 YGH_Linux kernel: Total of 1 processors activated (4389.84 BogoMIPS).
Dec 28 08:02:31 YGH_Linux kernel: x86 PAT enabled: cpu 0, old 0x0, new 0x7010600070106
Dec 28 08:02:31 YGH_Linux kernel: devtmpfs: initialized
Dec 28 08:02:31 YGH_Linux kernel: PM: Registering ACPI NVS region at 7feff000 (4096 bytes)
Dec 28 08:02:31 YGH_Linux kernel: regulator: core version 0.5
Dec 28 08:02:31 YGH_Linux kernel: NET: Registered protocol family 16
Dec 28 08:02:31 YGH_Linux kernel: ACPI: bus type pci registered
Dec 28 08:02:31 YGH_Linux kernel: PCI: MCFG configuration 0: base f0000000 segment 0 buses 0 - 127
Dec 28 08:02:31 YGH_Linux kernel: PCI: MCFG area at f0000000 reserved in E820
Dec 28 08:02:31 YGH_Linux kernel: PCI: Using MMCONFIG at f0000000 - f7ffffff
Dec 28 08:02:31 YGH_Linux kernel: PCI: Using configuration type 1 for base access
Dec 28 08:02:31 YGH_Linux kernel: bio: create slab <bio-0> at 0
Dec 28 08:02:31 YGH_Linux kernel: ACPI: BIOS _OSI(Linux) query ignored
Dec 28 08:02:31 YGH_Linux kernel: ACPI: Interpreter enabled
Dec 28 08:02:31 YGH_Linux kernel: ACPI: (supports S0 S1 S4 S5)
Dec 28 08:02:31 YGH_Linux kernel: ACPI: Using IOAPIC for interrupt routing
Dec 28 08:02:31 YGH_Linux kernel: ACPI: No dock devices found.
Dec 28 08:02:31 YGH_Linux kernel: PCI: Using host bridge windows from ACPI; if necessary, use "pci=nocrs" and report a bug
Dec 28 08:02:31 YGH_Linux kernel: ACPI: PCI Root Bridge [PCI0] (domain 0000 [bus 00-7f])
Dec 28 08:02:31 YGH_Linux kernel: pci_root PNP0A03:00: host bridge window [mem 0x000a0000-0x000bffff]
Dec 28 08:02:31 YGH_Linux kernel: pci_root PNP0A03:00: host bridge window [mem 0x000cc000-0x000cffff]
Dec 28 08:02:31 YGH_Linux kernel: pci_root PNP0A03:00: host bridge window [mem 0x000d0000-0x000d3fff]
Dec 28 08:02:31 YGH_Linux kernel: pci_root PNP0A03:00: host bridge window [mem 0x000d4000-0x000d7fff]
Dec 28 08:02:31 YGH_Linux kernel: pci_root PNP0A03:00: host bridge window [mem 0x000d8000-0x000dbfff]
Dec 28 08:02:31 YGH_Linux kernel: pci_root PNP0A03:00: host bridge window [mem 0xc0000000-0xfebfffff]
Dec 28 08:02:31 YGH_Linux kernel: pci_root PNP0A03:00: host bridge window [io  0x0000-0x0cf7]
Dec 28 08:02:31 YGH_Linux kernel: pci_root PNP0A03:00: host bridge window [io  0x0d00-0xfeff]
Dec 28 08:02:31 YGH_Linux kernel: PCI host bridge to bus 0000:00
Dec 28 08:02:31 YGH_Linux kernel: pci_bus 0000:00: root bus resource [mem 0x000a0000-0x000bffff]
Dec 28 08:02:31 YGH_Linux kernel: pci_bus 0000:00: root bus resource [mem 0x000cc000-0x000cffff]
Dec 28 08:02:31 YGH_Linux kernel: pci_bus 0000:00: root bus resource [mem 0x000d0000-0x000d3fff]
Dec 28 08:02:31 YGH_Linux kernel: pci_bus 0000:00: root bus resource [mem 0x000d4000-0x000d7fff]
Dec 28 08:02:31 YGH_Linux kernel: pci_bus 0000:00: root bus resource [mem 0x000d8000-0x000dbfff]
Dec 28 08:02:31 YGH_Linux kernel: pci_bus 0000:00: root bus resource [mem 0xc0000000-0xfebfffff]
Dec 28 08:02:31 YGH_Linux kernel: pci_bus 0000:00: root bus resource [io  0x0000-0x0cf7]
Dec 28 08:02:31 YGH_Linux kernel: pci_bus 0000:00: root bus resource [io  0x0d00-0xfeff]
Dec 28 08:02:31 YGH_Linux kernel: pci 0000:00:07.3: quirk: [io  0x1000-0x103f] claimed by PIIX4 ACPI
Dec 28 08:02:31 YGH_Linux kernel: pci 0000:00:07.3: quirk: [io  0x1040-0x104f] claimed by PIIX4 SMB
Dec 28 08:02:31 YGH_Linux kernel: pci 0000:00:15.0: PME# supported from D0 D3hot D3cold
Dec 28 08:02:31 YGH_Linux kernel: pci 0000:00:15.0: PME# disabled
Dec 28 08:02:31 YGH_Linux kernel: pci 0000:00:15.1: PME# supported from D0 D3hot D3cold
Dec 28 08:02:31 YGH_Linux kernel: pci 0000:00:15.1: PME# disabled
Dec 28 08:02:31 YGH_Linux kernel: pci 0000:00:15.2: PME# supported from D0 D3hot D3cold
Dec 28 08:02:31 YGH_Linux kernel: pci 0000:00:15.2: PME# disabled
Dec 28 08:02:31 YGH_Linux kernel: pci 0000:00:15.3: PME# supported from D0 D3hot D3cold
Dec 28 08:02:31 YGH_Linux kernel: pci 0000:00:15.3: PME# disabled
Dec 28 08:02:31 YGH_Linux kernel: pci 0000:00:15.4: PME# supported from D0 D3hot D3cold
Dec 28 08:02:31 YGH_Linux kernel: pci 0000:00:15.4: PME# disabled
Dec 28 08:02:31 YGH_Linux kernel: pci 0000:00:15.5: PME# supported from D0 D3hot D3cold
Dec 28 08:02:31 YGH_Linux kernel: pci 0000:00:15.5: PME# disabled
Dec 28 08:02:31 YGH_Linux kernel: pci 0000:00:15.6: PME# supported from D0 D3hot D3cold
Dec 28 08:02:31 YGH_Linux kernel: pci 0000:00:15.6: PME# disabled
Dec 28 08:02:31 YGH_Linux kernel: pci 0000:00:15.7: PME# supported from D0 D3hot D3cold
Dec 28 08:02:31 YGH_Linux kernel: pci 0000:00:15.7: PME# disabled
Dec 28 08:02:31 YGH_Linux kernel: pci 0000:00:16.0: PME# supported from D0 D3hot D3cold
Dec 28 08:02:31 YGH_Linux kernel: pci 0000:00:16.0: PME# disabled
Dec 28 08:02:31 YGH_Linux kernel: pci 0000:00:16.1: PME# supported from D0 D3hot D3cold
Dec 28 08:02:31 YGH_Linux kernel: pci 0000:00:16.1: PME# disabled
Dec 28 08:02:31 YGH_Linux kernel: pci 0000:00:16.2: PME# supported from D0 D3hot D3cold
Dec 28 08:02:31 YGH_Linux kernel: pci 0000:00:16.2: PME# disabled
Dec 28 08:02:31 YGH_Linux kernel: pci 0000:00:16.3: PME# supported from D0 D3hot D3cold
Dec 28 08:02:31 YGH_Linux kernel: pci 0000:00:16.3: PME# disabled
Dec 28 08:02:31 YGH_Linux kernel: pci 0000:00:16.4: PME# supported from D0 D3hot D3cold
Dec 28 08:02:31 YGH_Linux kernel: pci 0000:00:16.4: PME# disabled
Dec 28 08:02:31 YGH_Linux kernel: pci 0000:00:16.5: PME# supported from D0 D3hot D3cold
Dec 28 08:02:31 YGH_Linux kernel: pci 0000:00:16.5: PME# disabled
Dec 28 08:02:31 YGH_Linux kernel: pci 0000:00:16.6: PME# supported from D0 D3hot D3cold
Dec 28 08:02:31 YGH_Linux kernel: pci 0000:00:16.6: PME# disabled
Dec 28 08:02:31 YGH_Linux kernel: pci 0000:00:16.7: PME# supported from D0 D3hot D3cold
Dec 28 08:02:31 YGH_Linux kernel: pci 0000:00:16.7: PME# disabled
Dec 28 08:02:31 YGH_Linux kernel: pci 0000:00:17.0: PME# supported from D0 D3hot D3cold
Dec 28 08:02:31 YGH_Linux kernel: pci 0000:00:17.0: PME# disabled
Dec 28 08:02:31 YGH_Linux kernel: pci 0000:00:17.1: PME# supported from D0 D3hot D3cold
Dec 28 08:02:31 YGH_Linux kernel: pci 0000:00:17.1: PME# disabled
Dec 28 08:02:31 YGH_Linux kernel: pci 0000:00:17.2: PME# supported from D0 D3hot D3cold
Dec 28 08:02:31 YGH_Linux kernel: pci 0000:00:17.2: PME# disabled
Dec 28 08:02:31 YGH_Linux kernel: pci 0000:00:17.3: PME# supported from D0 D3hot D3cold
Dec 28 08:02:31 YGH_Linux kernel: pci 0000:00:17.3: PME# disabled
Dec 28 08:02:31 YGH_Linux kernel: pci 0000:00:17.4: PME# supported from D0 D3hot D3cold
Dec 28 08:02:31 YGH_Linux kernel: pci 0000:00:17.4: PME# disabled
Dec 28 08:02:31 YGH_Linux kernel: pci 0000:00:17.5: PME# supported from D0 D3hot D3cold
Dec 28 08:02:31 YGH_Linux kernel: pci 0000:00:17.5: PME# disabled
Dec 28 08:02:31 YGH_Linux kernel: pci 0000:00:17.6: PME# supported from D0 D3hot D3cold
Dec 28 08:02:31 YGH_Linux kernel: pci 0000:00:17.6: PME# disabled
Dec 28 08:02:31 YGH_Linux kernel: pci 0000:00:17.7: PME# supported from D0 D3hot D3cold
Dec 28 08:02:31 YGH_Linux kernel: pci 0000:00:17.7: PME# disabled
Dec 28 08:02:31 YGH_Linux kernel: pci 0000:00:18.0: PME# supported from D0 D3hot D3cold
Dec 28 08:02:31 YGH_Linux kernel: pci 0000:00:18.0: PME# disabled
Dec 28 08:02:31 YGH_Linux kernel: pci 0000:00:18.1: PME# supported from D0 D3hot D3cold
Dec 28 08:02:31 YGH_Linux kernel: pci 0000:00:18.1: PME# disabled
Dec 28 08:02:31 YGH_Linux kernel: pci 0000:00:18.2: PME# supported from D0 D3hot D3cold
Dec 28 08:02:31 YGH_Linux kernel: pci 0000:00:18.2: PME# disabled
Dec 28 08:02:31 YGH_Linux kernel: pci 0000:00:18.3: PME# supported from D0 D3hot D3cold
Dec 28 08:02:31 YGH_Linux kernel: pci 0000:00:18.3: PME# disabled
Dec 28 08:02:31 YGH_Linux kernel: pci 0000:00:18.4: PME# supported from D0 D3hot D3cold
Dec 28 08:02:31 YGH_Linux kernel: pci 0000:00:18.4: PME# disabled
Dec 28 08:02:31 YGH_Linux kernel: pci 0000:00:18.5: PME# supported from D0 D3hot D3cold
Dec 28 08:02:31 YGH_Linux kernel: pci 0000:00:18.5: PME# disabled
Dec 28 08:02:31 YGH_Linux kernel: pci 0000:00:18.6: PME# supported from D0 D3hot D3cold
Dec 28 08:02:31 YGH_Linux kernel: pci 0000:00:18.6: PME# disabled
Dec 28 08:02:31 YGH_Linux kernel: pci 0000:00:18.7: PME# supported from D0 D3hot D3cold
Dec 28 08:02:31 YGH_Linux kernel: pci 0000:00:18.7: PME# disabled
Dec 28 08:02:31 YGH_Linux kernel: pci 0000:00:01.0: PCI bridge to [bus 01-01]
Dec 28 08:02:31 YGH_Linux kernel: pci 0000:00:11.0: PCI bridge to [bus 02-02] (subtractive decode)
Dec 28 08:02:31 YGH_Linux kernel: pci 0000:00:15.0: PCI bridge to [bus 03-03]
Dec 28 08:02:31 YGH_Linux kernel: pci 0000:00:15.1: PCI bridge to [bus 04-04]
Dec 28 08:02:31 YGH_Linux kernel: pci 0000:00:15.2: PCI bridge to [bus 05-05]
Dec 28 08:02:31 YGH_Linux kernel: pci 0000:00:15.3: PCI bridge to [bus 06-06]
Dec 28 08:02:31 YGH_Linux kernel: pci 0000:00:15.4: PCI bridge to [bus 07-07]
Dec 28 08:02:31 YGH_Linux kernel: pci 0000:00:15.5: PCI bridge to [bus 08-08]
Dec 28 08:02:31 YGH_Linux kernel: pci 0000:00:15.6: PCI bridge to [bus 09-09]
Dec 28 08:02:31 YGH_Linux kernel: pci 0000:00:15.7: PCI bridge to [bus 0a-0a]
Dec 28 08:02:31 YGH_Linux kernel: pci 0000:00:16.0: PCI bridge to [bus 0b-0b]
Dec 28 08:02:31 YGH_Linux kernel: pci 0000:00:16.1: PCI bridge to [bus 0c-0c]
Dec 28 08:02:31 YGH_Linux kernel: pci 0000:00:16.2: PCI bridge to [bus 0d-0d]
Dec 28 08:02:31 YGH_Linux kernel: pci 0000:00:16.3: PCI bridge to [bus 0e-0e]
Dec 28 08:02:31 YGH_Linux kernel: pci 0000:00:16.4: PCI bridge to [bus 0f-0f]
Dec 28 08:02:31 YGH_Linux kernel: pci 0000:00:16.5: PCI bridge to [bus 10-10]
Dec 28 08:02:31 YGH_Linux kernel: pci 0000:00:16.6: PCI bridge to [bus 11-11]
Dec 28 08:02:31 YGH_Linux kernel: pci 0000:00:16.7: PCI bridge to [bus 12-12]
Dec 28 08:02:31 YGH_Linux kernel: pci 0000:00:17.0: PCI bridge to [bus 13-13]
Dec 28 08:02:31 YGH_Linux kernel: pci 0000:00:17.1: PCI bridge to [bus 14-14]
Dec 28 08:02:31 YGH_Linux kernel: pci 0000:00:17.2: PCI bridge to [bus 15-15]
Dec 28 08:02:31 YGH_Linux kernel: pci 0000:00:17.3: PCI bridge to [bus 16-16]
Dec 28 08:02:31 YGH_Linux kernel: pci 0000:00:17.4: PCI bridge to [bus 17-17]
Dec 28 08:02:31 YGH_Linux kernel: pci 0000:00:17.5: PCI bridge to [bus 18-18]
Dec 28 08:02:31 YGH_Linux kernel: pci 0000:00:17.6: PCI bridge to [bus 19-19]
Dec 28 08:02:31 YGH_Linux kernel: pci 0000:00:17.7: PCI bridge to [bus 1a-1a]
Dec 28 08:02:31 YGH_Linux kernel: pci 0000:00:18.0: PCI bridge to [bus 1b-1b]
Dec 28 08:02:31 YGH_Linux kernel: pci 0000:00:18.1: PCI bridge to [bus 1c-1c]
Dec 28 08:02:31 YGH_Linux kernel: pci 0000:00:18.2: PCI bridge to [bus 1d-1d]
Dec 28 08:02:31 YGH_Linux kernel: pci 0000:00:18.3: PCI bridge to [bus 1e-1e]
Dec 28 08:02:31 YGH_Linux kernel: pci 0000:00:18.4: PCI bridge to [bus 1f-1f]
Dec 28 08:02:31 YGH_Linux kernel: pci 0000:00:18.5: PCI bridge to [bus 20-20]
Dec 28 08:02:31 YGH_Linux kernel: pci 0000:00:18.6: PCI bridge to [bus 21-21]
Dec 28 08:02:31 YGH_Linux kernel: pci 0000:00:18.7: PCI bridge to [bus 22-22]
Dec 28 08:02:31 YGH_Linux kernel: pci0000:00: Requesting ACPI _OSC control (0x1d)
Dec 28 08:02:31 YGH_Linux kernel: pci0000:00: ACPI _OSC control (0x15) granted
Dec 28 08:02:31 YGH_Linux kernel: ACPI: PCI Interrupt Link [LNKA] (IRQs 3 4 5 6 7 *9 10 11 14 15)
Dec 28 08:02:31 YGH_Linux kernel: ACPI: PCI Interrupt Link [LNKB] (IRQs 3 4 5 6 7 9 10 *11 14 15)
Dec 28 08:02:31 YGH_Linux kernel: ACPI: PCI Interrupt Link [LNKC] (IRQs 3 4 5 6 7 9 *10 11 14 15)
Dec 28 08:02:31 YGH_Linux kernel: ACPI: PCI Interrupt Link [LNKD] (IRQs 3 4 *5 6 7 9 10 11 14 15)
Dec 28 08:02:31 YGH_Linux kernel: vgaarb: device added: PCI:0000:00:0f.0,decodes=io+mem,owns=io+mem,locks=none
Dec 28 08:02:31 YGH_Linux kernel: vgaarb: loaded
Dec 28 08:02:31 YGH_Linux kernel: vgaarb: bridge control possible 0000:00:0f.0
Dec 28 08:02:31 YGH_Linux kernel: SCSI subsystem initialized
Dec 28 08:02:31 YGH_Linux kernel: usbcore: registered new interface driver usbfs
Dec 28 08:02:31 YGH_Linux kernel: usbcore: registered new interface driver hub
Dec 28 08:02:31 YGH_Linux kernel: usbcore: registered new device driver usb
Dec 28 08:02:31 YGH_Linux kernel: PCI: Using ACPI for IRQ routing
Dec 28 08:02:31 YGH_Linux kernel: lo: Dropping TSO features since no CSUM feature.
Dec 28 08:02:31 YGH_Linux kernel: NetLabel: Initializing
Dec 28 08:02:31 YGH_Linux kernel: NetLabel:  domain hash size = 128
Dec 28 08:02:31 YGH_Linux kernel: NetLabel:  protocols = UNLABELED CIPSOv4
Dec 28 08:02:31 YGH_Linux kernel: NetLabel:  unlabeled traffic allowed by default
Dec 28 08:02:31 YGH_Linux kernel: HPET: 16 timers in total, 0 timers will be used for per-cpu timer
Dec 28 08:02:31 YGH_Linux kernel: hpet0: at MMIO 0xfed00000, IRQs 2, 8, 0, 0, 0, 0, 0, 0, 0, 0, 0, 0, 0, 0, 0, 0
Dec 28 08:02:31 YGH_Linux kernel: hpet0: 16 comparators, 64-bit 14.318180 MHz counter
Dec 28 08:02:31 YGH_Linux kernel: Switching to clocksource hpet
Dec 28 08:02:31 YGH_Linux kernel: pnp: PnP ACPI init
Dec 28 08:02:31 YGH_Linux kernel: ACPI: bus type pnp registered
Dec 28 08:02:31 YGH_Linux kernel: pnp: PnP ACPI: found 15 devices
Dec 28 08:02:31 YGH_Linux kernel: ACPI: ACPI bus type pnp unregistered
Dec 28 08:02:31 YGH_Linux kernel: system 00:01: [io  0x1000-0x103f] has been reserved
Dec 28 08:02:31 YGH_Linux kernel: system 00:01: [io  0x1040-0x104f] has been reserved
Dec 28 08:02:31 YGH_Linux kernel: system 00:01: [io  0x0cf0-0x0cf1] has been reserved
Dec 28 08:02:31 YGH_Linux kernel: system 00:08: [mem 0xfed00000-0xfed003ff] has been reserved
Dec 28 08:02:31 YGH_Linux kernel: system 00:0d: [io  0xfce0-0xfcff] has been reserved
Dec 28 08:02:31 YGH_Linux kernel: system 00:0d: [mem 0xf0000000-0xf7ffffff] has been reserved
Dec 28 08:02:31 YGH_Linux kernel: system 00:0d: [mem 0xfe800000-0xfe9fffff] has been reserved
Dec 28 08:02:31 YGH_Linux kernel: pci 0000:00:0f.0: BAR 6: assigned [mem 0xc0000000-0xc0007fff pref]
Dec 28 08:02:31 YGH_Linux kernel: pci 0000:00:10.0: BAR 6: assigned [mem 0xc0008000-0xc000bfff pref]
Dec 28 08:02:31 YGH_Linux kernel: pci 0000:00:18.7: BAR 13: can't assign io (size 0x1000)
Dec 28 08:02:31 YGH_Linux kernel: pci 0000:00:18.6: BAR 13: can't assign io (size 0x1000)
Dec 28 08:02:31 YGH_Linux kernel: pci 0000:00:18.5: BAR 13: can't assign io (size 0x1000)
Dec 28 08:02:31 YGH_Linux kernel: pci 0000:00:18.4: BAR 13: can't assign io (size 0x1000)
Dec 28 08:02:31 YGH_Linux kernel: pci 0000:00:18.3: BAR 13: can't assign io (size 0x1000)
Dec 28 08:02:31 YGH_Linux kernel: pci 0000:00:18.2: BAR 13: can't assign io (size 0x1000)
Dec 28 08:02:31 YGH_Linux kernel: pci 0000:00:17.7: BAR 13: can't assign io (size 0x1000)
Dec 28 08:02:31 YGH_Linux kernel: pci 0000:00:17.6: BAR 13: can't assign io (size 0x1000)
Dec 28 08:02:31 YGH_Linux kernel: pci 0000:00:17.5: BAR 13: can't assign io (size 0x1000)
Dec 28 08:02:31 YGH_Linux kernel: pci 0000:00:17.4: BAR 13: can't assign io (size 0x1000)
Dec 28 08:02:31 YGH_Linux kernel: pci 0000:00:17.3: BAR 13: can't assign io (size 0x1000)
Dec 28 08:02:31 YGH_Linux kernel: pci 0000:00:16.7: BAR 13: can't assign io (size 0x1000)
Dec 28 08:02:31 YGH_Linux kernel: pci 0000:00:16.6: BAR 13: can't assign io (size 0x1000)
Dec 28 08:02:31 YGH_Linux kernel: pci 0000:00:16.5: BAR 13: can't assign io (size 0x1000)
Dec 28 08:02:31 YGH_Linux kernel: pci 0000:00:16.4: BAR 13: can't assign io (size 0x1000)
Dec 28 08:02:31 YGH_Linux kernel: pci 0000:00:16.3: BAR 13: can't assign io (size 0x1000)
Dec 28 08:02:31 YGH_Linux kernel: pci 0000:00:15.7: BAR 13: can't assign io (size 0x1000)
Dec 28 08:02:31 YGH_Linux kernel: pci 0000:00:15.6: BAR 13: can't assign io (size 0x1000)
Dec 28 08:02:31 YGH_Linux kernel: pci 0000:00:15.5: BAR 13: can't assign io (size 0x1000)
Dec 28 08:02:31 YGH_Linux kernel: pci 0000:00:15.4: BAR 13: can't assign io (size 0x1000)
Dec 28 08:02:31 YGH_Linux kernel: pci 0000:00:15.3: BAR 13: can't assign io (size 0x1000)
Dec 28 08:02:31 YGH_Linux kernel: pci 0000:00:01.0: PCI bridge to [bus 01-01]
Dec 28 08:02:31 YGH_Linux kernel: pci 0000:00:01.0: PCI bridge to [bus 01-01]
Dec 28 08:02:31 YGH_Linux kernel: pci 0000:00:01.0:   bridge window [io  disabled]
Dec 28 08:02:31 YGH_Linux kernel: pci 0000:00:01.0:   bridge window [mem disabled]
Dec 28 08:02:31 YGH_Linux kernel: pci 0000:00:01.0:   bridge window [mem pref disabled]
Dec 28 08:02:31 YGH_Linux kernel: pci 0000:02:01.0: BAR 6: assigned [mem 0xe7b00000-0xe7b0ffff pref]
Dec 28 08:02:31 YGH_Linux kernel: pci 0000:00:11.0: PCI bridge to [bus 02-02]
Dec 28 08:02:31 YGH_Linux kernel: pci 0000:00:11.0: PCI bridge to [bus 02-02]
Dec 28 08:02:31 YGH_Linux kernel: pci 0000:00:11.0:   bridge window [io  0x2000-0x3fff]
Dec 28 08:02:31 YGH_Linux kernel: pci 0000:00:11.0:   bridge window [mem 0xfd500000-0xfdffffff]
Dec 28 08:02:31 YGH_Linux kernel: pci 0000:00:11.0:   bridge window [mem 0xe7b00000-0xe7ffffff 64bit pref]
Dec 28 08:02:31 YGH_Linux kernel: pci 0000:00:15.0: PCI bridge to [bus 03-03]
Dec 28 08:02:31 YGH_Linux kernel: pci 0000:00:15.0: PCI bridge to [bus 03-03]
Dec 28 08:02:31 YGH_Linux kernel: pci 0000:00:15.0:   bridge window [io  0x4000-0x4fff]
Dec 28 08:02:31 YGH_Linux kernel: pci 0000:00:15.0:   bridge window [mem 0xfd400000-0xfd4fffff]
Dec 28 08:02:31 YGH_Linux kernel: pci 0000:00:15.0:   bridge window [mem 0xe7a00000-0xe7afffff 64bit pref]
Dec 28 08:02:31 YGH_Linux kernel: pci 0000:00:15.1: PCI bridge to [bus 04-04]
Dec 28 08:02:31 YGH_Linux kernel: pci 0000:00:15.1: PCI bridge to [bus 04-04]
Dec 28 08:02:31 YGH_Linux kernel: pci 0000:00:15.1:   bridge window [io  0x8000-0x8fff]
Dec 28 08:02:31 YGH_Linux kernel: pci 0000:00:15.1:   bridge window [mem 0xfd000000-0xfd0fffff]
Dec 28 08:02:31 YGH_Linux kernel: pci 0000:00:15.1:   bridge window [mem 0xe7600000-0xe76fffff 64bit pref]
Dec 28 08:02:31 YGH_Linux kernel: pci 0000:00:15.2: PCI bridge to [bus 05-05]
Dec 28 08:02:31 YGH_Linux kernel: pci 0000:00:15.2: PCI bridge to [bus 05-05]
Dec 28 08:02:31 YGH_Linux kernel: pci 0000:00:15.2:   bridge window [io  0xc000-0xcfff]
Dec 28 08:02:31 YGH_Linux kernel: pci 0000:00:15.2:   bridge window [mem 0xfcc00000-0xfccfffff]
Dec 28 08:02:31 YGH_Linux kernel: pci 0000:00:15.2:   bridge window [mem 0xe7200000-0xe72fffff 64bit pref]
Dec 28 08:02:31 YGH_Linux kernel: pci 0000:00:15.3: PCI bridge to [bus 06-06]
Dec 28 08:02:31 YGH_Linux kernel: pci 0000:00:15.3: PCI bridge to [bus 06-06]
Dec 28 08:02:31 YGH_Linux kernel: pci 0000:00:15.3:   bridge window [io  disabled]
Dec 28 08:02:31 YGH_Linux kernel: pci 0000:00:15.3:   bridge window [mem 0xfc800000-0xfc8fffff]
Dec 28 08:02:31 YGH_Linux kernel: pci 0000:00:15.3:   bridge window [mem 0xe6e00000-0xe6efffff 64bit pref]
Dec 28 08:02:31 YGH_Linux kernel: pci 0000:00:15.4: PCI bridge to [bus 07-07]
Dec 28 08:02:31 YGH_Linux kernel: pci 0000:00:15.4: PCI bridge to [bus 07-07]
Dec 28 08:02:31 YGH_Linux kernel: pci 0000:00:15.4:   bridge window [io  disabled]
Dec 28 08:02:31 YGH_Linux kernel: pci 0000:00:15.4:   bridge window [mem 0xfc400000-0xfc4fffff]
Dec 28 08:02:31 YGH_Linux kernel: pci 0000:00:15.4:   bridge window [mem 0xe6a00000-0xe6afffff 64bit pref]
Dec 28 08:02:31 YGH_Linux kernel: pci 0000:00:15.5: PCI bridge to [bus 08-08]
Dec 28 08:02:31 YGH_Linux kernel: pci 0000:00:15.5: PCI bridge to [bus 08-08]
Dec 28 08:02:31 YGH_Linux kernel: pci 0000:00:15.5:   bridge window [io  disabled]
Dec 28 08:02:31 YGH_Linux kernel: pci 0000:00:15.5:   bridge window [mem 0xfc000000-0xfc0fffff]
Dec 28 08:02:31 YGH_Linux kernel: pci 0000:00:15.5:   bridge window [mem 0xe6600000-0xe66fffff 64bit pref]
Dec 28 08:02:31 YGH_Linux kernel: pci 0000:00:15.6: PCI bridge to [bus 09-09]
Dec 28 08:02:31 YGH_Linux kernel: pci 0000:00:15.6: PCI bridge to [bus 09-09]
Dec 28 08:02:31 YGH_Linux kernel: pci 0000:00:15.6:   bridge window [io  disabled]
Dec 28 08:02:31 YGH_Linux kernel: pci 0000:00:15.6:   bridge window [mem 0xfbc00000-0xfbcfffff]
Dec 28 08:02:31 YGH_Linux kernel: pci 0000:00:15.6:   bridge window [mem 0xe6200000-0xe62fffff 64bit pref]
Dec 28 08:02:31 YGH_Linux kernel: pci 0000:00:15.7: PCI bridge to [bus 0a-0a]
Dec 28 08:02:31 YGH_Linux kernel: pci 0000:00:15.7: PCI bridge to [bus 0a-0a]
Dec 28 08:02:31 YGH_Linux kernel: pci 0000:00:15.7:   bridge window [io  disabled]
Dec 28 08:02:31 YGH_Linux kernel: pci 0000:00:15.7:   bridge window [mem 0xfb800000-0xfb8fffff]
Dec 28 08:02:31 YGH_Linux kernel: pci 0000:00:15.7:   bridge window [mem 0xe5e00000-0xe5efffff 64bit pref]
Dec 28 08:02:31 YGH_Linux kernel: pci 0000:00:16.0: PCI bridge to [bus 0b-0b]
Dec 28 08:02:31 YGH_Linux kernel: pci 0000:00:16.0: PCI bridge to [bus 0b-0b]
Dec 28 08:02:31 YGH_Linux kernel: pci 0000:00:16.0:   bridge window [io  0x5000-0x5fff]
Dec 28 08:02:31 YGH_Linux kernel: pci 0000:00:16.0:   bridge window [mem 0xfd300000-0xfd3fffff]
Dec 28 08:02:31 YGH_Linux kernel: pci 0000:00:16.0:   bridge window [mem 0xe7900000-0xe79fffff 64bit pref]
Dec 28 08:02:31 YGH_Linux kernel: pci 0000:00:16.1: PCI bridge to [bus 0c-0c]
Dec 28 08:02:31 YGH_Linux kernel: pci 0000:00:16.1: PCI bridge to [bus 0c-0c]
Dec 28 08:02:31 YGH_Linux kernel: pci 0000:00:16.1:   bridge window [io  0x9000-0x9fff]
Dec 28 08:02:31 YGH_Linux kernel: pci 0000:00:16.1:   bridge window [mem 0xfcf00000-0xfcffffff]
Dec 28 08:02:31 YGH_Linux kernel: pci 0000:00:16.1:   bridge window [mem 0xe7500000-0xe75fffff 64bit pref]
Dec 28 08:02:31 YGH_Linux kernel: pci 0000:00:16.2: PCI bridge to [bus 0d-0d]
Dec 28 08:02:31 YGH_Linux kernel: pci 0000:00:16.2: PCI bridge to [bus 0d-0d]
Dec 28 08:02:31 YGH_Linux kernel: pci 0000:00:16.2:   bridge window [io  0xd000-0xdfff]
Dec 28 08:02:31 YGH_Linux kernel: pci 0000:00:16.2:   bridge window [mem 0xfcb00000-0xfcbfffff]
Dec 28 08:02:31 YGH_Linux kernel: pci 0000:00:16.2:   bridge window [mem 0xe7100000-0xe71fffff 64bit pref]
Dec 28 08:02:31 YGH_Linux kernel: pci 0000:00:16.3: PCI bridge to [bus 0e-0e]
Dec 28 08:02:31 YGH_Linux kernel: pci 0000:00:16.3: PCI bridge to [bus 0e-0e]
Dec 28 08:02:31 YGH_Linux kernel: pci 0000:00:16.3:   bridge window [io  disabled]
Dec 28 08:02:31 YGH_Linux kernel: pci 0000:00:16.3:   bridge window [mem 0xfc700000-0xfc7fffff]
Dec 28 08:02:31 YGH_Linux kernel: pci 0000:00:16.3:   bridge window [mem 0xe6d00000-0xe6dfffff 64bit pref]
Dec 28 08:02:31 YGH_Linux kernel: pci 0000:00:16.4: PCI bridge to [bus 0f-0f]
Dec 28 08:02:31 YGH_Linux kernel: pci 0000:00:16.4: PCI bridge to [bus 0f-0f]
Dec 28 08:02:31 YGH_Linux kernel: pci 0000:00:16.4:   bridge window [io  disabled]
Dec 28 08:02:31 YGH_Linux kernel: pci 0000:00:16.4:   bridge window [mem 0xfc300000-0xfc3fffff]
Dec 28 08:02:31 YGH_Linux kernel: pci 0000:00:16.4:   bridge window [mem 0xe6900000-0xe69fffff 64bit pref]
Dec 28 08:02:31 YGH_Linux kernel: pci 0000:00:16.5: PCI bridge to [bus 10-10]
Dec 28 08:02:31 YGH_Linux kernel: pci 0000:00:16.5: PCI bridge to [bus 10-10]
Dec 28 08:02:31 YGH_Linux kernel: pci 0000:00:16.5:   bridge window [io  disabled]
Dec 28 08:02:31 YGH_Linux kernel: pci 0000:00:16.5:   bridge window [mem 0xfbf00000-0xfbffffff]
Dec 28 08:02:31 YGH_Linux kernel: pci 0000:00:16.5:   bridge window [mem 0xe6500000-0xe65fffff 64bit pref]
Dec 28 08:02:31 YGH_Linux kernel: pci 0000:00:16.6: PCI bridge to [bus 11-11]
Dec 28 08:02:31 YGH_Linux kernel: pci 0000:00:16.6: PCI bridge to [bus 11-11]
Dec 28 08:02:31 YGH_Linux kernel: pci 0000:00:16.6:   bridge window [io  disabled]
Dec 28 08:02:31 YGH_Linux kernel: pci 0000:00:16.6:   bridge window [mem 0xfbb00000-0xfbbfffff]
Dec 28 08:02:31 YGH_Linux kernel: pci 0000:00:16.6:   bridge window [mem 0xe6100000-0xe61fffff 64bit pref]
Dec 28 08:02:31 YGH_Linux kernel: pci 0000:00:16.7: PCI bridge to [bus 12-12]
Dec 28 08:02:31 YGH_Linux kernel: pci 0000:00:16.7: PCI bridge to [bus 12-12]
Dec 28 08:02:31 YGH_Linux kernel: pci 0000:00:16.7:   bridge window [io  disabled]
Dec 28 08:02:31 YGH_Linux kernel: pci 0000:00:16.7:   bridge window [mem 0xfb700000-0xfb7fffff]
Dec 28 08:02:31 YGH_Linux kernel: pci 0000:00:16.7:   bridge window [mem 0xe5d00000-0xe5dfffff 64bit pref]
Dec 28 08:02:31 YGH_Linux kernel: pci 0000:00:17.0: PCI bridge to [bus 13-13]
Dec 28 08:02:31 YGH_Linux kernel: pci 0000:00:17.0: PCI bridge to [bus 13-13]
Dec 28 08:02:31 YGH_Linux kernel: pci 0000:00:17.0:   bridge window [io  0x6000-0x6fff]
Dec 28 08:02:31 YGH_Linux kernel: pci 0000:00:17.0:   bridge window [mem 0xfd200000-0xfd2fffff]
Dec 28 08:02:31 YGH_Linux kernel: pci 0000:00:17.0:   bridge window [mem 0xe7800000-0xe78fffff 64bit pref]
Dec 28 08:02:31 YGH_Linux kernel: pci 0000:00:17.1: PCI bridge to [bus 14-14]
Dec 28 08:02:31 YGH_Linux kernel: pci 0000:00:17.1: PCI bridge to [bus 14-14]
Dec 28 08:02:31 YGH_Linux kernel: pci 0000:00:17.1:   bridge window [io  0xa000-0xafff]
Dec 28 08:02:31 YGH_Linux kernel: pci 0000:00:17.1:   bridge window [mem 0xfce00000-0xfcefffff]
Dec 28 08:02:31 YGH_Linux kernel: pci 0000:00:17.1:   bridge window [mem 0xe7400000-0xe74fffff 64bit pref]
Dec 28 08:02:31 YGH_Linux kernel: pci 0000:00:17.2: PCI bridge to [bus 15-15]
Dec 28 08:02:31 YGH_Linux kernel: pci 0000:00:17.2: PCI bridge to [bus 15-15]
Dec 28 08:02:31 YGH_Linux kernel: pci 0000:00:17.2:   bridge window [io  0xe000-0xefff]
Dec 28 08:02:31 YGH_Linux kernel: pci 0000:00:17.2:   bridge window [mem 0xfca00000-0xfcafffff]
Dec 28 08:02:31 YGH_Linux kernel: pci 0000:00:17.2:   bridge window [mem 0xe7000000-0xe70fffff 64bit pref]
Dec 28 08:02:31 YGH_Linux kernel: pci 0000:00:17.3: PCI bridge to [bus 16-16]
Dec 28 08:02:31 YGH_Linux kernel: pci 0000:00:17.3: PCI bridge to [bus 16-16]
Dec 28 08:02:31 YGH_Linux kernel: pci 0000:00:17.3:   bridge window [io  disabled]
Dec 28 08:02:31 YGH_Linux kernel: pci 0000:00:17.3:   bridge window [mem 0xfc600000-0xfc6fffff]
Dec 28 08:02:31 YGH_Linux kernel: pci 0000:00:17.3:   bridge window [mem 0xe6c00000-0xe6cfffff 64bit pref]
Dec 28 08:02:31 YGH_Linux kernel: pci 0000:00:17.4: PCI bridge to [bus 17-17]
Dec 28 08:02:31 YGH_Linux kernel: pci 0000:00:17.4: PCI bridge to [bus 17-17]
Dec 28 08:02:31 YGH_Linux kernel: pci 0000:00:17.4:   bridge window [io  disabled]
Dec 28 08:02:31 YGH_Linux kernel: pci 0000:00:17.4:   bridge window [mem 0xfc200000-0xfc2fffff]
Dec 28 08:02:31 YGH_Linux kernel: pci 0000:00:17.4:   bridge window [mem 0xe6800000-0xe68fffff 64bit pref]
Dec 28 08:02:31 YGH_Linux kernel: pci 0000:00:17.5: PCI bridge to [bus 18-18]
Dec 28 08:02:31 YGH_Linux kernel: pci 0000:00:17.5: PCI bridge to [bus 18-18]
Dec 28 08:02:31 YGH_Linux kernel: pci 0000:00:17.5:   bridge window [io  disabled]
Dec 28 08:02:31 YGH_Linux kernel: pci 0000:00:17.5:   bridge window [mem 0xfbe00000-0xfbefffff]
Dec 28 08:02:31 YGH_Linux kernel: pci 0000:00:17.5:   bridge window [mem 0xe6400000-0xe64fffff 64bit pref]
Dec 28 08:02:31 YGH_Linux kernel: pci 0000:00:17.6: PCI bridge to [bus 19-19]
Dec 28 08:02:31 YGH_Linux kernel: pci 0000:00:17.6: PCI bridge to [bus 19-19]
Dec 28 08:02:31 YGH_Linux kernel: pci 0000:00:17.6:   bridge window [io  disabled]
Dec 28 08:02:31 YGH_Linux kernel: pci 0000:00:17.6:   bridge window [mem 0xfba00000-0xfbafffff]
Dec 28 08:02:31 YGH_Linux kernel: pci 0000:00:17.6:   bridge window [mem 0xe6000000-0xe60fffff 64bit pref]
Dec 28 08:02:31 YGH_Linux kernel: pci 0000:00:17.7: PCI bridge to [bus 1a-1a]
Dec 28 08:02:31 YGH_Linux kernel: pci 0000:00:17.7: PCI bridge to [bus 1a-1a]
Dec 28 08:02:31 YGH_Linux kernel: pci 0000:00:17.7:   bridge window [io  disabled]
Dec 28 08:02:31 YGH_Linux kernel: pci 0000:00:17.7:   bridge window [mem 0xfb600000-0xfb6fffff]
Dec 28 08:02:31 YGH_Linux kernel: pci 0000:00:17.7:   bridge window [mem 0xe5c00000-0xe5cfffff 64bit pref]
Dec 28 08:02:31 YGH_Linux kernel: pci 0000:00:18.0: PCI bridge to [bus 1b-1b]
Dec 28 08:02:31 YGH_Linux kernel: pci 0000:00:18.0: PCI bridge to [bus 1b-1b]
Dec 28 08:02:31 YGH_Linux kernel: pci 0000:00:18.0:   bridge window [io  0x7000-0x7fff]
Dec 28 08:02:31 YGH_Linux kernel: pci 0000:00:18.0:   bridge window [mem 0xfd100000-0xfd1fffff]
Dec 28 08:02:31 YGH_Linux kernel: pci 0000:00:18.0:   bridge window [mem 0xe7700000-0xe77fffff 64bit pref]
Dec 28 08:02:31 YGH_Linux kernel: pci 0000:00:18.1: PCI bridge to [bus 1c-1c]
Dec 28 08:02:31 YGH_Linux kernel: pci 0000:00:18.1: PCI bridge to [bus 1c-1c]
Dec 28 08:02:31 YGH_Linux kernel: pci 0000:00:18.1:   bridge window [io  0xb000-0xbfff]
Dec 28 08:02:31 YGH_Linux kernel: pci 0000:00:18.1:   bridge window [mem 0xfcd00000-0xfcdfffff]
Dec 28 08:02:31 YGH_Linux kernel: pci 0000:00:18.1:   bridge window [mem 0xe7300000-0xe73fffff 64bit pref]
Dec 28 08:02:31 YGH_Linux kernel: pci 0000:00:18.2: PCI bridge to [bus 1d-1d]
Dec 28 08:02:31 YGH_Linux kernel: pci 0000:00:18.2: PCI bridge to [bus 1d-1d]
Dec 28 08:02:31 YGH_Linux kernel: pci 0000:00:18.2:   bridge window [io  disabled]
Dec 28 08:02:31 YGH_Linux kernel: pci 0000:00:18.2:   bridge window [mem 0xfc900000-0xfc9fffff]
Dec 28 08:02:31 YGH_Linux kernel: pci 0000:00:18.2:   bridge window [mem 0xe6f00000-0xe6ffffff 64bit pref]
Dec 28 08:02:31 YGH_Linux kernel: pci 0000:00:18.3: PCI bridge to [bus 1e-1e]
Dec 28 08:02:31 YGH_Linux kernel: pci 0000:00:18.3: PCI bridge to [bus 1e-1e]
Dec 28 08:02:31 YGH_Linux kernel: pci 0000:00:18.3:   bridge window [io  disabled]
Dec 28 08:02:31 YGH_Linux kernel: pci 0000:00:18.3:   bridge window [mem 0xfc500000-0xfc5fffff]
Dec 28 08:02:31 YGH_Linux kernel: pci 0000:00:18.3:   bridge window [mem 0xe6b00000-0xe6bfffff 64bit pref]
Dec 28 08:02:31 YGH_Linux kernel: pci 0000:00:18.4: PCI bridge to [bus 1f-1f]
Dec 28 08:02:31 YGH_Linux kernel: pci 0000:00:18.4: PCI bridge to [bus 1f-1f]
Dec 28 08:02:31 YGH_Linux kernel: pci 0000:00:18.4:   bridge window [io  disabled]
Dec 28 08:02:31 YGH_Linux kernel: pci 0000:00:18.4:   bridge window [mem 0xfc100000-0xfc1fffff]
Dec 28 08:02:31 YGH_Linux kernel: pci 0000:00:18.4:   bridge window [mem 0xe6700000-0xe67fffff 64bit pref]
Dec 28 08:02:31 YGH_Linux kernel: pci 0000:00:18.5: PCI bridge to [bus 20-20]
Dec 28 08:02:31 YGH_Linux kernel: pci 0000:00:18.5: PCI bridge to [bus 20-20]
Dec 28 08:02:31 YGH_Linux kernel: pci 0000:00:18.5:   bridge window [io  disabled]
Dec 28 08:02:31 YGH_Linux kernel: pci 0000:00:18.5:   bridge window [mem 0xfbd00000-0xfbdfffff]
Dec 28 08:02:31 YGH_Linux kernel: pci 0000:00:18.5:   bridge window [mem 0xe6300000-0xe63fffff 64bit pref]
Dec 28 08:02:31 YGH_Linux kernel: pci 0000:00:18.6: PCI bridge to [bus 21-21]
Dec 28 08:02:31 YGH_Linux kernel: pci 0000:00:18.6: PCI bridge to [bus 21-21]
Dec 28 08:02:31 YGH_Linux kernel: pci 0000:00:18.6:   bridge window [io  disabled]
Dec 28 08:02:31 YGH_Linux kernel: pci 0000:00:18.6:   bridge window [mem 0xfb900000-0xfb9fffff]
Dec 28 08:02:31 YGH_Linux kernel: pci 0000:00:18.6:   bridge window [mem 0xe5f00000-0xe5ffffff 64bit pref]
Dec 28 08:02:31 YGH_Linux kernel: pci 0000:00:18.7: PCI bridge to [bus 22-22]
Dec 28 08:02:31 YGH_Linux kernel: pci 0000:00:18.7: PCI bridge to [bus 22-22]
Dec 28 08:02:31 YGH_Linux kernel: pci 0000:00:18.7:   bridge window [io  disabled]
Dec 28 08:02:31 YGH_Linux kernel: pci 0000:00:18.7:   bridge window [mem 0xfb500000-0xfb5fffff]
Dec 28 08:02:31 YGH_Linux kernel: pci 0000:00:18.7:   bridge window [mem 0xe5b00000-0xe5bfffff 64bit pref]
Dec 28 08:02:31 YGH_Linux kernel: NET: Registered protocol family 2
Dec 28 08:02:31 YGH_Linux kernel: IP route cache hash table entries: 65536 (order: 7, 524288 bytes)
Dec 28 08:02:31 YGH_Linux kernel: TCP established hash table entries: 262144 (order: 10, 4194304 bytes)
Dec 28 08:02:31 YGH_Linux kernel: TCP bind hash table entries: 65536 (order: 8, 1048576 bytes)
Dec 28 08:02:31 YGH_Linux kernel: TCP: Hash tables configured (established 262144 bind 65536)
Dec 28 08:02:31 YGH_Linux kernel: TCP reno registered
Dec 28 08:02:31 YGH_Linux kernel: NET: Registered protocol family 1
Dec 28 08:02:31 YGH_Linux kernel: pci 0000:00:00.0: Limiting direct PCI/PCI transfers
Dec 28 08:02:31 YGH_Linux kernel: pci 0000:02:00.0: PCI INT A -> GSI 18 (level, low) -> IRQ 18
Dec 28 08:02:31 YGH_Linux kernel: pci 0000:02:00.0: PCI INT A disabled
Dec 28 08:02:31 YGH_Linux kernel: pci 0000:02:03.0: PCI INT A -> GSI 17 (level, low) -> IRQ 17
Dec 28 08:02:31 YGH_Linux kernel: pci 0000:02:03.0: PCI INT A disabled
Dec 28 08:02:31 YGH_Linux kernel: Trying to unpack rootfs image as initramfs...
Dec 28 08:02:31 YGH_Linux kernel: Freeing initrd memory: 16744k freed
Dec 28 08:02:31 YGH_Linux kernel: Simple Boot Flag at 0x36 set to 0x80
Dec 28 08:02:31 YGH_Linux kernel: audit: initializing netlink socket (disabled)
Dec 28 08:02:31 YGH_Linux kernel: type=2000 audit(1482912116.610:1): initialized
Dec 28 08:02:31 YGH_Linux kernel: HugeTLB registered 2 MB page size, pre-allocated 0 pages
Dec 28 08:02:31 YGH_Linux kernel: VFS: Disk quotas dquot_6.5.2
Dec 28 08:02:31 YGH_Linux kernel: Dquot-cache hash table entries: 512 (order 0, 4096 bytes)
Dec 28 08:02:31 YGH_Linux kernel: msgmni has been set to 3732
Dec 28 08:02:31 YGH_Linux kernel: alg: No test for stdrng (krng)
Dec 28 08:02:31 YGH_Linux kernel: ksign: Installing public key data
Dec 28 08:02:31 YGH_Linux kernel: Loading keyring
Dec 28 08:02:31 YGH_Linux kernel: - Added public key 8A44323FB303E068
Dec 28 08:02:31 YGH_Linux kernel: - User ID: CentOS (Kernel Module GPG key)
Dec 28 08:02:31 YGH_Linux kernel: Block layer SCSI generic (bsg) driver version 0.4 loaded (major 251)
Dec 28 08:02:31 YGH_Linux kernel: io scheduler noop registered
Dec 28 08:02:31 YGH_Linux kernel: io scheduler anticipatory registered
Dec 28 08:02:31 YGH_Linux kernel: io scheduler deadline registered
Dec 28 08:02:31 YGH_Linux kernel: io scheduler cfq registered (default)
Dec 28 08:02:31 YGH_Linux kernel: pci_hotplug: PCI Hot Plug PCI Core version: 0.5
Dec 28 08:02:31 YGH_Linux kernel: pciehp 0000:00:15.0:pcie04: HPC vendor_id 15ad device_id 7a0 ss_vid 0 ss_did 0
Dec 28 08:02:31 YGH_Linux kernel: pciehp 0000:00:15.1:pcie04: HPC vendor_id 15ad device_id 7a0 ss_vid 0 ss_did 0
Dec 28 08:02:31 YGH_Linux kernel: pciehp 0000:00:15.2:pcie04: HPC vendor_id 15ad device_id 7a0 ss_vid 0 ss_did 0
Dec 28 08:02:31 YGH_Linux kernel: pciehp 0000:00:15.3:pcie04: HPC vendor_id 15ad device_id 7a0 ss_vid 0 ss_did 0
Dec 28 08:02:31 YGH_Linux kernel: pciehp 0000:00:15.4:pcie04: HPC vendor_id 15ad device_id 7a0 ss_vid 0 ss_did 0
Dec 28 08:02:31 YGH_Linux kernel: pciehp 0000:00:15.5:pcie04: HPC vendor_id 15ad device_id 7a0 ss_vid 0 ss_did 0
Dec 28 08:02:31 YGH_Linux kernel: pciehp 0000:00:15.6:pcie04: HPC vendor_id 15ad device_id 7a0 ss_vid 0 ss_did 0
Dec 28 08:02:31 YGH_Linux kernel: pciehp 0000:00:15.7:pcie04: HPC vendor_id 15ad device_id 7a0 ss_vid 0 ss_did 0
Dec 28 08:02:31 YGH_Linux kernel: pciehp 0000:00:16.0:pcie04: HPC vendor_id 15ad device_id 7a0 ss_vid 0 ss_did 0
Dec 28 08:02:31 YGH_Linux kernel: pciehp 0000:00:16.1:pcie04: HPC vendor_id 15ad device_id 7a0 ss_vid 0 ss_did 0
Dec 28 08:02:31 YGH_Linux kernel: pciehp 0000:00:16.2:pcie04: HPC vendor_id 15ad device_id 7a0 ss_vid 0 ss_did 0
Dec 28 08:02:31 YGH_Linux kernel: pciehp 0000:00:16.3:pcie04: HPC vendor_id 15ad device_id 7a0 ss_vid 0 ss_did 0
Dec 28 08:02:31 YGH_Linux kernel: pciehp 0000:00:16.4:pcie04: HPC vendor_id 15ad device_id 7a0 ss_vid 0 ss_did 0
Dec 28 08:02:31 YGH_Linux kernel: pciehp 0000:00:16.5:pcie04: HPC vendor_id 15ad device_id 7a0 ss_vid 0 ss_did 0
Dec 28 08:02:31 YGH_Linux kernel: pciehp 0000:00:16.6:pcie04: HPC vendor_id 15ad device_id 7a0 ss_vid 0 ss_did 0
Dec 28 08:02:31 YGH_Linux kernel: pciehp 0000:00:16.7:pcie04: HPC vendor_id 15ad device_id 7a0 ss_vid 0 ss_did 0
Dec 28 08:02:31 YGH_Linux kernel: pciehp 0000:00:17.0:pcie04: HPC vendor_id 15ad device_id 7a0 ss_vid 0 ss_did 0
Dec 28 08:02:31 YGH_Linux kernel: pciehp 0000:00:17.1:pcie04: HPC vendor_id 15ad device_id 7a0 ss_vid 0 ss_did 0
Dec 28 08:02:31 YGH_Linux kernel: pciehp 0000:00:17.2:pcie04: HPC vendor_id 15ad device_id 7a0 ss_vid 0 ss_did 0
Dec 28 08:02:31 YGH_Linux kernel: pciehp 0000:00:17.3:pcie04: HPC vendor_id 15ad device_id 7a0 ss_vid 0 ss_did 0
Dec 28 08:02:31 YGH_Linux kernel: pciehp 0000:00:17.4:pcie04: HPC vendor_id 15ad device_id 7a0 ss_vid 0 ss_did 0
Dec 28 08:02:31 YGH_Linux kernel: pciehp 0000:00:17.5:pcie04: HPC vendor_id 15ad device_id 7a0 ss_vid 0 ss_did 0
Dec 28 08:02:31 YGH_Linux kernel: pciehp 0000:00:17.6:pcie04: HPC vendor_id 15ad device_id 7a0 ss_vid 0 ss_did 0
Dec 28 08:02:31 YGH_Linux kernel: pciehp 0000:00:17.7:pcie04: HPC vendor_id 15ad device_id 7a0 ss_vid 0 ss_did 0
Dec 28 08:02:31 YGH_Linux kernel: pciehp 0000:00:18.0:pcie04: HPC vendor_id 15ad device_id 7a0 ss_vid 0 ss_did 0
Dec 28 08:02:31 YGH_Linux kernel: pciehp 0000:00:18.1:pcie04: HPC vendor_id 15ad device_id 7a0 ss_vid 0 ss_did 0
Dec 28 08:02:31 YGH_Linux kernel: pciehp 0000:00:18.2:pcie04: HPC vendor_id 15ad device_id 7a0 ss_vid 0 ss_did 0
Dec 28 08:02:31 YGH_Linux kernel: pciehp 0000:00:18.3:pcie04: HPC vendor_id 15ad device_id 7a0 ss_vid 0 ss_did 0
Dec 28 08:02:31 YGH_Linux kernel: pciehp 0000:00:18.4:pcie04: HPC vendor_id 15ad device_id 7a0 ss_vid 0 ss_did 0
Dec 28 08:02:31 YGH_Linux kernel: pciehp 0000:00:18.5:pcie04: HPC vendor_id 15ad device_id 7a0 ss_vid 0 ss_did 0
Dec 28 08:02:31 YGH_Linux kernel: pciehp 0000:00:18.6:pcie04: HPC vendor_id 15ad device_id 7a0 ss_vid 0 ss_did 0
Dec 28 08:02:31 YGH_Linux kernel: pciehp 0000:00:18.7:pcie04: HPC vendor_id 15ad device_id 7a0 ss_vid 0 ss_did 0
Dec 28 08:02:31 YGH_Linux kernel: pciehp: PCI Express Hot Plug Controller Driver version: 0.4
Dec 28 08:02:31 YGH_Linux kernel: acpiphp: ACPI Hot Plug PCI Controller Driver version: 0.5
Dec 28 08:02:31 YGH_Linux kernel: acpiphp: Slot [32] registered
Dec 28 08:02:31 YGH_Linux kernel: acpiphp: Slot [33] registered
Dec 28 08:02:31 YGH_Linux kernel: acpiphp: Slot [34] registered
Dec 28 08:02:31 YGH_Linux kernel: acpiphp: Slot [35] registered
Dec 28 08:02:31 YGH_Linux kernel: acpiphp: Slot [36] registered
Dec 28 08:02:31 YGH_Linux kernel: acpiphp: Slot [37] registered
Dec 28 08:02:31 YGH_Linux kernel: acpiphp: Slot [38] registered
Dec 28 08:02:31 YGH_Linux kernel: acpiphp: Slot [39] registered
Dec 28 08:02:31 YGH_Linux kernel: acpiphp: Slot [40] registered
Dec 28 08:02:31 YGH_Linux kernel: acpiphp: Slot [41] registered
Dec 28 08:02:31 YGH_Linux kernel: acpiphp: Slot [42] registered
Dec 28 08:02:31 YGH_Linux kernel: acpiphp: Slot [43] registered
Dec 28 08:02:31 YGH_Linux kernel: acpiphp: Slot [44] registered
Dec 28 08:02:31 YGH_Linux kernel: acpiphp: Slot [45] registered
Dec 28 08:02:31 YGH_Linux kernel: acpiphp: Slot [46] registered
Dec 28 08:02:31 YGH_Linux kernel: acpiphp: Slot [47] registered
Dec 28 08:02:31 YGH_Linux kernel: acpiphp: Slot [48] registered
Dec 28 08:02:31 YGH_Linux kernel: acpiphp: Slot [49] registered
Dec 28 08:02:31 YGH_Linux kernel: acpiphp: Slot [50] registered
Dec 28 08:02:31 YGH_Linux kernel: acpiphp: Slot [51] registered
Dec 28 08:02:31 YGH_Linux kernel: acpiphp: Slot [52] registered
Dec 28 08:02:31 YGH_Linux kernel: acpiphp: Slot [53] registered
Dec 28 08:02:31 YGH_Linux kernel: acpiphp: Slot [54] registered
Dec 28 08:02:31 YGH_Linux kernel: acpiphp: Slot [55] registered
Dec 28 08:02:31 YGH_Linux kernel: acpiphp: Slot [56] registered
Dec 28 08:02:31 YGH_Linux kernel: acpiphp: Slot [57] registered
Dec 28 08:02:31 YGH_Linux kernel: acpiphp: Slot [58] registered
Dec 28 08:02:31 YGH_Linux kernel: acpiphp: Slot [59] registered
Dec 28 08:02:31 YGH_Linux kernel: acpiphp: Slot [60] registered
Dec 28 08:02:31 YGH_Linux kernel: acpiphp: Slot [61] registered
Dec 28 08:02:31 YGH_Linux kernel: acpiphp: Slot [62] registered
Dec 28 08:02:31 YGH_Linux kernel: acpiphp: Slot [63] registered
Dec 28 08:02:31 YGH_Linux kernel: acpiphp_glue: Slot 160 already registered by another hotplug driver
Dec 28 08:02:31 YGH_Linux kernel: acpiphp_glue: Slot 192 already registered by another hotplug driver
Dec 28 08:02:31 YGH_Linux kernel: acpiphp_glue: Slot 224 already registered by another hotplug driver
Dec 28 08:02:31 YGH_Linux kernel: acpiphp_glue: Slot 256 already registered by another hotplug driver
Dec 28 08:02:31 YGH_Linux kernel: acpiphp_glue: Slot 161 already registered by another hotplug driver
Dec 28 08:02:31 YGH_Linux kernel: acpiphp_glue: Slot 162 already registered by another hotplug driver
Dec 28 08:02:31 YGH_Linux kernel: acpiphp_glue: Slot 163 already registered by another hotplug driver
Dec 28 08:02:31 YGH_Linux kernel: acpiphp_glue: Slot 164 already registered by another hotplug driver
Dec 28 08:02:31 YGH_Linux kernel: acpiphp_glue: Slot 165 already registered by another hotplug driver
Dec 28 08:02:31 YGH_Linux kernel: acpiphp_glue: Slot 166 already registered by another hotplug driver
Dec 28 08:02:31 YGH_Linux kernel: acpiphp_glue: Slot 167 already registered by another hotplug driver
Dec 28 08:02:31 YGH_Linux kernel: acpiphp_glue: Slot 193 already registered by another hotplug driver
Dec 28 08:02:31 YGH_Linux kernel: acpiphp_glue: Slot 194 already registered by another hotplug driver
Dec 28 08:02:31 YGH_Linux kernel: acpiphp_glue: Slot 195 already registered by another hotplug driver
Dec 28 08:02:31 YGH_Linux kernel: acpiphp_glue: Slot 196 already registered by another hotplug driver
Dec 28 08:02:31 YGH_Linux kernel: acpiphp_glue: Slot 197 already registered by another hotplug driver
Dec 28 08:02:31 YGH_Linux kernel: acpiphp_glue: Slot 198 already registered by another hotplug driver
Dec 28 08:02:31 YGH_Linux kernel: acpiphp_glue: Slot 199 already registered by another hotplug driver
Dec 28 08:02:31 YGH_Linux kernel: acpiphp_glue: Slot 225 already registered by another hotplug driver
Dec 28 08:02:31 YGH_Linux kernel: acpiphp_glue: Slot 226 already registered by another hotplug driver
Dec 28 08:02:31 YGH_Linux kernel: acpiphp_glue: Slot 227 already registered by another hotplug driver
Dec 28 08:02:31 YGH_Linux kernel: acpiphp_glue: Slot 228 already registered by another hotplug driver
Dec 28 08:02:31 YGH_Linux kernel: acpiphp_glue: Slot 229 already registered by another hotplug driver
Dec 28 08:02:31 YGH_Linux kernel: acpiphp_glue: Slot 230 already registered by another hotplug driver
Dec 28 08:02:31 YGH_Linux kernel: acpiphp_glue: Slot 231 already registered by another hotplug driver
Dec 28 08:02:31 YGH_Linux kernel: acpiphp_glue: Slot 257 already registered by another hotplug driver
Dec 28 08:02:31 YGH_Linux kernel: acpiphp_glue: Slot 258 already registered by another hotplug driver
Dec 28 08:02:31 YGH_Linux kernel: acpiphp_glue: Slot 259 already registered by another hotplug driver
Dec 28 08:02:31 YGH_Linux kernel: acpiphp_glue: Slot 260 already registered by another hotplug driver
Dec 28 08:02:31 YGH_Linux kernel: acpiphp_glue: Slot 261 already registered by another hotplug driver
Dec 28 08:02:31 YGH_Linux kernel: acpiphp_glue: Slot 262 already registered by another hotplug driver
Dec 28 08:02:31 YGH_Linux kernel: acpiphp_glue: Slot 263 already registered by another hotplug driver
Dec 28 08:02:31 YGH_Linux kernel: ipmi message handler version 39.2
Dec 28 08:02:31 YGH_Linux kernel: IPMI System Interface driver.
Dec 28 08:02:31 YGH_Linux kernel: ipmi_si: Adding default-specified kcs state machine
Dec 28 08:02:31 YGH_Linux kernel: ipmi_si: Trying default-specified kcs state machine at i/o address 0xca2, slave address 0x0, irq 0
Dec 28 08:02:31 YGH_Linux kernel: ipmi_si: Interface detection failed
Dec 28 08:02:31 YGH_Linux kernel: ipmi_si: Adding default-specified smic state machine
Dec 28 08:02:31 YGH_Linux kernel: ipmi_si: Trying default-specified smic state machine at i/o address 0xca9, slave address 0x0, irq 0
Dec 28 08:02:31 YGH_Linux kernel: ipmi_si: Interface detection failed
Dec 28 08:02:31 YGH_Linux kernel: ipmi_si: Adding default-specified bt state machine
Dec 28 08:02:31 YGH_Linux kernel: ipmi_si: Trying default-specified bt state machine at i/o address 0xe4, slave address 0x0, irq 0
Dec 28 08:02:31 YGH_Linux kernel: ipmi_si: Interface detection failed
Dec 28 08:02:31 YGH_Linux kernel: ipmi_si: Unable to find any System Interface(s)
Dec 28 08:02:31 YGH_Linux kernel: ACPI: AC Adapter [ACAD] (on-line)
Dec 28 08:02:31 YGH_Linux kernel: input: Power Button as /devices/LNXSYSTM:00/LNXPWRBN:00/input/input0
Dec 28 08:02:31 YGH_Linux kernel: ACPI: Power Button [PWRF]
Dec 28 08:02:31 YGH_Linux kernel: ACPI Exception: AE_NOT_FOUND, No or invalid critical threshold (20090903/thermal-386)
Dec 28 08:02:31 YGH_Linux kernel: GHES: HEST is not enabled!
Dec 28 08:02:31 YGH_Linux kernel: Non-volatile memory driver v1.3
Dec 28 08:02:31 YGH_Linux kernel: Linux agpgart interface v0.103
Dec 28 08:02:31 YGH_Linux kernel: agpgart-intel 0000:00:00.0: Intel 440BX Chipset
Dec 28 08:02:31 YGH_Linux kernel: agpgart-intel 0000:00:00.0: AGP aperture is 256M @ 0x0
Dec 28 08:02:31 YGH_Linux kernel: crash memory driver: version 1.1
Dec 28 08:02:31 YGH_Linux kernel: Serial: 8250/16550 driver, 4 ports, IRQ sharing enabled
Dec 28 08:02:31 YGH_Linux kernel: serial8250: ttyS0 at I/O 0x3f8 (irq = 4) is a 16550A
Dec 28 08:02:31 YGH_Linux kernel: serial8250: ttyS1 at I/O 0x2f8 (irq = 3) is a 16550A
Dec 28 08:02:31 YGH_Linux kernel: 00:0a: ttyS0 at I/O 0x3f8 (irq = 4) is a 16550A
Dec 28 08:02:31 YGH_Linux kernel: 00:0b: ttyS1 at I/O 0x2f8 (irq = 3) is a 16550A
Dec 28 08:02:31 YGH_Linux kernel: brd: module loaded
Dec 28 08:02:31 YGH_Linux kernel: loop: module loaded
Dec 28 08:02:31 YGH_Linux kernel: input: Macintosh mouse button emulation as /devices/virtual/input/input1
Dec 28 08:02:31 YGH_Linux kernel: Fixed MDIO Bus: probed
Dec 28 08:02:31 YGH_Linux kernel: ehci_hcd: USB 2.0 'Enhanced' Host Controller (EHCI) Driver
Dec 28 08:02:31 YGH_Linux kernel: ehci_hcd 0000:02:03.0: PCI INT A -> GSI 17 (level, low) -> IRQ 17
Dec 28 08:02:31 YGH_Linux kernel: ehci_hcd 0000:02:03.0: EHCI Host Controller
Dec 28 08:02:31 YGH_Linux kernel: ehci_hcd 0000:02:03.0: new USB bus registered, assigned bus number 1
Dec 28 08:02:31 YGH_Linux kernel: ehci_hcd 0000:02:03.0: irq 17, io mem 0xfd5ef000
Dec 28 08:02:31 YGH_Linux kernel: ehci_hcd 0000:02:03.0: USB 2.0 started, EHCI 1.00
Dec 28 08:02:31 YGH_Linux kernel: usb usb1: New USB device found, idVendor=1d6b, idProduct=0002
Dec 28 08:02:31 YGH_Linux kernel: usb usb1: New USB device strings: Mfr=3, Product=2, SerialNumber=1
Dec 28 08:02:31 YGH_Linux kernel: usb usb1: Product: EHCI Host Controller
Dec 28 08:02:31 YGH_Linux kernel: usb usb1: Manufacturer: Linux 2.6.32-431.el6.x86_64 ehci_hcd
Dec 28 08:02:31 YGH_Linux kernel: usb usb1: SerialNumber: 0000:02:03.0
Dec 28 08:02:31 YGH_Linux kernel: usb usb1: configuration #1 chosen from 1 choice
Dec 28 08:02:31 YGH_Linux kernel: hub 1-0:1.0: USB hub found
Dec 28 08:02:31 YGH_Linux kernel: hub 1-0:1.0: 6 ports detected
Dec 28 08:02:31 YGH_Linux kernel: ohci_hcd: USB 1.1 'Open' Host Controller (OHCI) Driver
Dec 28 08:02:31 YGH_Linux kernel: uhci_hcd: USB Universal Host Controller Interface driver
Dec 28 08:02:31 YGH_Linux kernel: uhci_hcd 0000:02:00.0: PCI INT A -> GSI 18 (level, low) -> IRQ 18
Dec 28 08:02:31 YGH_Linux kernel: uhci_hcd 0000:02:00.0: UHCI Host Controller
Dec 28 08:02:31 YGH_Linux kernel: uhci_hcd 0000:02:00.0: new USB bus registered, assigned bus number 2
Dec 28 08:02:31 YGH_Linux kernel: uhci_hcd 0000:02:00.0: irq 18, io base 0x00002080
Dec 28 08:02:31 YGH_Linux kernel: usb usb2: New USB device found, idVendor=1d6b, idProduct=0001
Dec 28 08:02:31 YGH_Linux kernel: usb usb2: New USB device strings: Mfr=3, Product=2, SerialNumber=1
Dec 28 08:02:31 YGH_Linux kernel: usb usb2: Product: UHCI Host Controller
Dec 28 08:02:31 YGH_Linux kernel: usb usb2: Manufacturer: Linux 2.6.32-431.el6.x86_64 uhci_hcd
Dec 28 08:02:31 YGH_Linux kernel: usb usb2: SerialNumber: 0000:02:00.0
Dec 28 08:02:31 YGH_Linux kernel: usb usb2: configuration #1 chosen from 1 choice
Dec 28 08:02:31 YGH_Linux kernel: hub 2-0:1.0: USB hub found
Dec 28 08:02:31 YGH_Linux kernel: hub 2-0:1.0: 2 ports detected
Dec 28 08:02:31 YGH_Linux kernel: PNP: PS/2 Controller [PNP0303:KBC,PNP0f13:MOUS] at 0x60,0x64 irq 1,12
Dec 28 08:02:31 YGH_Linux kernel: serio: i8042 KBD port at 0x60,0x64 irq 1
Dec 28 08:02:31 YGH_Linux kernel: serio: i8042 AUX port at 0x60,0x64 irq 12
Dec 28 08:02:31 YGH_Linux kernel: mice: PS/2 mouse device common for all mice
Dec 28 08:02:31 YGH_Linux kernel: rtc_cmos 00:04: rtc core: registered rtc_cmos as rtc0
Dec 28 08:02:31 YGH_Linux kernel: rtc0: alarms up to one month, y3k, 114 bytes nvram, hpet irqs
Dec 28 08:02:31 YGH_Linux kernel: cpuidle: using governor ladder
Dec 28 08:02:31 YGH_Linux kernel: cpuidle: using governor menu
Dec 28 08:02:31 YGH_Linux kernel: EFI Variables Facility v0.08 2004-May-17
Dec 28 08:02:31 YGH_Linux kernel: usbcore: registered new interface driver hiddev
Dec 28 08:02:31 YGH_Linux kernel: usbcore: registered new interface driver usbhid
Dec 28 08:02:31 YGH_Linux kernel: usbhid: v2.6:USB HID core driver
Dec 28 08:02:31 YGH_Linux kernel: GRE over IPv4 demultiplexor driver
Dec 28 08:02:31 YGH_Linux kernel: TCP cubic registered
Dec 28 08:02:31 YGH_Linux kernel: Initializing XFRM netlink socket
Dec 28 08:02:31 YGH_Linux kernel: NET: Registered protocol family 17
Dec 28 08:02:31 YGH_Linux kernel: registered taskstats version 1
Dec 28 08:02:31 YGH_Linux kernel: input: AT Translated Set 2 keyboard as /devices/platform/i8042/serio0/input/input2
Dec 28 08:02:31 YGH_Linux kernel: input: ImPS/2 Generic Wheel Mouse as /devices/platform/i8042/serio1/input/input3
Dec 28 08:02:31 YGH_Linux kernel: rtc_cmos 00:04: setting system clock to 2016-12-28 08:01:58 UTC (1482912118)
Dec 28 08:02:31 YGH_Linux kernel: Refined TSC clocksource calibration: 2194.919 MHz.
Dec 28 08:02:31 YGH_Linux kernel: Switching to clocksource tsc
Dec 28 08:02:31 YGH_Linux kernel: Initalizing network drop monitor service
Dec 28 08:02:31 YGH_Linux kernel: Freeing unused kernel memory: 1276k freed
Dec 28 08:02:31 YGH_Linux kernel: Write protecting the kernel read-only data: 10240k
Dec 28 08:02:31 YGH_Linux kernel: Freeing unused kernel memory: 800k freed
Dec 28 08:02:31 YGH_Linux kernel: Freeing unused kernel memory: 1588k freed
Dec 28 08:02:31 YGH_Linux kernel: dracut: dracut-004-335.el6
Dec 28 08:02:31 YGH_Linux kernel: dracut: rd_NO_LUKS: removing cryptoluks activation
Dec 28 08:02:31 YGH_Linux kernel: dracut: rd_NO_LVM: removing LVM activation
Dec 28 08:02:31 YGH_Linux kernel: device-mapper: uevent: version 1.0.3
Dec 28 08:02:31 YGH_Linux kernel: device-mapper: ioctl: 4.24.6-ioctl (2013-01-15) initialised: dm-devel@redhat.com
Dec 28 08:02:31 YGH_Linux kernel: udev: starting version 147
Dec 28 08:02:31 YGH_Linux kernel: usb 2-1: new full speed USB device number 2 using uhci_hcd
Dec 28 08:02:31 YGH_Linux kernel: dracut: Starting plymouth daemon
Dec 28 08:02:31 YGH_Linux kernel: usb 2-1: New USB device found, idVendor=0e0f, idProduct=0003
Dec 28 08:02:31 YGH_Linux kernel: usb 2-1: New USB device strings: Mfr=1, Product=2, SerialNumber=0
Dec 28 08:02:31 YGH_Linux kernel: usb 2-1: Product: VMware Virtual USB Mouse
Dec 28 08:02:31 YGH_Linux kernel: usb 2-1: Manufacturer: VMware
Dec 28 08:02:31 YGH_Linux kernel: usb 2-1: configuration #1 chosen from 1 choice
Dec 28 08:02:31 YGH_Linux kernel: input: VMware VMware Virtual USB Mouse as /devices/pci0000:00/0000:00:11.0/0000:02:00.0/usb2/2-1/2-1:1.0/input/input4
Dec 28 08:02:31 YGH_Linux kernel: generic-usb 0003:0E0F:0003.0001: input,hidraw0: USB HID v1.10 Mouse [VMware VMware Virtual USB Mouse] on usb-0000:02:00.0-1/input0
Dec 28 08:02:31 YGH_Linux kernel: usb 2-2: new full speed USB device number 3 using uhci_hcd
Dec 28 08:02:31 YGH_Linux kernel: usb 2-2: New USB device found, idVendor=0e0f, idProduct=0002
Dec 28 08:02:31 YGH_Linux kernel: usb 2-2: New USB device strings: Mfr=0, Product=1, SerialNumber=0
Dec 28 08:02:31 YGH_Linux kernel: usb 2-2: Product: VMware Virtual USB Hub
Dec 28 08:02:31 YGH_Linux kernel: usb 2-2: configuration #1 chosen from 1 choice
Dec 28 08:02:31 YGH_Linux kernel: hub 2-2:1.0: USB hub found
Dec 28 08:02:31 YGH_Linux kernel: hub 2-2:1.0: 7 ports detected
Dec 28 08:02:31 YGH_Linux kernel: dracut: rd_NO_DM: removing DM RAID activation
Dec 28 08:02:31 YGH_Linux kernel: dracut: rd_NO_MD: removing MD RAID activation
Dec 28 08:02:31 YGH_Linux kernel: usb 2-2.1: new full speed USB device number 4 using uhci_hcd
Dec 28 08:02:31 YGH_Linux kernel: Fusion MPT base driver 3.04.20
Dec 28 08:02:31 YGH_Linux kernel: Copyright (c) 1999-2008 LSI Corporation
Dec 28 08:02:31 YGH_Linux kernel: Fusion MPT SPI Host driver 3.04.20
Dec 28 08:02:31 YGH_Linux kernel: mptspi 0000:00:10.0: PCI INT A -> GSI 17 (level, low) -> IRQ 17
Dec 28 08:02:31 YGH_Linux kernel: mptbase: ioc0: Initiating bringup
Dec 28 08:02:31 YGH_Linux kernel: ioc0: LSI53C1030 B0: Capabilities={Initiator}
Dec 28 08:02:31 YGH_Linux kernel: usb 2-2.1: New USB device found, idVendor=0e0f, idProduct=0008
Dec 28 08:02:31 YGH_Linux kernel: usb 2-2.1: New USB device strings: Mfr=1, Product=2, SerialNumber=3
Dec 28 08:02:31 YGH_Linux kernel: usb 2-2.1: Product: Virtual Bluetooth Adapter
Dec 28 08:02:31 YGH_Linux kernel: usb 2-2.1: Manufacturer: VMware
Dec 28 08:02:31 YGH_Linux kernel: usb 2-2.1: SerialNumber: 000650268328
Dec 28 08:02:31 YGH_Linux kernel: usb 2-2.1: configuration #1 chosen from 1 choice
Dec 28 08:02:31 YGH_Linux kernel: scsi0 : ioc0: LSI53C1030 B0, FwRev=01032920h, Ports=1, MaxQ=128, IRQ=17
Dec 28 08:02:31 YGH_Linux kernel: scsi 0:0:0:0: Direct-Access     VMware,  VMware Virtual S 1.0  PQ: 0 ANSI: 2
Dec 28 08:02:31 YGH_Linux kernel: scsi target0:0:0: Beginning Domain Validation
Dec 28 08:02:31 YGH_Linux kernel: scsi target0:0:0: Domain Validation skipping write tests
Dec 28 08:02:31 YGH_Linux kernel: scsi target0:0:0: Ending Domain Validation
Dec 28 08:02:31 YGH_Linux kernel: scsi target0:0:0: FAST-40 WIDE SCSI 80.0 MB/s ST (25 ns, offset 127)
Dec 28 08:02:31 YGH_Linux kernel: scsi 0:0:1:0: Direct-Access     VMware,  VMware Virtual S 1.0  PQ: 0 ANSI: 2
Dec 28 08:02:31 YGH_Linux kernel: scsi target0:0:1: Beginning Domain Validation
Dec 28 08:02:31 YGH_Linux kernel: scsi target0:0:1: Domain Validation skipping write tests
Dec 28 08:02:31 YGH_Linux kernel: scsi target0:0:1: Ending Domain Validation
Dec 28 08:02:31 YGH_Linux kernel: scsi target0:0:1: FAST-40 WIDE SCSI 80.0 MB/s ST (25 ns, offset 127)
Dec 28 08:02:31 YGH_Linux kernel: scsi1 : ata_piix
Dec 28 08:02:31 YGH_Linux kernel: scsi2 : ata_piix
Dec 28 08:02:31 YGH_Linux kernel: ata1: PATA max UDMA/33 cmd 0x1f0 ctl 0x3f6 bmdma 0x1060 irq 14
Dec 28 08:02:31 YGH_Linux kernel: ata2: PATA max UDMA/33 cmd 0x170 ctl 0x376 bmdma 0x1068 irq 15
Dec 28 08:02:31 YGH_Linux kernel: ata2.00: ATAPI: VMware Virtual IDE CDROM Drive, 00000001, max UDMA/33
Dec 28 08:02:31 YGH_Linux kernel: ata2.00: configured for UDMA/33
Dec 28 08:02:31 YGH_Linux kernel: scsi 2:0:0:0: CD-ROM            NECVMWar VMware IDE CDR10 1.00 PQ: 0 ANSI: 5
Dec 28 08:02:31 YGH_Linux kernel: sd 0:0:0:0: [sda] 41943040 512-byte logical blocks: (21.4 GB/20.0 GiB)
Dec 28 08:02:31 YGH_Linux kernel: sd 0:0:0:0: [sda] Write Protect is off
Dec 28 08:02:31 YGH_Linux kernel: sd 0:0:0:0: [sda] Cache data unavailable
Dec 28 08:02:31 YGH_Linux kernel: sd 0:0:0:0: [sda] Assuming drive cache: write through
Dec 28 08:02:31 YGH_Linux kernel: sd 0:0:0:0: [sda] Cache data unavailable
Dec 28 08:02:31 YGH_Linux kernel: sd 0:0:0:0: [sda] Assuming drive cache: write through
Dec 28 08:02:31 YGH_Linux kernel: sda: sda1 sda2 sda3
Dec 28 08:02:31 YGH_Linux kernel: sd 0:0:1:0: [sdb] 208896 512-byte logical blocks: (106 MB/102 MiB)
Dec 28 08:02:31 YGH_Linux kernel: sd 0:0:1:0: [sdb] Write Protect is off
Dec 28 08:02:31 YGH_Linux kernel: sd 0:0:1:0: [sdb] Cache data unavailable
Dec 28 08:02:31 YGH_Linux kernel: sd 0:0:1:0: [sdb] Assuming drive cache: write through
Dec 28 08:02:31 YGH_Linux kernel: sd 0:0:1:0: [sdb] Cache data unavailable
Dec 28 08:02:31 YGH_Linux kernel: sd 0:0:1:0: [sdb] Assuming drive cache: write through
Dec 28 08:02:31 YGH_Linux kernel: sdb:
Dec 28 08:02:31 YGH_Linux kernel: sd 0:0:0:0: [sda] Cache data unavailable
Dec 28 08:02:31 YGH_Linux kernel: sd 0:0:0:0: [sda] Assuming drive cache: write through
Dec 28 08:02:31 YGH_Linux kernel: sd 0:0:0:0: [sda] Attached SCSI disk
Dec 28 08:02:31 YGH_Linux kernel: unknown partition table
Dec 28 08:02:31 YGH_Linux kernel: sd 0:0:1:0: [sdb] Cache data unavailable
Dec 28 08:02:31 YGH_Linux kernel: sd 0:0:1:0: [sdb] Assuming drive cache: write through
Dec 28 08:02:31 YGH_Linux kernel: sd 0:0:1:0: [sdb] Attached SCSI disk
Dec 28 08:02:31 YGH_Linux kernel: sr0: scsi3-mmc drive: 1x/1x writer dvd-ram cd/rw xa/form2 cdda tray
Dec 28 08:02:31 YGH_Linux kernel: Uniform CD-ROM driver Revision: 3.20
Dec 28 08:02:31 YGH_Linux kernel: EXT4-fs (sda3): mounted filesystem with ordered data mode. Opts: 
Dec 28 08:02:31 YGH_Linux kernel: dracut: Mounted root filesystem /dev/sda3
Dec 28 08:02:31 YGH_Linux kernel: SELinux:  Disabled at runtime.
Dec 28 08:02:31 YGH_Linux kernel: type=1404 audit(1482912121.710:2): selinux=0 auid=4294967295 ses=4294967295
Dec 28 08:02:31 YGH_Linux kernel: dracut: 
Dec 28 08:02:31 YGH_Linux kernel: dracut: Switching root
Dec 28 08:02:31 YGH_Linux kernel: udev: starting version 147
Dec 28 08:02:31 YGH_Linux kernel: shpchp: Standard Hot Plug PCI Controller Driver version: 0.4
Dec 28 08:02:31 YGH_Linux kernel: sd 0:0:0:0: Attached scsi generic sg0 type 0
Dec 28 08:02:31 YGH_Linux kernel: sd 0:0:1:0: Attached scsi generic sg1 type 0
Dec 28 08:02:31 YGH_Linux kernel: sr 2:0:0:0: Attached scsi generic sg2 type 5
Dec 28 08:02:31 YGH_Linux kernel: piix4_smbus 0000:00:07.3: Host SMBus controller not enabled!
Dec 28 08:02:31 YGH_Linux kernel: parport_pc 00:09: reported by Plug and Play ACPI
Dec 28 08:02:31 YGH_Linux kernel: parport0: PC-style at 0x378, irq 7 [PCSPP,TRISTATE]
Dec 28 08:02:31 YGH_Linux kernel: e1000: Intel(R) PRO/1000 Network Driver - version 7.3.21-k8-NAPI
Dec 28 08:02:31 YGH_Linux kernel: e1000: Copyright (c) 1999-2006 Intel Corporation.
Dec 28 08:02:31 YGH_Linux kernel: e1000 0000:02:01.0: PCI INT A -> GSI 19 (level, low) -> IRQ 19
Dec 28 08:02:31 YGH_Linux kernel: e1000 0000:02:01.0: eth0: (PCI:66MHz:32-bit) 00:0c:29:83:42:de
Dec 28 08:02:31 YGH_Linux kernel: e1000 0000:02:01.0: eth0: Intel(R) PRO/1000 Network Connection
Dec 28 08:02:31 YGH_Linux kernel: ENS1371 0000:02:02.0: PCI INT A -> GSI 16 (level, low) -> IRQ 16
Dec 28 08:02:31 YGH_Linux kernel: Bluetooth: Core ver 2.15
Dec 28 08:02:31 YGH_Linux kernel: NET: Registered protocol family 31
Dec 28 08:02:31 YGH_Linux kernel: Bluetooth: HCI device and connection manager initialized
Dec 28 08:02:31 YGH_Linux kernel: Bluetooth: HCI socket layer initialized
Dec 28 08:02:31 YGH_Linux kernel: Bluetooth: Generic Bluetooth USB driver ver 0.6
Dec 28 08:02:31 YGH_Linux kernel: usbcore: registered new interface driver btusb
Dec 28 08:02:31 YGH_Linux kernel: microcode: CPU0 sig=0x306d4, pf=0x1, revision=0x1f
Dec 28 08:02:31 YGH_Linux kernel: platform microcode: firmware: requesting intel-ucode/06-3d-04
Dec 28 08:02:31 YGH_Linux kernel: Microcode Update Driver: v2.00 <tigran@aivazian.fsnet.co.uk>, Peter Oruba
Dec 28 08:02:31 YGH_Linux kernel: ppdev: user-space parallel port driver
Dec 28 08:02:31 YGH_Linux kernel: EXT4-fs (sda1): mounted filesystem with ordered data mode. Opts: 
Dec 28 08:02:31 YGH_Linux kernel: Adding 2047992k swap on /dev/sda2.  Priority:-1 extents:1 across:2047992k 
Dec 28 08:02:31 YGH_Linux kernel: NET: Registered protocol family 10
Dec 28 08:02:31 YGH_Linux kernel: lo: Disabled Privacy Extensions
Dec 28 08:02:31 YGH_Linux kernel: e1000: eth0 NIC Link is Up 1000 Mbps Full Duplex, Flow Control: None
Dec 28 08:02:52 YGH_Linux ntpdate[976]: Can't find host 0.centos.pool.ntp.org: Name or service not known (-2)
Dec 28 08:03:12 YGH_Linux ntpdate[976]: Can't find host 1.centos.pool.ntp.org: Name or service not known (-2)
Dec 28 08:03:32 YGH_Linux ntpdate[976]: Can't find host 2.centos.pool.ntp.org: Name or service not known (-2)
Dec 28 08:03:52 YGH_Linux ntpdate[976]: Can't find host 3.centos.pool.ntp.org: Name or service not known (-2)
Dec 28 08:03:52 YGH_Linux ntpdate[976]: no servers can be used, exiting
Dec 28 08:04:22 YGH_Linux ntpdate[978]: Can't find host 0.centos.pool.ntp.org: Name or service not known (-2)
Dec 28 08:04:42 YGH_Linux ntpdate[978]: Can't find host 1.centos.pool.ntp.org: Name or service not known (-2)
Dec 28 08:05:02 YGH_Linux ntpdate[978]: Can't find host 2.centos.pool.ntp.org: Name or service not known (-2)
Dec 28 08:05:22 YGH_Linux ntpdate[978]: Can't find host 3.centos.pool.ntp.org: Name or service not known (-2)
Dec 28 08:05:22 YGH_Linux ntpdate[978]: no servers can be used, exiting
Dec 28 08:06:02 YGH_Linux ntpdate[1012]: Can't find host 0.centos.pool.ntp.org: Name or service not known (-2)
Dec 28 08:06:23 YGH_Linux ntpdate[1012]: Can't find host 1.centos.pool.ntp.org: Name or service not known (-2)
Dec 28 08:06:43 YGH_Linux ntpdate[1012]: Can't find host 2.centos.pool.ntp.org: Name or service not known (-2)
Dec 28 08:07:03 YGH_Linux ntpdate[1012]: Can't find host 3.centos.pool.ntp.org: Name or service not known (-2)
Dec 28 08:07:03 YGH_Linux ntpdate[1012]: no servers can be used, exiting
Dec 28 08:15:52 YGH_Linux dhclient[889]: DHCPREQUEST on eth0 to 192.168.98.254 port 67 (xid=0xf10351d)
Dec 28 08:15:52 YGH_Linux dhclient[889]: DHCPACK from 192.168.98.254 (xid=0xf10351d)
Dec 28 08:15:54 YGH_Linux dhclient[889]: bound to 192.168.98.131 -- renewal in 838 seconds.
Dec 28 08:29:52 YGH_Linux dhclient[889]: DHCPREQUEST on eth0 to 192.168.98.254 port 67 (xid=0xf10351d)
Dec 28 08:29:52 YGH_Linux dhclient[889]: DHCPACK from 192.168.98.254 (xid=0xf10351d)
Dec 28 08:29:54 YGH_Linux dhclient[889]: bound to 192.168.98.131 -- renewal in 819 seconds.
Dec 28 08:32:34 YGH_Linux kernel: imklog 5.8.10, log source = /proc/kmsg started.
Dec 28 08:32:34 YGH_Linux rsyslogd: [origin software="rsyslogd" swVersion="5.8.10" x-pid="954" x-info="http://www.rsyslog.com"] start
Dec 28 08:32:34 YGH_Linux kernel: Initializing cgroup subsys cpuset
Dec 28 08:32:34 YGH_Linux kernel: Initializing cgroup subsys cpu
Dec 28 08:32:34 YGH_Linux kernel: Linux version 2.6.32-431.el6.x86_64 (mockbuild@c6b8.bsys.dev.centos.org) (gcc version 4.4.7 20120313 (Red Hat 4.4.7-4) (GCC) ) #1 SMP Fri Nov 22 03:15:09 UTC 2013
Dec 28 08:32:34 YGH_Linux kernel: Command line: ro root=UUID=32e06aa9-a0f2-4b1b-9607-19dccee2af47 rd_NO_LUKS rd_NO_LVM LANG=en_US.UTF-8 rd_NO_MD SYSFONT=latarcyrheb-sun16 crashkernel=auto  KEYBOARDTYPE=pc KEYTABLE=us rd_NO_DM rhgb quiet
Dec 28 08:32:34 YGH_Linux kernel: KERNEL supported cpus:
Dec 28 08:32:34 YGH_Linux kernel:  Intel GenuineIntel
Dec 28 08:32:34 YGH_Linux kernel:  AMD AuthenticAMD
Dec 28 08:32:34 YGH_Linux kernel:  Centaur CentaurHauls
Dec 28 08:32:34 YGH_Linux kernel: Disabled fast string operations
Dec 28 08:32:34 YGH_Linux kernel: BIOS-provided physical RAM map:
Dec 28 08:32:34 YGH_Linux kernel: BIOS-e820: 0000000000000000 - 000000000009f000 (usable)
Dec 28 08:32:34 YGH_Linux kernel: BIOS-e820: 000000000009f000 - 00000000000a0000 (reserved)
Dec 28 08:32:34 YGH_Linux kernel: BIOS-e820: 00000000000ca000 - 00000000000cc000 (reserved)
Dec 28 08:32:34 YGH_Linux kernel: BIOS-e820: 00000000000dc000 - 0000000000100000 (reserved)
Dec 28 08:32:34 YGH_Linux kernel: BIOS-e820: 0000000000100000 - 000000007fee0000 (usable)
Dec 28 08:32:34 YGH_Linux kernel: BIOS-e820: 000000007fee0000 - 000000007feff000 (ACPI data)
Dec 28 08:32:34 YGH_Linux kernel: BIOS-e820: 000000007feff000 - 000000007ff00000 (ACPI NVS)
Dec 28 08:32:34 YGH_Linux kernel: BIOS-e820: 000000007ff00000 - 0000000080000000 (usable)
Dec 28 08:32:34 YGH_Linux kernel: BIOS-e820: 00000000f0000000 - 00000000f8000000 (reserved)
Dec 28 08:32:34 YGH_Linux kernel: BIOS-e820: 00000000fec00000 - 00000000fec10000 (reserved)
Dec 28 08:32:34 YGH_Linux kernel: BIOS-e820: 00000000fee00000 - 00000000fee01000 (reserved)
Dec 28 08:32:34 YGH_Linux kernel: BIOS-e820: 00000000fffe0000 - 0000000100000000 (reserved)
Dec 28 08:32:34 YGH_Linux kernel: DMI present.
Dec 28 08:32:34 YGH_Linux kernel: SMBIOS version 2.4 @ 0xF6B30
Dec 28 08:32:34 YGH_Linux kernel: Phoenix BIOS detected: BIOS may corrupt low RAM, working around it.
Dec 28 08:32:34 YGH_Linux kernel: Hypervisor detected: VMware
Dec 28 08:32:34 YGH_Linux kernel: last_pfn = 0x80000 max_arch_pfn = 0x400000000
Dec 28 08:32:34 YGH_Linux kernel: x86 PAT enabled: cpu 0, old 0x0, new 0x7010600070106
Dec 28 08:32:34 YGH_Linux kernel: Using GB pages for direct mapping
Dec 28 08:32:34 YGH_Linux kernel: init_memory_mapping: 0000000000000000-0000000080000000
Dec 28 08:32:34 YGH_Linux kernel: RAMDISK: 36f95000 - 37fef34d
Dec 28 08:32:34 YGH_Linux kernel: ACPI: RSDP 00000000000f6b80 00024 (v02 PTLTD )
Dec 28 08:32:34 YGH_Linux kernel: ACPI: XSDT 000000007feeda33 0005C (v01 INTEL  440BX    06040000 VMW  01324272)
Dec 28 08:32:34 YGH_Linux kernel: ACPI: FACP 000000007fefee73 000F4 (v04 INTEL  440BX    06040000 PTL  000F4240)
Dec 28 08:32:34 YGH_Linux kernel: ACPI: DSDT 000000007feee8eb 10588 (v01 PTLTD  Custom   06040000 MSFT 03000001)
Dec 28 08:32:34 YGH_Linux kernel: ACPI: FACS 000000007fefffc0 00040
Dec 28 08:32:34 YGH_Linux kernel: ACPI: BOOT 000000007feee8c3 00028 (v01 PTLTD  $SBFTBL$ 06040000  LTP 00000001)
Dec 28 08:32:34 YGH_Linux kernel: ACPI: APIC 000000007feee501 003C2 (v01 PTLTD  ? APIC   06040000  LTP 00000000)
Dec 28 08:32:34 YGH_Linux kernel: ACPI: MCFG 000000007feee4c5 0003C (v01 PTLTD  $PCITBL$ 06040000  LTP 00000001)
Dec 28 08:32:34 YGH_Linux kernel: ACPI: SRAT 000000007feedb2f 004D0 (v02 VMWARE MEMPLUG  06040000 VMW  00000001)
Dec 28 08:32:34 YGH_Linux kernel: ACPI: HPET 000000007feedaf7 00038 (v01 VMWARE VMW HPET 06040000 VMW  00000001)
Dec 28 08:32:34 YGH_Linux kernel: ACPI: WAET 000000007feedacf 00028 (v01 VMWARE VMW WAET 06040000 VMW  00000001)
Dec 28 08:32:34 YGH_Linux kernel: Setting APIC routing to physical flat.
Dec 28 08:32:34 YGH_Linux kernel: SRAT: PXM 0 -> APIC 0 -> Node 0
Dec 28 08:32:34 YGH_Linux kernel: SRAT: PXM 0 -> APIC 2 -> Node 0
Dec 28 08:32:34 YGH_Linux kernel: SRAT: PXM 0 -> APIC 4 -> Node 0
Dec 28 08:32:34 YGH_Linux kernel: SRAT: PXM 0 -> APIC 6 -> Node 0
Dec 28 08:32:34 YGH_Linux kernel: SRAT: PXM 0 -> APIC 8 -> Node 0
